Archive member included to satisfy reference by file (symbol)

/home/achim/Ac6/SystemWorkbench/plugins/fr.ac6.mcu.externaltools.arm-none.linux64_1.17.0.201812190825/tools/compiler/bin/../lib/gcc/arm-none-eabi/7.3.1/thumb/v6-m/libgcc.a(_udivsi3.o)
                              Drivers/STM32L0xx_HAL_Driver/Src/stm32l0xx_hal.o (__aeabi_uidiv)
/home/achim/Ac6/SystemWorkbench/plugins/fr.ac6.mcu.externaltools.arm-none.linux64_1.17.0.201812190825/tools/compiler/bin/../lib/gcc/arm-none-eabi/7.3.1/thumb/v6-m/libgcc.a(_divsi3.o)
                              Src/main.o (__aeabi_idiv)
/home/achim/Ac6/SystemWorkbench/plugins/fr.ac6.mcu.externaltools.arm-none.linux64_1.17.0.201812190825/tools/compiler/bin/../lib/gcc/arm-none-eabi/7.3.1/thumb/v6-m/libgcc.a(_dvmd_tls.o)
                              /home/achim/Ac6/SystemWorkbench/plugins/fr.ac6.mcu.externaltools.arm-none.linux64_1.17.0.201812190825/tools/compiler/bin/../lib/gcc/arm-none-eabi/7.3.1/thumb/v6-m/libgcc.a(_udivsi3.o) (__aeabi_idiv0)
/home/achim/Ac6/SystemWorkbench/plugins/fr.ac6.mcu.externaltools.arm-none.linux64_1.17.0.201812190825/tools/compiler/bin/../lib/gcc/arm-none-eabi/7.3.1/thumb/v6-m/libgcc.a(_arm_cmpsf2.o)
                              Src/main.o (__aeabi_fcmple)
/home/achim/Ac6/SystemWorkbench/plugins/fr.ac6.mcu.externaltools.arm-none.linux64_1.17.0.201812190825/tools/compiler/bin/../lib/gcc/arm-none-eabi/7.3.1/thumb/v6-m/libgcc.a(_aeabi_uldivmod.o)
                              Drivers/STM32L0xx_HAL_Driver/Src/stm32l0xx_hal_uart.o (__aeabi_uldivmod)
/home/achim/Ac6/SystemWorkbench/plugins/fr.ac6.mcu.externaltools.arm-none.linux64_1.17.0.201812190825/tools/compiler/bin/../lib/gcc/arm-none-eabi/7.3.1/thumb/v6-m/libgcc.a(_fixunssfsi.o)
                              Src/main.o (__aeabi_f2uiz)
/home/achim/Ac6/SystemWorkbench/plugins/fr.ac6.mcu.externaltools.arm-none.linux64_1.17.0.201812190825/tools/compiler/bin/../lib/gcc/arm-none-eabi/7.3.1/thumb/v6-m/libgcc.a(_udivmoddi4.o)
                              /home/achim/Ac6/SystemWorkbench/plugins/fr.ac6.mcu.externaltools.arm-none.linux64_1.17.0.201812190825/tools/compiler/bin/../lib/gcc/arm-none-eabi/7.3.1/thumb/v6-m/libgcc.a(_aeabi_uldivmod.o) (__udivmoddi4)
/home/achim/Ac6/SystemWorkbench/plugins/fr.ac6.mcu.externaltools.arm-none.linux64_1.17.0.201812190825/tools/compiler/bin/../lib/gcc/arm-none-eabi/7.3.1/thumb/v6-m/libgcc.a(eqsf2.o)
                              /home/achim/Ac6/SystemWorkbench/plugins/fr.ac6.mcu.externaltools.arm-none.linux64_1.17.0.201812190825/tools/compiler/bin/../lib/gcc/arm-none-eabi/7.3.1/thumb/v6-m/libgcc.a(_arm_cmpsf2.o) (__eqsf2)
/home/achim/Ac6/SystemWorkbench/plugins/fr.ac6.mcu.externaltools.arm-none.linux64_1.17.0.201812190825/tools/compiler/bin/../lib/gcc/arm-none-eabi/7.3.1/thumb/v6-m/libgcc.a(gesf2.o)
                              /home/achim/Ac6/SystemWorkbench/plugins/fr.ac6.mcu.externaltools.arm-none.linux64_1.17.0.201812190825/tools/compiler/bin/../lib/gcc/arm-none-eabi/7.3.1/thumb/v6-m/libgcc.a(_arm_cmpsf2.o) (__gesf2)
/home/achim/Ac6/SystemWorkbench/plugins/fr.ac6.mcu.externaltools.arm-none.linux64_1.17.0.201812190825/tools/compiler/bin/../lib/gcc/arm-none-eabi/7.3.1/thumb/v6-m/libgcc.a(lesf2.o)
                              /home/achim/Ac6/SystemWorkbench/plugins/fr.ac6.mcu.externaltools.arm-none.linux64_1.17.0.201812190825/tools/compiler/bin/../lib/gcc/arm-none-eabi/7.3.1/thumb/v6-m/libgcc.a(_arm_cmpsf2.o) (__lesf2)
/home/achim/Ac6/SystemWorkbench/plugins/fr.ac6.mcu.externaltools.arm-none.linux64_1.17.0.201812190825/tools/compiler/bin/../lib/gcc/arm-none-eabi/7.3.1/thumb/v6-m/libgcc.a(subsf3.o)
                              Src/main.o (__aeabi_fsub)
/home/achim/Ac6/SystemWorkbench/plugins/fr.ac6.mcu.externaltools.arm-none.linux64_1.17.0.201812190825/tools/compiler/bin/../lib/gcc/arm-none-eabi/7.3.1/thumb/v6-m/libgcc.a(fixsfsi.o)
                              /home/achim/Ac6/SystemWorkbench/plugins/fr.ac6.mcu.externaltools.arm-none.linux64_1.17.0.201812190825/tools/compiler/bin/../lib/gcc/arm-none-eabi/7.3.1/thumb/v6-m/libgcc.a(_fixunssfsi.o) (__aeabi_f2iz)
/home/achim/Ac6/SystemWorkbench/plugins/fr.ac6.mcu.externaltools.arm-none.linux64_1.17.0.201812190825/tools/compiler/bin/../lib/gcc/arm-none-eabi/7.3.1/thumb/v6-m/libgcc.a(floatunsisf.o)
                              Src/main.o (__aeabi_ui2f)
/home/achim/Ac6/SystemWorkbench/plugins/fr.ac6.mcu.externaltools.arm-none.linux64_1.17.0.201812190825/tools/compiler/bin/../lib/gcc/arm-none-eabi/7.3.1/thumb/v6-m/libgcc.a(_clzsi2.o)
                              /home/achim/Ac6/SystemWorkbench/plugins/fr.ac6.mcu.externaltools.arm-none.linux64_1.17.0.201812190825/tools/compiler/bin/../lib/gcc/arm-none-eabi/7.3.1/thumb/v6-m/libgcc.a(subsf3.o) (__clzsi2)
/home/achim/Ac6/SystemWorkbench/plugins/fr.ac6.mcu.externaltools.arm-none.linux64_1.17.0.201812190825/tools/compiler/bin/../lib/gcc/arm-none-eabi/7.3.1/thumb/v6-m/libgcc.a(_clzdi2.o)
[...]
Memory Configuration

Name             Origin             Length             Attributes
RAM              0x0000000020000000 0x0000000000002000 xrw
FLASH            0x0000000008000000 0x0000000000008000 xr
*default*        0x0000000000000000 0xffffffffffffffff

Linker script and memory map

LOAD /home/achim/Ac6/SystemWorkbench/plugins/fr.ac6.mcu.externaltools.arm-none.linux64_1.17.0.201812190825/tools/compiler/bin/../lib/gcc/arm-none-eabi/7.3.1/thumb/v6-m/crti.o
LOAD /home/achim/Ac6/SystemWorkbench/plugins/fr.ac6.mcu.externaltools.arm-none.linux64_1.17.0.201812190825/tools/compiler/bin/../lib/gcc/arm-none-eabi/7.3.1/thumb/v6-m/crtbegin.o
LOAD /home/achim/Ac6/SystemWorkbench/plugins/fr.ac6.mcu.externaltools.arm-none.linux64_1.17.0.201812190825/tools/compiler/bin/../lib/gcc/arm-none-eabi/7.3.1/../../../../arm-none-eabi/lib/thumb/v6-m/crt0.o
LOAD Drivers/STM32L0xx_HAL_Driver/Src/stm32l0xx_hal.o
LOAD Drivers/STM32L0xx_HAL_Driver/Src/stm32l0xx_hal_adc.o
LOAD Drivers/STM32L0xx_HAL_Driver/Src/stm32l0xx_hal_adc_ex.o
LOAD Drivers/STM32L0xx_HAL_Driver/Src/stm32l0xx_hal_cortex.o
LOAD Drivers/STM32L0xx_HAL_Driver/Src/stm32l0xx_hal_dma.o
LOAD Drivers/STM32L0xx_HAL_Driver/Src/stm32l0xx_hal_flash.o
LOAD Drivers/STM32L0xx_HAL_Driver/Src/stm32l0xx_hal_flash_ex.o
LOAD Drivers/STM32L0xx_HAL_Driver/Src/stm32l0xx_hal_flash_ramfunc.o
LOAD Drivers/STM32L0xx_HAL_Driver/Src/stm32l0xx_hal_gpio.o
LOAD Drivers/STM32L0xx_HAL_Driver/Src/stm32l0xx_hal_i2c.o
LOAD Drivers/STM32L0xx_HAL_Driver/Src/stm32l0xx_hal_i2c_ex.o
LOAD Drivers/STM32L0xx_HAL_Driver/Src/stm32l0xx_hal_iwdg.o
LOAD Drivers/STM32L0xx_HAL_Driver/Src/stm32l0xx_hal_lptim.o
LOAD Drivers/STM32L0xx_HAL_Driver/Src/stm32l0xx_hal_pwr.o
LOAD Drivers/STM32L0xx_HAL_Driver/Src/stm32l0xx_hal_pwr_ex.o
LOAD Drivers/STM32L0xx_HAL_Driver/Src/stm32l0xx_hal_rcc.o
LOAD Drivers/STM32L0xx_HAL_Driver/Src/stm32l0xx_hal_rcc_ex.o
LOAD Drivers/STM32L0xx_HAL_Driver/Src/stm32l0xx_hal_rtc.o
LOAD Drivers/STM32L0xx_HAL_Driver/Src/stm32l0xx_hal_rtc_ex.o
LOAD Drivers/STM32L0xx_HAL_Driver/Src/stm32l0xx_hal_tim.o
LOAD Drivers/STM32L0xx_HAL_Driver/Src/stm32l0xx_hal_tim_ex.o
LOAD Drivers/STM32L0xx_HAL_Driver/Src/stm32l0xx_hal_uart.o
LOAD Drivers/STM32L0xx_HAL_Driver/Src/stm32l0xx_hal_uart_ex.o
LOAD Src/Fsm.o
LOAD Src/fsm_timer.o
LOAD Src/main.o
LOAD Src/stm32l0xx_hal_msp.o
LOAD Src/stm32l0xx_it.o
LOAD Src/system_stm32l0xx.o
LOAD startup/startup_stm32l031xx.o
LOAD /home/achim/Ac6/SystemWorkbench/plugins/fr.ac6.mcu.externaltools.arm-none.linux64_1.17.0.201812190825/tools/compiler/bin/../lib/gcc/arm-none-eabi/7.3.1/../../../../arm-none-eabi/lib/thumb/v6-m/libm.a
START GROUP
LOAD /home/achim/Ac6/SystemWorkbench/plugins/fr.ac6.mcu.externaltools.arm-none.linux64_1.17.0.201812190825/tools/compiler/bin/../lib/gcc/arm-none-eabi/7.3.1/thumb/v6-m/libgcc.a
LOAD /home/achim/Ac6/SystemWorkbench/plugins/fr.ac6.mcu.externaltools.arm-none.linux64_1.17.0.201812190825/tools/compiler/bin/../lib/gcc/arm-none-eabi/7.3.1/../../../../arm-none-eabi/lib/thumb/v6-m/libc_nano.a
END GROUP
START GROUP
LOAD /home/achim/Ac6/SystemWorkbench/plugins/fr.ac6.mcu.externaltools.arm-none.linux64_1.17.0.201812190825/tools/compiler/bin/../lib/gcc/arm-none-eabi/7.3.1/thumb/v6-m/libgcc.a
LOAD /home/achim/Ac6/SystemWorkbench/plugins/fr.ac6.mcu.externaltools.arm-none.linux64_1.17.0.201812190825/tools/compiler/bin/../lib/gcc/arm-none-eabi/7.3.1/../../../../arm-none-eabi/lib/thumb/v6-m/libc_nano.a
LOAD /home/achim/Ac6/SystemWorkbench/plugins/fr.ac6.mcu.externaltools.arm-none.linux64_1.17.0.201812190825/tools/compiler/bin/../lib/gcc/arm-none-eabi/7.3.1/../../../../arm-none-eabi/lib/thumb/v6-m/libnosys.a
END GROUP
START GROUP
LOAD /home/achim/Ac6/SystemWorkbench/plugins/fr.ac6.mcu.externaltools.arm-none.linux64_1.17.0.201812190825/tools/compiler/bin/../lib/gcc/arm-none-eabi/7.3.1/thumb/v6-m/libgcc.a
LOAD /home/achim/Ac6/SystemWorkbench/plugins/fr.ac6.mcu.externaltools.arm-none.linux64_1.17.0.201812190825/tools/compiler/bin/../lib/gcc/arm-none-eabi/7.3.1/../../../../arm-none-eabi/lib/thumb/v6-m/libc_nano.a
LOAD /home/achim/Ac6/SystemWorkbench/plugins/fr.ac6.mcu.externaltools.arm-none.linux64_1.17.0.201812190825/tools/compiler/bin/../lib/gcc/arm-none-eabi/7.3.1/../../../../arm-none-eabi/lib/thumb/v6-m/libnosys.a
END GROUP
LOAD /home/achim/Ac6/SystemWorkbench/plugins/fr.ac6.mcu.externaltools.arm-none.linux64_1.17.0.201812190825/tools/compiler/bin/../lib/gcc/arm-none-eabi/7.3.1/thumb/v6-m/crtend.o
LOAD /home/achim/Ac6/SystemWorkbench/plugins/fr.ac6.mcu.externaltools.arm-none.linux64_1.17.0.201812190825/tools/compiler/bin/../lib/gcc/arm-none-eabi/7.3.1/thumb/v6-m/crtn.o
                0x0000000020002000                _estack = 0x20002000
                0x0000000000000200                _Min_Heap_Size = 0x200
                0x0000000000000400                _Min_Stack_Size = 0x400

.isr_vector     0x0000000008000000       0xc0
                0x0000000008000000                . = ALIGN (0x4)
 *(.isr_vector)
 .isr_vector    0x0000000008000000       0xc0 startup/startup_stm32l031xx.o
                0x0000000008000000                g_pfnVectors
                0x00000000080000c0                . = ALIGN (0x4)

.text           0x00000000080000c0     0x53d8
                0x00000000080000c0                . = ALIGN (0x4)
 *(.text)
 .text          0x00000000080000c0       0x48 /home/achim/Ac6/SystemWorkbench/plugins/fr.ac6.mcu.externaltools.arm-none.linux64_1.17.0.201812190825/tools/compiler/bin/../lib/gcc/arm-none-eabi/7.3.1/thumb/v6-m/crtbegin.o
 .text          0x0000000008000108      0x114 /home/achim/Ac6/SystemWorkbench/plugins/fr.ac6.mcu.externaltools.arm-none.linux64_1.17.0.201812190825/tools/compiler/bin/../lib/gcc/arm-none-eabi/7.3.1/thumb/v6-m/libgcc.a(_udivsi3.o)
                0x0000000008000108                __udivsi3
                0x0000000008000108                __aeabi_uidiv
                0x0000000008000214                __aeabi_uidivmod
 .text          0x000000000800021c        0x4 /home/achim/Ac6/SystemWorkbench/plugins/fr.ac6.mcu.externaltools.arm-none.linux64_1.17.0.201812190825/tools/compiler/bin/../lib/gcc/arm-none-eabi/7.3.1/thumb/v6-m/libgcc.a(_dvmd_tls.o)
                0x000000000800021c                __aeabi_ldiv0
                0x000000000800021c                __aeabi_idiv0
 .text          0x0000000008000220       0x74 /home/achim/Ac6/SystemWorkbench/plugins/fr.ac6.mcu.externaltools.arm-none.linux64_1.17.0.201812190825/tools/compiler/bin/../lib/gcc/arm-none-eabi/7.3.1/thumb/v6-m/libgcc.a(_arm_cmpsf2.o)
                0x0000000008000220                __aeabi_cfrcmple
                0x0000000008000228                __aeabi_cfcmple
                0x0000000008000228                __aeabi_cfcmpeq
                0x0000000008000238                __aeabi_fcmpeq
                0x0000000008000244                __aeabi_fcmplt
                0x0000000008000258                __aeabi_fcmple
                0x000000000800026c                __aeabi_fcmpgt
                0x0000000008000280                __aeabi_fcmpge
 .text          0x0000000008000294       0x40 /home/achim/Ac6/SystemWorkbench/plugins/fr.ac6.mcu.externaltools.arm-none.linux64_1.17.0.201812190825/tools/compiler/bin/../lib/gcc/arm-none-eabi/7.3.1/thumb/v6-m/libgcc.a(_aeabi_uldivmod.o)
                0x0000000008000294                __aeabi_uldivmod
 .text          0x00000000080002d4       0x30 /home/achim/Ac6/SystemWorkbench/plugins/fr.ac6.mcu.externaltools.arm-none.linux64_1.17.0.201812190825/tools/compiler/bin/../lib/gcc/arm-none-eabi/7.3.1/thumb/v6-m/libgcc.a(_fixunssfsi.o)
                0x00000000080002d4                __aeabi_f2uiz
                0x00000000080002d4                __fixunssfsi
 .text          0x0000000008000304      0x184 /home/achim/Ac6/SystemWorkbench/plugins/fr.ac6.mcu.externaltools.arm-none.linux64_1.17.0.201812190825/tools/compiler/bin/../lib/gcc/arm-none-eabi/7.3.1/thumb/v6-m/libgcc.a(_udivmoddi4.o)
                0x0000000008000304                __udivmoddi4
 .text          0x0000000008000488       0x50 /home/achim/Ac6/SystemWorkbench/plugins/fr.ac6.mcu.externaltools.arm-none.linux64_1.17.0.201812190825/tools/compiler/bin/../lib/gcc/arm-none-eabi/7.3.1/thumb/v6-m/libgcc.a(eqsf2.o)
                0x0000000008000488                __nesf2
                0x0000000008000488                __eqsf2
 .text          0x00000000080004d8       0x9c /home/achim/Ac6/SystemWorkbench/plugins/fr.ac6.mcu.externaltools.arm-none.linux64_1.17.0.201812190825/tools/compiler/bin/../lib/gcc/arm-none-eabi/7.3.1/thumb/v6-m/libgcc.a(gesf2.o)
                0x00000000080004d8                __gtsf2
                0x00000000080004d8                __gesf2
 .text          0x0000000008000574       0xa0 /home/achim/Ac6/SystemWorkbench/plugins/fr.ac6.mcu.externaltools.arm-none.linux64_1.17.0.201812190825/tools/compiler/bin/../lib/gcc/arm-none-eabi/7.3.1/thumb/v6-m/libgcc.a(lesf2.o)
                0x0000000008000574                __lesf2
                0x0000000008000574                __ltsf2
 .text          0x0000000008000614      0x388 /home/achim/Ac6/SystemWorkbench/plugins/fr.ac6.mcu.externaltools.arm-none.linux64_1.17.0.201812190825/tools/compiler/bin/../lib/gcc/arm-none-eabi/7.3.1/thumb/v6-m/libgcc.a(subsf3.o)
                0x0000000008000614                __aeabi_fsub
 .text          0x000000000800099c       0x40 /home/achim/Ac6/SystemWorkbench/plugins/fr.ac6.mcu.externaltools.arm-none.linux64_1.17.0.201812190825/tools/compiler/bin/../lib/gcc/arm-none-eabi/7.3.1/thumb/v6-m/libgcc.a(fixsfsi.o)
                0x000000000800099c                __aeabi_f2iz
 .text          0x00000000080009dc       0x80 /home/achim/Ac6/SystemWorkbench/plugins/fr.ac6.mcu.externaltools.arm-none.linux64_1.17.0.201812190825/tools/compiler/bin/../lib/gcc/arm-none-eabi/7.3.1/thumb/v6-m/libgcc.a(floatunsisf.o)
                0x00000000080009dc                __aeabi_ui2f
 .text          0x0000000008000a5c       0x3c /home/achim/Ac6/SystemWorkbench/plugins/fr.ac6.mcu.externaltools.arm-none.linux64_1.17.0.201812190825/tools/compiler/bin/../lib/gcc/arm-none-eabi/7.3.1/thumb/v6-m/libgcc.a(_clzsi2.o)
                0x0000000008000a5c                __clzsi2
 .text          0x0000000008000a98       0x18 /home/achim/Ac6/SystemWorkbench/plugins/fr.ac6.mcu.externaltools.arm-none.linux64_1.17.0.201812190825/tools/compiler/bin/../lib/gcc/arm-none-eabi/7.3.1/thumb/v6-m/libgcc.a(_clzdi2.o)
                0x0000000008000a98                __clzdi2
 *(.text*)
 .text.HAL_InitTick
                0x0000000008000ab0       0x28 Drivers/STM32L0xx_HAL_Driver/Src/stm32l0xx_hal.o
                0x0000000008000ab0                HAL_InitTick
 .text.HAL_Init
                0x0000000008000ad8       0x20 Drivers/STM32L0xx_HAL_Driver/Src/stm32l0xx_hal.o
                0x0000000008000ad8                HAL_Init
 .text.HAL_IncTick
                0x0000000008000af8       0x10 Drivers/STM32L0xx_HAL_Driver/Src/stm32l0xx_hal.o
                0x0000000008000af8                HAL_IncTick
 .text.HAL_GetTick
                0x0000000008000b08        0xc Drivers/STM32L0xx_HAL_Driver/Src/stm32l0xx_hal.o
                0x0000000008000b08                HAL_GetTick
 .text.HAL_Delay
                0x0000000008000b14       0x1c Drivers/STM32L0xx_HAL_Driver/Src/stm32l0xx_hal.o
                0x0000000008000b14                HAL_Delay
 .text.ADC_DelayMicroSecond
                0x0000000008000b30       0x30 Drivers/STM32L0xx_HAL_Driver/Src/stm32l0xx_hal_adc.o
 .text.ADC_ConversionStop
                0x0000000008000b60       0x54 Drivers/STM32L0xx_HAL_Driver/Src/stm32l0xx_hal_adc.o
 .text.ADC_Disable
                0x0000000008000bb4       0x7a Drivers/STM32L0xx_HAL_Driver/Src/stm32l0xx_hal_adc.o
 *fill*         0x0000000008000c2e        0x2 
 .text.ADC_Enable
                0x0000000008000c30       0x78 Drivers/STM32L0xx_HAL_Driver/Src/stm32l0xx_hal_adc.o
 .text.HAL_ADC_Init
                0x0000000008000ca8      0x1e0 Drivers/STM32L0xx_HAL_Driver/Src/stm32l0xx_hal_adc.o
                0x0000000008000ca8                HAL_ADC_Init
 .text.HAL_ADC_Start_DMA
                0x0000000008000e88       0xa8 Drivers/STM32L0xx_HAL_Driver/Src/stm32l0xx_hal_adc.o
                0x0000000008000e88                HAL_ADC_Start_DMA
 .text.HAL_ADC_Stop_DMA
                0x0000000008000f30       0x7c Drivers/STM32L0xx_HAL_Driver/Src/stm32l0xx_hal_adc.o
                0x0000000008000f30                HAL_ADC_Stop_DMA
 .text.HAL_ADC_ConvCpltCallback
                0x0000000008000fac        0x2 Drivers/STM32L0xx_HAL_Driver/Src/stm32l0xx_hal_adc.o
                0x0000000008000fac                HAL_ADC_ConvCpltCallback
 *fill*         0x0000000008000fae        0x2 
 .text.ADC_DMAConvCplt
                0x0000000008000fb0       0x70 Drivers/STM32L0xx_HAL_Driver/Src/stm32l0xx_hal_adc.o
 .text.HAL_ADC_ConvHalfCpltCallback
                0x0000000008001020        0x2 Drivers/STM32L0xx_HAL_Driver/Src/stm32l0xx_hal_adc.o
                0x0000000008001020                HAL_ADC_ConvHalfCpltCallback
 .text.ADC_DMAHalfConvCplt
                0x0000000008001022        0xa Drivers/STM32L0xx_HAL_Driver/Src/stm32l0xx_hal_adc.o
 .text.HAL_ADC_ErrorCallback
                0x000000000800102c        0x2 Drivers/STM32L0xx_HAL_Driver/Src/stm32l0xx_hal_adc.o
                0x000000000800102c                HAL_ADC_ErrorCallback
 .text.ADC_DMAError
                0x000000000800102e       0x1a Drivers/STM32L0xx_HAL_Driver/Src/stm32l0xx_hal_adc.o
 .text.HAL_ADC_ConfigChannel
                0x0000000008001048       0xbc Drivers/STM32L0xx_HAL_Driver/Src/stm32l0xx_hal_adc.o
                0x0000000008001048                HAL_ADC_ConfigChannel
 .text.HAL_NVIC_SetPriority
                0x0000000008001104       0x60 Drivers/STM32L0xx_HAL_Driver/Src/stm32l0xx_hal_cortex.o
                0x0000000008001104                HAL_NVIC_SetPriority
 .text.HAL_NVIC_EnableIRQ
                0x0000000008001164       0x14 Drivers/STM32L0xx_HAL_Driver/Src/stm32l0xx_hal_cortex.o
                0x0000000008001164                HAL_NVIC_EnableIRQ
 .text.HAL_SYSTICK_Config
                0x0000000008001178       0x38 Drivers/STM32L0xx_HAL_Driver/Src/stm32l0xx_hal_cortex.o
                0x0000000008001178                HAL_SYSTICK_Config
 .text.HAL_SYSTICK_CLKSourceConfig
                0x00000000080011b0       0x20 Drivers/STM32L0xx_HAL_Driver/Src/stm32l0xx_hal_cortex.o
                0x00000000080011b0                HAL_SYSTICK_CLKSourceConfig
 .text.HAL_SYSTICK_Callback
                0x00000000080011d0        0x2 Drivers/STM32L0xx_HAL_Driver/Src/stm32l0xx_hal_cortex.o
                0x00000000080011d0                HAL_SYSTICK_Callback
 .text.HAL_SYSTICK_IRQHandler
                0x00000000080011d2        0x8 Drivers/STM32L0xx_HAL_Driver/Src/stm32l0xx_hal_cortex.o
                0x00000000080011d2                HAL_SYSTICK_IRQHandler
 .text.DMA_SetConfig
                0x00000000080011da       0x20 Drivers/STM32L0xx_HAL_Driver/Src/stm32l0xx_hal_dma.o
 *fill*         0x00000000080011fa        0x2 
 .text.HAL_DMA_Init
                0x00000000080011fc      0x14c Drivers/STM32L0xx_HAL_Driver/Src/stm32l0xx_hal_dma.o
                0x00000000080011fc                HAL_DMA_Init
 .text.HAL_DMA_Start_IT
                0x0000000008001348       0x52 Drivers/STM32L0xx_HAL_Driver/Src/stm32l0xx_hal_dma.o
                0x0000000008001348                HAL_DMA_Start_IT
 .text.HAL_DMA_Abort
                0x000000000800139a       0x52 Drivers/STM32L0xx_HAL_Driver/Src/stm32l0xx_hal_dma.o
                0x000000000800139a                HAL_DMA_Abort
 .text.HAL_DMA_IRQHandler
                0x00000000080013ec      0x280 Drivers/STM32L0xx_HAL_Driver/Src/stm32l0xx_hal_dma.o
                0x00000000080013ec                HAL_DMA_IRQHandler
 .text.HAL_GPIO_Init
                0x000000000800166c      0x180 Drivers/STM32L0xx_HAL_Driver/Src/stm32l0xx_hal_gpio.o
                0x000000000800166c                HAL_GPIO_Init
 .text.HAL_GPIO_ReadPin
                0x00000000080017ec        0xe Drivers/STM32L0xx_HAL_Driver/Src/stm32l0xx_hal_gpio.o
                0x00000000080017ec                HAL_GPIO_ReadPin
 .text.HAL_GPIO_WritePin
                0x00000000080017fa        0xc Drivers/STM32L0xx_HAL_Driver/Src/stm32l0xx_hal_gpio.o
                0x00000000080017fa                HAL_GPIO_WritePin
 *fill*         0x0000000008001806        0x2 
 .text.HAL_IWDG_Init
                0x0000000008001808       0x60 Drivers/STM32L0xx_HAL_Driver/Src/stm32l0xx_hal_iwdg.o
                0x0000000008001808                HAL_IWDG_Init
 .text.HAL_LPTIM_Init
                0x0000000008001868       0x8c Drivers/STM32L0xx_HAL_Driver/Src/stm32l0xx_hal_lptim.o
                0x0000000008001868                HAL_LPTIM_Init
 .text.HAL_LPTIM_CompareMatchCallback
                0x00000000080018f4        0x2 Drivers/STM32L0xx_HAL_Driver/Src/stm32l0xx_hal_lptim.o
                0x00000000080018f4                HAL_LPTIM_CompareMatchCallback
 .text.HAL_LPTIM_AutoReloadMatchCallback
                0x00000000080018f6        0x2 Drivers/STM32L0xx_HAL_Driver/Src/stm32l0xx_hal_lptim.o
                0x00000000080018f6                HAL_LPTIM_AutoReloadMatchCallback
 .text.HAL_LPTIM_TriggerCallback
                0x00000000080018f8        0x2 Drivers/STM32L0xx_HAL_Driver/Src/stm32l0xx_hal_lptim.o
                0x00000000080018f8                HAL_LPTIM_TriggerCallback
 .text.HAL_LPTIM_CompareWriteCallback
                0x00000000080018fa        0x2 Drivers/STM32L0xx_HAL_Driver/Src/stm32l0xx_hal_lptim.o
                0x00000000080018fa                HAL_LPTIM_CompareWriteCallback
 .text.HAL_LPTIM_AutoReloadWriteCallback
                0x00000000080018fc        0x2 Drivers/STM32L0xx_HAL_Driver/Src/stm32l0xx_hal_lptim.o
                0x00000000080018fc                HAL_LPTIM_AutoReloadWriteCallback
 .text.HAL_LPTIM_DirectionUpCallback
                0x00000000080018fe        0x2 Drivers/STM32L0xx_HAL_Driver/Src/stm32l0xx_hal_lptim.o
                0x00000000080018fe                HAL_LPTIM_DirectionUpCallback
 .text.HAL_LPTIM_DirectionDownCallback
                0x0000000008001900        0x2 Drivers/STM32L0xx_HAL_Driver/Src/stm32l0xx_hal_lptim.o
                0x0000000008001900                HAL_LPTIM_DirectionDownCallback
 *fill*         0x0000000008001902        0x2 
 .text.HAL_LPTIM_IRQHandler
                0x0000000008001904       0xc8 Drivers/STM32L0xx_HAL_Driver/Src/stm32l0xx_hal_lptim.o
                0x0000000008001904                HAL_LPTIM_IRQHandler
 .text.HAL_PWR_ConfigPVD
                0x00000000080019cc       0x80 Drivers/STM32L0xx_HAL_Driver/Src/stm32l0xx_hal_pwr.o
                0x00000000080019cc                HAL_PWR_ConfigPVD
 .text.HAL_PWR_EnablePVD
                0x0000000008001a4c       0x10 Drivers/STM32L0xx_HAL_Driver/Src/stm32l0xx_hal_pwr.o
                0x0000000008001a4c                HAL_PWR_EnablePVD
 .text.HAL_PWR_EnterSTANDBYMode
                0x0000000008001a5c       0x20 Drivers/STM32L0xx_HAL_Driver/Src/stm32l0xx_hal_pwr.o
                0x0000000008001a5c                HAL_PWR_EnterSTANDBYMode
 .text.RCC_SetFlashLatencyFromMSIRange
                0x0000000008001a7c       0x80 Drivers/STM32L0xx_HAL_Driver/Src/stm32l0xx_hal_rcc.o
 .text.HAL_RCC_OscConfig
                0x0000000008001afc      0x504 Drivers/STM32L0xx_HAL_Driver/Src/stm32l0xx_hal_rcc.o
                0x0000000008001afc                HAL_RCC_OscConfig
 .text.HAL_RCC_GetSysClockFreq
                0x0000000008002000       0xb0 Drivers/STM32L0xx_HAL_Driver/Src/stm32l0xx_hal_rcc.o
                0x0000000008002000                HAL_RCC_GetSysClockFreq
 .text.HAL_RCC_ClockConfig
                0x00000000080020b0      0x1a0 Drivers/STM32L0xx_HAL_Driver/Src/stm32l0xx_hal_rcc.o
                0x00000000080020b0                HAL_RCC_ClockConfig
 .text.HAL_RCC_GetHCLKFreq
                0x0000000008002250        0xc Drivers/STM32L0xx_HAL_Driver/Src/stm32l0xx_hal_rcc.o
                0x0000000008002250                HAL_RCC_GetHCLKFreq
 .text.HAL_RCC_GetPCLK1Freq
                0x000000000800225c       0x20 Drivers/STM32L0xx_HAL_Driver/Src/stm32l0xx_hal_rcc.o
                0x000000000800225c                HAL_RCC_GetPCLK1Freq
 .text.HAL_RCC_GetPCLK2Freq
                0x000000000800227c       0x20 Drivers/STM32L0xx_HAL_Driver/Src/stm32l0xx_hal_rcc.o
                0x000000000800227c                HAL_RCC_GetPCLK2Freq
 .text.HAL_RCCEx_PeriphCLKConfig
                0x000000000800229c      0x1a0 Drivers/STM32L0xx_HAL_Driver/Src/stm32l0xx_hal_rcc_ex.o
                0x000000000800229c                HAL_RCCEx_PeriphCLKConfig
 .text.HAL_RCCEx_GetPeriphCLKFreq
                0x000000000800243c      0x184 Drivers/STM32L0xx_HAL_Driver/Src/stm32l0xx_hal_rcc_ex.o
                0x000000000800243c                HAL_RCCEx_GetPeriphCLKFreq
 .text.HAL_RTC_WaitForSynchro
                0x00000000080025c0       0x32 Drivers/STM32L0xx_HAL_Driver/Src/stm32l0xx_hal_rtc.o
                0x00000000080025c0                HAL_RTC_WaitForSynchro
 .text.RTC_EnterInitMode
                0x00000000080025f2       0x3a Drivers/STM32L0xx_HAL_Driver/Src/stm32l0xx_hal_rtc.o
                0x00000000080025f2                RTC_EnterInitMode
 .text.HAL_RTC_Init
                0x000000000800262c       0xac Drivers/STM32L0xx_HAL_Driver/Src/stm32l0xx_hal_rtc.o
                0x000000000800262c                HAL_RTC_Init
 .text.RTC_ByteToBcd2
                0x00000000080026d8       0x16 Drivers/STM32L0xx_HAL_Driver/Src/stm32l0xx_hal_rtc.o
                0x00000000080026d8                RTC_ByteToBcd2
 *fill*         0x00000000080026ee        0x2 
 .text.HAL_RTC_SetTime
                0x00000000080026f0      0x110 Drivers/STM32L0xx_HAL_Driver/Src/stm32l0xx_hal_rtc.o
                0x00000000080026f0                HAL_RTC_SetTime
 .text.HAL_RTC_SetDate
                0x0000000008002800       0xec Drivers/STM32L0xx_HAL_Driver/Src/stm32l0xx_hal_rtc.o
                0x0000000008002800                HAL_RTC_SetDate
 .text.HAL_RTCEx_SetWakeUpTimer_IT
                0x00000000080028ec      0x114 Drivers/STM32L0xx_HAL_Driver/Src/stm32l0xx_hal_rtc_ex.o
                0x00000000080028ec                HAL_RTCEx_SetWakeUpTimer_IT
 .text.HAL_RTCEx_DeactivateWakeUpTimer
                0x0000000008002a00       0x8c Drivers/STM32L0xx_HAL_Driver/Src/stm32l0xx_hal_rtc_ex.o
                0x0000000008002a00                HAL_RTCEx_DeactivateWakeUpTimer
 .text.TIM_Base_SetConfig
                0x0000000008002a8c       0x58 Drivers/STM32L0xx_HAL_Driver/Src/stm32l0xx_hal_tim.o
 .text.TIM_OC1_SetConfig
                0x0000000008002ae4       0x2c Drivers/STM32L0xx_HAL_Driver/Src/stm32l0xx_hal_tim.o
 .text.TIM_OC2_SetConfig
                0x0000000008002b10       0x38 Drivers/STM32L0xx_HAL_Driver/Src/stm32l0xx_hal_tim.o
 .text.TIM_OC3_SetConfig
                0x0000000008002b48       0x38 Drivers/STM32L0xx_HAL_Driver/Src/stm32l0xx_hal_tim.o
 .text.TIM_OC4_SetConfig
                0x0000000008002b80       0x3c Drivers/STM32L0xx_HAL_Driver/Src/stm32l0xx_hal_tim.o
 .text.TIM_TI1_ConfigInputStage
                0x0000000008002bbc       0x22 Drivers/STM32L0xx_HAL_Driver/Src/stm32l0xx_hal_tim.o
 *fill*         0x0000000008002bde        0x2 
 .text.TIM_TI2_ConfigInputStage
                0x0000000008002be0       0x28 Drivers/STM32L0xx_HAL_Driver/Src/stm32l0xx_hal_tim.o
 .text.TIM_ITRx_SetConfig
                0x0000000008002c08       0x10 Drivers/STM32L0xx_HAL_Driver/Src/stm32l0xx_hal_tim.o
 .text.TIM_ETR_SetConfig
                0x0000000008002c18       0x18 Drivers/STM32L0xx_HAL_Driver/Src/stm32l0xx_hal_tim.o
 .text.TIM_CCxChannelCmd
                0x0000000008002c30       0x16 Drivers/STM32L0xx_HAL_Driver/Src/stm32l0xx_hal_tim.o
 .text.HAL_TIM_Base_Init
                0x0000000008002c46       0x34 Drivers/STM32L0xx_HAL_Driver/Src/stm32l0xx_hal_tim.o
                0x0000000008002c46                HAL_TIM_Base_Init
 .text.HAL_TIM_Base_Start
                0x0000000008002c7a       0x18 Drivers/STM32L0xx_HAL_Driver/Src/stm32l0xx_hal_tim.o
                0x0000000008002c7a                HAL_TIM_Base_Start
 .text.HAL_TIM_Base_Start_IT
                0x0000000008002c92       0x16 Drivers/STM32L0xx_HAL_Driver/Src/stm32l0xx_hal_tim.o
                0x0000000008002c92                HAL_TIM_Base_Start_IT
 .text.HAL_TIM_Base_Stop_IT
                0x0000000008002ca8       0x24 Drivers/STM32L0xx_HAL_Driver/Src/stm32l0xx_hal_tim.o
                0x0000000008002ca8                HAL_TIM_Base_Stop_IT
 .text.HAL_TIM_PWM_MspInit
                0x0000000008002ccc        0x2 Drivers/STM32L0xx_HAL_Driver/Src/stm32l0xx_hal_tim.o
                0x0000000008002ccc                HAL_TIM_PWM_MspInit
 .text.HAL_TIM_PWM_Init
                0x0000000008002cce       0x34 Drivers/STM32L0xx_HAL_Driver/Src/stm32l0xx_hal_tim.o
                0x0000000008002cce                HAL_TIM_PWM_Init
 .text.HAL_TIM_PWM_Start
                0x0000000008002d02       0x1a Drivers/STM32L0xx_HAL_Driver/Src/stm32l0xx_hal_tim.o
                0x0000000008002d02                HAL_TIM_PWM_Start
 .text.HAL_TIM_PWM_ConfigChannel
                0x0000000008002d1c       0xec Drivers/STM32L0xx_HAL_Driver/Src/stm32l0xx_hal_tim.o
                0x0000000008002d1c                HAL_TIM_PWM_ConfigChannel
 .text.HAL_TIM_ConfigClockSource
                0x0000000008002e08      0x118 Drivers/STM32L0xx_HAL_Driver/Src/stm32l0xx_hal_tim.o
                0x0000000008002e08                HAL_TIM_ConfigClockSource
 .text.HAL_TIM_PeriodElapsedCallback
                0x0000000008002f20        0x2 Drivers/STM32L0xx_HAL_Driver/Src/stm32l0xx_hal_tim.o
                0x0000000008002f20                HAL_TIM_PeriodElapsedCallback
 .text.HAL_TIM_OC_DelayElapsedCallback
                0x0000000008002f22        0x2 Drivers/STM32L0xx_HAL_Driver/Src/stm32l0xx_hal_tim.o
                0x0000000008002f22                HAL_TIM_OC_DelayElapsedCallback
 .text.HAL_TIM_IC_CaptureCallback
                0x0000000008002f24        0x2 Drivers/STM32L0xx_HAL_Driver/Src/stm32l0xx_hal_tim.o
                0x0000000008002f24                HAL_TIM_IC_CaptureCallback
 .text.HAL_TIM_PWM_PulseFinishedCallback
                0x0000000008002f26        0x2 Drivers/STM32L0xx_HAL_Driver/Src/stm32l0xx_hal_tim.o
                0x0000000008002f26                HAL_TIM_PWM_PulseFinishedCallback
 .text.HAL_TIM_TriggerCallback
                0x0000000008002f28        0x2 Drivers/STM32L0xx_HAL_Driver/Src/stm32l0xx_hal_tim.o
                0x0000000008002f28                HAL_TIM_TriggerCallback
 .text.HAL_TIM_IRQHandler
                0x0000000008002f2a      0x122 Drivers/STM32L0xx_HAL_Driver/Src/stm32l0xx_hal_tim.o
                0x0000000008002f2a                HAL_TIM_IRQHandler
 .text.HAL_TIMEx_MasterConfigSynchronization
                0x000000000800304c       0x4c Drivers/STM32L0xx_HAL_Driver/Src/stm32l0xx_hal_tim_ex.o
                0x000000000800304c                HAL_TIMEx_MasterConfigSynchronization
 .text.UART_SetConfig
                0x0000000008003098      0x304 Drivers/STM32L0xx_HAL_Driver/Src/stm32l0xx_hal_uart.o
                0x0000000008003098                UART_SetConfig
 .text.UART_AdvFeatureConfig
                0x000000000800339c       0xe0 Drivers/STM32L0xx_HAL_Driver/Src/stm32l0xx_hal_uart.o
                0x000000000800339c                UART_AdvFeatureConfig
 .text.UART_WaitOnFlagUntilTimeout
                0x000000000800347c       0x6c Drivers/STM32L0xx_HAL_Driver/Src/stm32l0xx_hal_uart.o
                0x000000000800347c                UART_WaitOnFlagUntilTimeout
 .text.UART_CheckIdleState
                0x00000000080034e8       0x70 Drivers/STM32L0xx_HAL_Driver/Src/stm32l0xx_hal_uart.o
                0x00000000080034e8                UART_CheckIdleState
 .text.HAL_UART_Init
                0x0000000008003558       0x70 Drivers/STM32L0xx_HAL_Driver/Src/stm32l0xx_hal_uart.o
                0x0000000008003558                HAL_UART_Init
 .text.clearInEvents
                0x00000000080035c8        0xa Src/Fsm.o
 .text.exact_main_region_runMode
                0x00000000080035d2        0x6 Src/Fsm.o
 .text.enseq_main_region_runMode_run_pumpRMOn_default
                0x00000000080035d8        0xc Src/Fsm.o
 .text.enseq_main_region__final__default
                0x00000000080035e4        0xa Src/Fsm.o
 .text.exseq_main_region_progMode_progM_hxRead
                0x00000000080035ee        0x8 Src/Fsm.o
 .text.exseq_main_region_progMode_progM_pumpON
                0x00000000080035f6        0x8 Src/Fsm.o
 .text.exseq_main_region_progMode_progM_HX712Time
                0x00000000080035fe        0x8 Src/Fsm.o
 .text.exseq_main_region_progMode_progM_hxExit
                0x0000000008003606        0x8 Src/Fsm.o
 .text.exseq_main_region_runMode_run_LDRandLED
                0x000000000800360e        0x8 Src/Fsm.o
 .text.exseq_main_region_runMode_run_HXRead
                0x0000000008003616        0x8 Src/Fsm.o
 .text.exseq_main_region_runMode_run_pumpRMOn
                0x000000000800361e        0x8 Src/Fsm.o
 .text.exseq_main_region_runMode_run_pumpRMOff
                0x0000000008003626        0x8 Src/Fsm.o
 .text.exseq_main_region_runMode_run_lowPowerMode
                0x000000000800362e        0x8 Src/Fsm.o
 .text.exseq_main_region_runMode_run_errorState
                0x0000000008003636        0x8 Src/Fsm.o
 .text.exseq_main_region__final_
                0x000000000800363e        0x8 Src/Fsm.o
 .text.exseq_main_region_progMode_progM
                0x0000000008003646       0x2e Src/Fsm.o
 .text.exseq_main_region_progMode
                0x0000000008003674        0x8 Src/Fsm.o
 .text.exseq_main_region_runMode_run
                0x000000000800367c       0x3c Src/Fsm.o
 .text.exseq_main_region_runMode
                0x00000000080036b8       0x10 Src/Fsm.o
 .text.react    0x00000000080036c8        0x4 Src/Fsm.o
 .text.main_region_progMode_react
                0x00000000080036cc       0x14 Src/Fsm.o
 .text.main_region_runMode_react
                0x00000000080036e0       0x14 Src/Fsm.o
 .text.enact_main_region_StateA
                0x00000000080036f4       0x10 Src/Fsm.o
 .text.enseq_main_region_StateA_default
                0x0000000008003704       0x12 Src/Fsm.o
 .text.react_main_region__entry_Default
                0x0000000008003716        0x8 Src/Fsm.o
 .text.enseq_main_region_default
                0x000000000800371e        0x8 Src/Fsm.o
 .text.effect_main_region_progMode_tr0
                0x0000000008003726       0x10 Src/Fsm.o
 .text.react_main_region_progMode_progM_progExit
                0x0000000008003736        0x8 Src/Fsm.o
 .text.main_region_progMode_progM_hxExit_react
                0x000000000800373e       0x28 Src/Fsm.o
 .text.effect_main_region_runMode_tr0
                0x0000000008003766       0x10 Src/Fsm.o
 .text.react_main_region_runMode_run_RMExit
                0x0000000008003776        0x8 Src/Fsm.o
 .text.main_region_runMode_run_lowPowerMode_react
                0x000000000800377e       0x22 Src/Fsm.o
 .text.enact_main_region_progMode_progM_hxRead
                0x00000000080037a0        0xc Src/Fsm.o
 .text.enseq_main_region_progMode_progM_hxRead_default
                0x00000000080037ac       0x14 Src/Fsm.o
 .text.react_main_region_progMode_progM__entry_Default
                0x00000000080037c0        0x8 Src/Fsm.o
 .text.enseq_main_region_progMode_progM_default
                0x00000000080037c8        0x8 Src/Fsm.o
 .text.enseq_main_region_progMode_default
                0x00000000080037d0        0x8 Src/Fsm.o
 .text.enact_main_region_progMode_progM_pumpON
                0x00000000080037d8        0xe Src/Fsm.o
 .text.enseq_main_region_progMode_progM_pumpON_default
                0x00000000080037e6       0x14 Src/Fsm.o
 .text.main_region_progMode_progM_hxRead_react
                0x00000000080037fa       0x22 Src/Fsm.o
 .text.enact_main_region_progMode_progM_HX712Time
                0x000000000800381c        0xc Src/Fsm.o
 .text.enseq_main_region_progMode_progM_HX712Time_default
                0x0000000008003828       0x14 Src/Fsm.o
 .text.main_region_progMode_progM_pumpON_react
                0x000000000800383c       0x26 Src/Fsm.o
 .text.enact_main_region_runMode_run_pumpRMOff
                0x0000000008003862        0x8 Src/Fsm.o
 .text.enseq_main_region_runMode_run_pumpRMOff_default
                0x000000000800386a       0x14 Src/Fsm.o
 .text.enact_main_region_progMode_progM_hxExit
                0x000000000800387e       0x18 Src/Fsm.o
 .text.enseq_main_region_progMode_progM_hxExit_default
                0x0000000008003896       0x14 Src/Fsm.o
 .text.shenseq_main_region_progMode_progM
                0x00000000080038aa       0x2e Src/Fsm.o
 .text.react_main_region_progMode_progM_HistProg
                0x00000000080038d8       0x14 Src/Fsm.o
 .text.main_region_progMode_progM_HX712Time_react
                0x00000000080038ec       0x34 Src/Fsm.o
 .text.enact_main_region_runMode_run_LDRandLED
                0x0000000008003920        0xc Src/Fsm.o
 .text.enseq_main_region_runMode_run_LDRandLED_default
                0x000000000800392c       0x14 Src/Fsm.o
 .text.react_main_region_runMode_run__entry_Default
                0x0000000008003940        0x8 Src/Fsm.o
 .text.enseq_main_region_runMode_run_default
                0x0000000008003948        0x8 Src/Fsm.o
 .text.enseq_main_region_runMode_default
                0x0000000008003950        0x8 Src/Fsm.o
 .text.main_region_runMode_run_HXRead_react
                0x0000000008003958       0x52 Src/Fsm.o
 .text.main_region_runMode_run_pumpRMOff_react
                0x00000000080039aa       0x22 Src/Fsm.o
 .text.enact_main_region_runMode_run_HXRead
                0x00000000080039cc        0xc Src/Fsm.o
 .text.enseq_main_region_runMode_run_HXRead_default
                0x00000000080039d8       0x14 Src/Fsm.o
 .text.enact_main_region_runMode_run_lowPowerMode
                0x00000000080039ec        0xa Src/Fsm.o
 .text.enseq_main_region_runMode_run_lowPowerMode_default
                0x00000000080039f6       0x14 Src/Fsm.o
 .text.main_region_runMode_run_LDRandLED_react
                0x0000000008003a0a       0x5c Src/Fsm.o
 .text.enact_main_region_runMode_run_errorState
                0x0000000008003a66       0x10 Src/Fsm.o
 .text.enseq_main_region_runMode_run_errorState_default
                0x0000000008003a76       0x14 Src/Fsm.o
 *fill*         0x0000000008003a8a        0x2 
 .text.shenseq_main_region_runMode_run
                0x0000000008003a8c       0x3c Src/Fsm.o
 .text.react_main_region_runMode_run_runH
                0x0000000008003ac8       0x14 Src/Fsm.o
 .text.exact_main_region_StateA
                0x0000000008003adc        0xc Src/Fsm.o
 .text.exseq_main_region_StateA
                0x0000000008003ae8        0xe Src/Fsm.o
 .text.main_region_StateA_react
                0x0000000008003af6       0x80 Src/Fsm.o
 *fill*         0x0000000008003b76        0x2 
 .text.exseq_main_region
                0x0000000008003b78       0x84 Src/Fsm.o
 .text.main_region_runMode_run_pumpRMOn_react
                0x0000000008003bfc       0x88 Src/Fsm.o
 .text.fsm_init
                0x0000000008003c84       0x48 Src/Fsm.o
                0x0000000008003c84                fsm_init
 .text.fsm_enter
                0x0000000008003ccc        0x8 Src/Fsm.o
                0x0000000008003ccc                fsm_enter
 .text.fsm_runCycle
                0x0000000008003cd4       0x94 Src/Fsm.o
                0x0000000008003cd4                fsm_runCycle
 .text.fsm_isStateActive
                0x0000000008003d68       0xc8 Src/Fsm.o
                0x0000000008003d68                fsm_isStateActive
 .text.fsmIface_set_prog_mode
                0x0000000008003e30        0x4 Src/Fsm.o
                0x0000000008003e30                fsmIface_set_prog_mode
 .text.fsmIface_set_sw1
                0x0000000008003e34        0x4 Src/Fsm.o
                0x0000000008003e34                fsmIface_set_sw1
 .text.fsmIface_set_eepromMin
                0x0000000008003e38        0x4 Src/Fsm.o
                0x0000000008003e38                fsmIface_set_eepromMin
 .text.fsmIface_set_eepromMax
                0x0000000008003e3c        0x4 Src/Fsm.o
                0x0000000008003e3c                fsmIface_set_eepromMax
 .text.fsmIface_set_eepromPmax
                0x0000000008003e40        0x4 Src/Fsm.o
                0x0000000008003e40                fsmIface_set_eepromPmax
 .text.fsmIface_set_timeOut
                0x0000000008003e44        0x4 Src/Fsm.o
                0x0000000008003e44                fsmIface_set_timeOut
 .text.fsmIface_set_ldr_switch
                0x0000000008003e48        0x4 Src/Fsm.o
                0x0000000008003e48                fsmIface_set_ldr_switch
 .text.sc_timer_fired
                0x0000000008003e4c        0xe Src/fsm_timer.o
 .text.sc_timer_start
                0x0000000008003e5a       0x54 Src/fsm_timer.o
                0x0000000008003e5a                sc_timer_start
 .text.sc_timer_cancel
                0x0000000008003eae       0x2e Src/fsm_timer.o
                0x0000000008003eae                sc_timer_cancel
 .text.sc_timer_service_proceed
                0x0000000008003edc       0x56 Src/fsm_timer.o
                0x0000000008003edc                sc_timer_service_proceed
 *fill*         0x0000000008003f32        0x2 
 .text.MX_GPIO_Init
                0x0000000008003f34       0x88 Src/main.o
 .text.MX_DMA_Init
                0x0000000008003fbc       0x30 Src/main.o
 .text.fsm_setTimer
                0x0000000008003fec       0x1c Src/main.o
                0x0000000008003fec                fsm_setTimer
 .text.fsm_unsetTimer
                0x0000000008004008       0x10 Src/main.o
                0x0000000008004008                fsm_unsetTimer
 .text.fsmIface_getLdrValue
                0x0000000008004018        0xc Src/main.o
                0x0000000008004018                fsmIface_getLdrValue
 .text.fsmIface_pumpOn
                0x0000000008004024       0x1c Src/main.o
                0x0000000008004024                fsmIface_pumpOn
 .text.fsmIface_pumpOff
                0x0000000008004040       0x30 Src/main.o
                0x0000000008004040                fsmIface_pumpOff
 .text.fsmIface_pumpError
                0x0000000008004070       0x58 Src/main.o
                0x0000000008004070                fsmIface_pumpError
 .text.fsmIface_lowPmode
                0x00000000080040c8       0x54 Src/main.o
                0x00000000080040c8                fsmIface_lowPmode
 .text.FsmSetVars
                0x000000000800411c       0x44 Src/main.o
                0x000000000800411c                FsmSetVars
 .text.shift_test_switch_is_ON
                0x0000000008004160       0x76 Src/main.o
                0x0000000008004160                shift_test_switch_is_ON
 *fill*         0x00000000080041d6        0x2 
 .text.test_if_switch_is_on
                0x00000000080041d8       0xc4 Src/main.o
                0x00000000080041d8                test_if_switch_is_on
 .text.HX712_start
                0x000000000800429c       0x2e Src/main.o
                0x000000000800429c                HX712_start
 .text.HX712_stop
                0x00000000080042ca       0x12 Src/main.o
                0x00000000080042ca                HX712_stop
 .text.HX712_run
                0x00000000080042dc      0x190 Src/main.o
                0x00000000080042dc                HX712_run
 .text.RUN_prog_ldr
                0x000000000800446c       0xc4 Src/main.o
                0x000000000800446c                RUN_prog_ldr
 .text.Save_2_Eeprom
                0x0000000008004530       0xcc Src/main.o
                0x0000000008004530                Save_2_Eeprom
 .text.fsmIface_hXExit
                0x00000000080045fc       0x30 Src/main.o
                0x00000000080045fc                fsmIface_hXExit
 .text.TEST_if_first_start_then_eeprom_set_values
                0x000000000800462c       0x40 Src/main.o
                0x000000000800462c                TEST_if_first_start_then_eeprom_set_values
 .text.Read_from_Eeprom
                0x000000000800466c       0x58 Src/main.o
                0x000000000800466c                Read_from_Eeprom
 .text.map2     0x00000000080046c4       0x16 Src/main.o
                0x00000000080046c4                map2
 *fill*         0x00000000080046da        0x2 
 .text.LED_RGB_Set
                0x00000000080046dc      0x130 Src/main.o
                0x00000000080046dc                LED_RGB_Set
 .text.fsmIface_hX712
                0x000000000800480c       0x1c Src/main.o
                0x000000000800480c                fsmIface_hX712
 .text.fsmIface_hX712mw
                0x0000000008004828       0x1c Src/main.o
                0x0000000008004828                fsmIface_hX712mw
 .text.fsmIface_hX712Time
                0x0000000008004844       0x2c Src/main.o
                0x0000000008004844                fsmIface_hX712Time
 .text.fsmIface_hX712TimeRM
                0x0000000008004870       0x3c Src/main.o
                0x0000000008004870                fsmIface_hX712TimeRM
 .text.LDR_Value
                0x00000000080048ac       0xe8 Src/main.o
                0x00000000080048ac                LDR_Value
 .text.FLASH_IRQHandler
                0x0000000008004994       0xf0 Src/main.o
                0x0000000008004994                FLASH_IRQHandler
 .text._Error_Handler
                0x0000000008004a84        0x2 Src/main.o
                0x0000000008004a84                _Error_Handler
 *fill*         0x0000000008004a86        0x2 
 .text.MX_ADC_Init
                0x0000000008004a88       0x84 Src/main.o
 .text.MX_IWDG_Init
                0x0000000008004b0c       0x38 Src/main.o
 .text.MX_TIM2_Init
                0x0000000008004b44       0xf4 Src/main.o
 .text.MX_RTC_Init
                0x0000000008004c38       0x90 Src/main.o
 .text.MX_USART2_UART_Init
                0x0000000008004cc8       0x44 Src/main.o
 .text.MX_TIM21_Init
                0x0000000008004d0c       0x78 Src/main.o
 .text.MX_LPTIM1_Init
                0x0000000008004d84       0x44 Src/main.o
 .text.SystemClock_Config
                0x0000000008004dc8       0xcc Src/main.o
                0x0000000008004dc8                SystemClock_Config
 .text.main     0x0000000008004e94      0x1fc Src/main.o
                0x0000000008004e94                main
 .text.HAL_MspInit
                0x0000000008005090       0x54 Src/stm32l0xx_hal_msp.o
                0x0000000008005090                HAL_MspInit
 .text.HAL_ADC_MspInit
                0x00000000080050e4       0x84 Src/stm32l0xx_hal_msp.o
                0x00000000080050e4                HAL_ADC_MspInit
 .text.HAL_LPTIM_MspInit
                0x0000000008005168       0x34 Src/stm32l0xx_hal_msp.o
                0x0000000008005168                HAL_LPTIM_MspInit
 .text.HAL_RTC_MspInit
                0x000000000800519c       0x20 Src/stm32l0xx_hal_msp.o
                0x000000000800519c                HAL_RTC_MspInit
 .text.HAL_TIM_Base_MspInit
                0x00000000080051bc       0x44 Src/stm32l0xx_hal_msp.o
                0x00000000080051bc                HAL_TIM_Base_MspInit
 .text.HAL_TIM_MspPostInit
                0x0000000008005200       0x5c Src/stm32l0xx_hal_msp.o
                0x0000000008005200                HAL_TIM_MspPostInit
 .text.HAL_UART_MspInit
                0x000000000800525c       0x48 Src/stm32l0xx_hal_msp.o
                0x000000000800525c                HAL_UART_MspInit
 .text.SysTick_Handler
                0x00000000080052a4       0x18 Src/stm32l0xx_it.o
                0x00000000080052a4                SysTick_Handler
 .text.DMA1_Channel1_IRQHandler
                0x00000000080052bc       0x10 Src/stm32l0xx_it.o
                0x00000000080052bc                DMA1_Channel1_IRQHandler
 .text.LPTIM1_IRQHandler
                0x00000000080052cc       0x10 Src/stm32l0xx_it.o
                0x00000000080052cc                LPTIM1_IRQHandler
 .text.TIM21_IRQHandler
                0x00000000080052dc       0xac Src/stm32l0xx_it.o
                0x00000000080052dc                TIM21_IRQHandler
 .text.SystemInit
                0x0000000008005388       0x5c Src/system_stm32l0xx.o
                0x0000000008005388                SystemInit
 .text.Reset_Handler
                0x00000000080053e4       0x50 startup/startup_stm32l031xx.o
                0x00000000080053e4                Reset_Handler
 .text.Default_Handler
                0x0000000008005434        0x2 startup/startup_stm32l031xx.o
                0x0000000008005434                HardFault_Handler
                0x0000000008005434                ADC1_COMP_IRQHandler
                0x0000000008005434                PVD_IRQHandler
                0x0000000008005434                PendSV_Handler
                0x0000000008005434                NMI_Handler
                0x0000000008005434                I2C1_IRQHandler
                0x0000000008005434                SPI1_IRQHandler
                0x0000000008005434                EXTI2_3_IRQHandler
                0x0000000008005434                RTC_IRQHandler
                0x0000000008005434                DMA1_Channel4_5_6_7_IRQHandler
                0x0000000008005434                EXTI4_15_IRQHandler
                0x0000000008005434                RCC_IRQHandler
                0x0000000008005434                Default_Handler
                0x0000000008005434                TIM22_IRQHandler
                0x0000000008005434                EXTI0_1_IRQHandler
                0x0000000008005434                SVC_Handler
                0x0000000008005434                WWDG_IRQHandler
                0x0000000008005434                LPUART1_IRQHandler
                0x0000000008005434                TIM2_IRQHandler
                0x0000000008005434                DMA1_Channel2_3_IRQHandler
                0x0000000008005434                USART2_IRQHandler
 *fill*         0x0000000008005436        0x2 
 .text.__libc_init_array
                0x0000000008005438       0x48 /home/achim/Ac6/SystemWorkbench/plugins/fr.ac6.mcu.externaltools.arm-none.linux64_1.17.0.201812190825/tools/compiler/bin/../lib/gcc/arm-none-eabi/7.3.1/../../../../arm-none-eabi/lib/thumb/v6-m/libc_nano.a(lib_a-init.o)
                0x0000000008005438                __libc_init_array
 *(.glue_7)
 .glue_7        0x0000000008005480        0x0 linker stubs
 *(.glue_7t)
 .glue_7t       0x0000000008005480        0x0 linker stubs
 *(.eh_frame)
 .eh_frame      0x0000000008005480        0x0 /home/achim/Ac6/SystemWorkbench/plugins/fr.ac6.mcu.externaltools.arm-none.linux64_1.17.0.201812190825/tools/compiler/bin/../lib/gcc/arm-none-eabi/7.3.1/thumb/v6-m/crtbegin.o
 *(.init)
 .init          0x0000000008005480        0x4 /home/achim/Ac6/SystemWorkbench/plugins/fr.ac6.mcu.externaltools.arm-none.linux64_1.17.0.201812190825/tools/compiler/bin/../lib/gcc/arm-none-eabi/7.3.1/thumb/v6-m/crti.o
                0x0000000008005480                _init
 .init          0x0000000008005484        0x8 /home/achim/Ac6/SystemWorkbench/plugins/fr.ac6.mcu.externaltools.arm-none.linux64_1.17.0.201812190825/tools/compiler/bin/../lib/gcc/arm-none-eabi/7.3.1/thumb/v6-m/crtn.o
 *(.fini)
 .fini          0x000000000800548c        0x4 /home/achim/Ac6/SystemWorkbench/plugins/fr.ac6.mcu.externaltools.arm-none.linux64_1.17.0.201812190825/tools/compiler/bin/../lib/gcc/arm-none-eabi/7.3.1/thumb/v6-m/crti.o
                0x000000000800548c                _fini
 .fini          0x0000000008005490        0x8 /home/achim/Ac6/SystemWorkbench/plugins/fr.ac6.mcu.externaltools.arm-none.linux64_1.17.0.201812190825/tools/compiler/bin/../lib/gcc/arm-none-eabi/7.3.1/thumb/v6-m/crtn.o
                0x0000000008005498                . = ALIGN (0x4)
                0x0000000008005498                _etext = .

.vfp11_veneer   0x0000000008005498        0x0
 .vfp11_veneer  0x0000000008005498        0x0 linker stubs

.v4_bx          0x0000000008005498        0x0
 .v4_bx         0x0000000008005498        0x0 linker stubs

.iplt           0x0000000008005498        0x0
 .iplt          0x0000000008005498        0x0 /home/achim/Ac6/SystemWorkbench/plugins/fr.ac6.mcu.externaltools.arm-none.linux64_1.17.0.201812190825/tools/compiler/bin/../lib/gcc/arm-none-eabi/7.3.1/thumb/v6-m/crtbegin.o

.rodata         0x0000000008005498      0x174
                0x0000000008005498                . = ALIGN (0x4)
 *(.rodata)
 .rodata        0x0000000008005498       0x48 Drivers/STM32L0xx_HAL_Driver/Src/stm32l0xx_hal_uart.o
 .rodata        0x00000000080054e0       0xdc Src/Fsm.o
 .rodata        0x00000000080055bc       0x24 Src/system_stm32l0xx.o
                0x00000000080055bc                PLLMulTable
                0x00000000080055c8                AHBPrescTable
                0x00000000080055d8                APBPrescTable
 *(.rodata*)
 .rodata.str1.4
                0x00000000080055e0        0xe Src/main.o
 *fill*         0x00000000080055ee        0x2 
 .rodata.str1.4
                0x00000000080055f0       0x1c Src/stm32l0xx_hal_msp.o
                                         0x1b (size before relaxing)
                0x000000000800560c                . = ALIGN (0x4)

.ARM.extab
 *(.ARM.extab* .gnu.linkonce.armextab.*)

.ARM            0x000000000800560c        0x8
                0x000000000800560c                __exidx_start = .
 *(.ARM.exidx*)
 .ARM.exidx     0x000000000800560c        0x8 /home/achim/Ac6/SystemWorkbench/plugins/fr.ac6.mcu.externaltools.arm-none.linux64_1.17.0.201812190825/tools/compiler/bin/../lib/gcc/arm-none-eabi/7.3.1/thumb/v6-m/libgcc.a(_udivmoddi4.o)
                0x0000000008005614                __exidx_end = .

.rel.dyn        0x0000000008005614        0x0
 .rel.iplt      0x0000000008005614        0x0 /home/achim/Ac6/SystemWorkbench/plugins/fr.ac6.mcu.externaltools.arm-none.linux64_1.17.0.201812190825/tools/compiler/bin/../lib/gcc/arm-none-eabi/7.3.1/thumb/v6-m/crtbegin.o

.preinit_array  0x0000000008005614        0x0
                0x0000000008005614                PROVIDE (__preinit_array_start = .)
 *(.preinit_array*)
                0x0000000008005614                PROVIDE (__preinit_array_end = .)

.init_array     0x0000000008005614        0x4
                0x0000000008005614                PROVIDE (__init_array_start = .)
 *(SORT_BY_NAME(.init_array.*))
 *(.init_array*)
 .init_array    0x0000000008005614        0x4 /home/achim/Ac6/SystemWorkbench/plugins/fr.ac6.mcu.externaltools.arm-none.linux64_1.17.0.201812190825/tools/compiler/bin/../lib/gcc/arm-none-eabi/7.3.1/thumb/v6-m/crtbegin.o
                0x0000000008005618                PROVIDE (__init_array_end = .)

.fini_array     0x0000000008005618        0x4
                [!provide]                        PROVIDE (__fini_array_start = .)
 *(SORT_BY_NAME(.fini_array.*))
 *(.fini_array*)
 .fini_array    0x0000000008005618        0x4 /home/achim/Ac6/SystemWorkbench/plugins/fr.ac6.mcu.externaltools.arm-none.linux64_1.17.0.201812190825/tools/compiler/bin/../lib/gcc/arm-none-eabi/7.3.1/thumb/v6-m/crtbegin.o
                [!provide]                        PROVIDE (__fini_array_end = .)
                0x000000000800561c                _sidata = LOADADDR (.data)

.data           0x0000000020000000       0x64 load address 0x000000000800561c
                0x0000000020000000                . = ALIGN (0x4)
                0x0000000020000000                _sdata = .
 *(.data)
 .data          0x0000000020000000       0x60 Src/main.o
                0x0000000020000000                pLDR
                0x0000000020000004                phx
                0x0000000020000008                pMesswert_long_time_average
                0x000000002000000c                bright
                0x0000000020000018                pprogMode
                0x000000002000001c                pHX_cnt
                0x0000000020000020                phx1
                0x0000000020000024                phx2
                0x0000000020000028                phx3
                0x000000002000002c                phx4
                0x0000000020000030                pHXSCK_state
                0x0000000020000034                hxmax
                0x0000000020000038                LDRvalue_min
                0x000000002000003c                LDRvalue_max
                0x0000000020000040                LDR_switch
                0x0000000020000044                hxmin
                0x0000000020000048                hue_angel
                0x000000002000004c                bright_ad
                0x0000000020000058                LDR_Delay
                0x000000002000005c                HXSCK_state
 .data          0x0000000020000060        0x4 Src/system_stm32l0xx.o
                0x0000000020000060                SystemCoreClock
 *(.data*)
                0x0000000020000064                . = ALIGN (0x4)
                0x0000000020000064                _edata = .

.igot.plt       0x0000000020000064        0x0 load address 0x0000000008005680
 .igot.plt      0x0000000020000064        0x0 /home/achim/Ac6/SystemWorkbench/plugins/fr.ac6.mcu.externaltools.arm-none.linux64_1.17.0.201812190825/tools/compiler/bin/../lib/gcc/arm-none-eabi/7.3.1/thumb/v6-m/crtbegin.o
                0x0000000020000064                . = ALIGN (0x4)

.bss            0x0000000020000064      0x330 load address 0x0000000008005680
                0x0000000020000064                _sbss = .
                0x0000000020000064                __bss_start__ = _sbss
 *(.bss)
 .bss           0x0000000020000064       0x1c /home/achim/Ac6/SystemWorkbench/plugins/fr.ac6.mcu.externaltools.arm-none.linux64_1.17.0.201812190825/tools/compiler/bin/../lib/gcc/arm-none-eabi/7.3.1/thumb/v6-m/crtbegin.o
 .bss           0x0000000020000080       0x3c Src/main.o
                0x000000002000008c                ar
                0x0000000020000090                ag
                0x0000000020000094                ab
                0x0000000020000098                hxerrors
                0x00000000200000a8                error
                0x00000000200000ac                g_ADCValue
                0x00000000200000b0                Messwert_long_time_average
                0x00000000200000b4                HX_cnt
                0x00000000200000b8                progMode
 *(.bss*)
 *(COMMON)
 COMMON         0x00000000200000bc        0x4 Drivers/STM32L0xx_HAL_Driver/Src/stm32l0xx_hal.o
                0x00000000200000bc                uwTick
 COMMON         0x00000000200000c0      0x2d4 Src/main.o
                0x00000000200000c0                eeprom_pump_max
                0x00000000200000c4                vrefint
                0x00000000200000c8                Fsm_handle
                0x0000000020000110                hiwdg
                0x0000000020000120                temperature
                0x0000000020000124                hx2
                0x0000000020000128                buffer_hx
                0x000000002000018c                eeprom_value_min
                0x0000000020000190                hx4
                0x0000000020000194                eeprom_value_max
                0x0000000020000198                hlptim1
                0x00000000200001c8                adc
                0x00000000200001d8                hrtc
                0x00000000200001fc                hx3
                0x0000000020000200                adc_buf
                0x0000000020000208                htim2
                0x0000000020000240                huart2
                0x00000000200002b0                hx1
                0x00000000200002b4                hx
                0x00000000200002b8                hdma_adc
                0x00000000200002f8                hadc
                0x0000000020000358                millis
                0x000000002000035c                htim21
                0x0000000020000394                . = ALIGN (0x4)
                0x0000000020000394                _ebss = .
                0x0000000020000394                __bss_end__ = _ebss

._user_heap_stack
                0x0000000020000394      0x604 load address 0x0000000008005680
                0x0000000020000398                . = ALIGN (0x8)
 *fill*         0x0000000020000394        0x4 
                [!provide]                        PROVIDE (end = .)
                [!provide]                        PROVIDE (_end = .)
                0x0000000020000598                . = (. + _Min_Heap_Size)
 *fill*         0x0000000020000398      0x200 
                0x0000000020000998                . = (. + _Min_Stack_Size)
 *fill*         0x0000000020000598      0x400 
                0x0000000020000998                . = ALIGN (0x8)

/DISCARD/
 libc.a(*)
 libm.a(*)
 libgcc.a(*)

.ARM.attributes
                0x0000000000000000       0x28
 *(.ARM.attributes)
 .ARM.attributes
                0x0000000000000000       0x1e /home/achim/Ac6/SystemWorkbench/plugins/fr.ac6.mcu.externaltools.arm-none.linux64_1.17.0.201812190825/tools/compiler/bin/../lib/gcc/arm-none-eabi/7.3.1/thumb/v6-m/crti.o
 .ARM.attributes
                0x000000000000001e       0x2c /home/achim/Ac6/SystemWorkbench/plugins/fr.ac6.mcu.externaltools.arm-none.linux64_1.17.0.201812190825/tools/compiler/bin/../lib/gcc/arm-none-eabi/7.3.1/thumb/v6-m/crtbegin.o
 .ARM.attributes
                0x000000000000004a       0x32 Drivers/STM32L0xx_HAL_Driver/Src/stm32l0xx_hal.o
 .ARM.attributes
                0x000000000000007c       0x32 Drivers/STM32L0xx_HAL_Driver/Src/stm32l0xx_hal_adc.o
 .ARM.attributes
                0x00000000000000ae       0x32 Drivers/STM32L0xx_HAL_Driver/Src/stm32l0xx_hal_cortex.o
 .ARM.attributes
                0x00000000000000e0       0x32 Drivers/STM32L0xx_HAL_Driver/Src/stm32l0xx_hal_dma.o
 .ARM.attributes
                0x0000000000000112       0x32 Drivers/STM32L0xx_HAL_Driver/Src/stm32l0xx_hal_gpio.o
 .ARM.attributes
                0x0000000000000144       0x32 Drivers/STM32L0xx_HAL_Driver/Src/stm32l0xx_hal_iwdg.o
 .ARM.attributes
                0x0000000000000176       0x32 Drivers/STM32L0xx_HAL_Driver/Src/stm32l0xx_hal_lptim.o
 .ARM.attributes
                0x00000000000001a8       0x32 Drivers/STM32L0xx_HAL_Driver/Src/stm32l0xx_hal_pwr.o
 .ARM.attributes
                0x00000000000001da       0x32 Drivers/STM32L0xx_HAL_Driver/Src/stm32l0xx_hal_rcc.o
 .ARM.attributes
                0x000000000000020c       0x32 Drivers/STM32L0xx_HAL_Driver/Src/stm32l0xx_hal_rcc_ex.o
 .ARM.attributes
                0x000000000000023e       0x32 Drivers/STM32L0xx_HAL_Driver/Src/stm32l0xx_hal_rtc.o
 .ARM.attributes
                0x0000000000000270       0x32 Drivers/STM32L0xx_HAL_Driver/Src/stm32l0xx_hal_rtc_ex.o
 .ARM.attributes
                0x00000000000002a2       0x32 Drivers/STM32L0xx_HAL_Driver/Src/stm32l0xx_hal_tim.o
 .ARM.attributes
                0x00000000000002d4       0x32 Drivers/STM32L0xx_HAL_Driver/Src/stm32l0xx_hal_tim_ex.o
 .ARM.attributes
                0x0000000000000306       0x32 Drivers/STM32L0xx_HAL_Driver/Src/stm32l0xx_hal_uart.o
 .ARM.attributes
                0x0000000000000338       0x32 Src/Fsm.o
 .ARM.attributes
                0x000000000000036a       0x32 Src/fsm_timer.o
 .ARM.attributes
                0x000000000000039c       0x32 Src/main.o
 .ARM.attributes
                0x00000000000003ce       0x32 Src/stm32l0xx_hal_msp.o
 .ARM.attributes
                0x0000000000000400       0x32 Src/stm32l0xx_it.o
 .ARM.attributes
                0x0000000000000432       0x32 Src/system_stm32l0xx.o
 .ARM.attributes
                0x0000000000000464       0x22 startup/startup_stm32l031xx.o
 .ARM.attributes
                0x0000000000000486       0x1e /home/achim/Ac6/SystemWorkbench/plugins/fr.ac6.mcu.externaltools.arm-none.linux64_1.17.0.201812190825/tools/compiler/bin/../lib/gcc/arm-none-eabi/7.3.1/thumb/v6-m/libgcc.a(_udivsi3.o)
 .ARM.attributes
                0x00000000000004a4       0x1e /home/achim/Ac6/SystemWorkbench/plugins/fr.ac6.mcu.externaltools.arm-none.linux64_1.17.0.201812190825/tools/compiler/bin/../lib/gcc/arm-none-eabi/7.3.1/thumb/v6-m/libgcc.a(_dvmd_tls.o)
 .ARM.attributes
                0x00000000000004c2       0x1e /home/achim/Ac6/SystemWorkbench/plugins/fr.ac6.mcu.externaltools.arm-none.linux64_1.17.0.201812190825/tools/compiler/bin/../lib/gcc/arm-none-eabi/7.3.1/thumb/v6-m/libgcc.a(_arm_cmpsf2.o)
 .ARM.attributes
                0x00000000000004e0       0x1e /home/achim/Ac6/SystemWorkbench/plugins/fr.ac6.mcu.externaltools.arm-none.linux64_1.17.0.201812190825/tools/compiler/bin/../lib/gcc/arm-none-eabi/7.3.1/thumb/v6-m/libgcc.a(_aeabi_uldivmod.o)
 .ARM.attributes
                0x00000000000004fe       0x2c /home/achim/Ac6/SystemWorkbench/plugins/fr.ac6.mcu.externaltools.arm-none.linux64_1.17.0.201812190825/tools/compiler/bin/../lib/gcc/arm-none-eabi/7.3.1/thumb/v6-m/libgcc.a(_fixunssfsi.o)
 .ARM.attributes
                0x000000000000052a       0x2c /home/achim/Ac6/SystemWorkbench/plugins/fr.ac6.mcu.externaltools.arm-none.linux64_1.17.0.201812190825/tools/compiler/bin/../lib/gcc/arm-none-eabi/7.3.1/thumb/v6-m/libgcc.a(_udivmoddi4.o)
 .ARM.attributes
                0x0000000000000556       0x2c /home/achim/Ac6/SystemWorkbench/plugins/fr.ac6.mcu.externaltools.arm-none.linux64_1.17.0.201812190825/tools/compiler/bin/../lib/gcc/arm-none-eabi/7.3.1/thumb/v6-m/libgcc.a(eqsf2.o)
 .ARM.attributes
                0x0000000000000582       0x2c /home/achim/Ac6/SystemWorkbench/plugins/fr.ac6.mcu.externaltools.arm-none.linux64_1.17.0.201812190825/tools/compiler/bin/../lib/gcc/arm-none-eabi/7.3.1/thumb/v6-m/libgcc.a(gesf2.o)
 .ARM.attributes
                0x00000000000005ae       0x2c /home/achim/Ac6/SystemWorkbench/plugins/fr.ac6.mcu.externaltools.arm-none.linux64_1.17.0.201812190825/tools/compiler/bin/../lib/gcc/arm-none-eabi/7.3.1/thumb/v6-m/libgcc.a(lesf2.o)
 .ARM.attributes
                0x00000000000005da       0x2c /home/achim/Ac6/SystemWorkbench/plugins/fr.ac6.mcu.externaltools.arm-none.linux64_1.17.0.201812190825/tools/compiler/bin/../lib/gcc/arm-none-eabi/7.3.1/thumb/v6-m/libgcc.a(subsf3.o)
 .ARM.attributes
                0x0000000000000606       0x2c /home/achim/Ac6/SystemWorkbench/plugins/fr.ac6.mcu.externaltools.arm-none.linux64_1.17.0.201812190825/tools/compiler/bin/../lib/gcc/arm-none-eabi/7.3.1/thumb/v6-m/libgcc.a(fixsfsi.o)
 .ARM.attributes
                0x0000000000000632       0x2c /home/achim/Ac6/SystemWorkbench/plugins/fr.ac6.mcu.externaltools.arm-none.linux64_1.17.0.201812190825/tools/compiler/bin/../lib/gcc/arm-none-eabi/7.3.1/thumb/v6-m/libgcc.a(floatunsisf.o)
 .ARM.attributes
                0x000000000000065e       0x1e /home/achim/Ac6/SystemWorkbench/plugins/fr.ac6.mcu.externaltools.arm-none.linux64_1.17.0.201812190825/tools/compiler/bin/../lib/gcc/arm-none-eabi/7.3.1/thumb/v6-m/libgcc.a(_clzsi2.o)
 .ARM.attributes
                0x000000000000067c       0x1e /home/achim/Ac6/SystemWorkbench/plugins/fr.ac6.mcu.externaltools.arm-none.linux64_1.17.0.201812190825/tools/compiler/bin/../lib/gcc/arm-none-eabi/7.3.1/thumb/v6-m/libgcc.a(_clzdi2.o)
 .ARM.attributes
                0x000000000000069a       0x2c /home/achim/Ac6/SystemWorkbench/plugins/fr.ac6.mcu.externaltools.arm-none.linux64_1.17.0.201812190825/tools/compiler/bin/../lib/gcc/arm-none-eabi/7.3.1/../../../../arm-none-eabi/lib/thumb/v6-m/libc_nano.a(lib_a-init.o)
 .ARM.attributes
                0x00000000000006c6       0x1e /home/achim/Ac6/SystemWorkbench/plugins/fr.ac6.mcu.externaltools.arm-none.linux64_1.17.0.201812190825/tools/compiler/bin/../lib/gcc/arm-none-eabi/7.3.1/thumb/v6-m/crtn.o
OUTPUT(2019-01-10-pflamiku_3er_fsm.elf elf32-littlearm)

.debug_info     0x0000000000000000    0x1e4f1
 .debug_info    0x0000000000000000      0xfa5 Drivers/STM32L0xx_HAL_Driver/Src/stm32l0xx_hal.o
 .debug_info    0x0000000000000fa5     0x16f3 Drivers/STM32L0xx_HAL_Driver/Src/stm32l0xx_hal_adc.o
 .debug_info    0x0000000000002698      0xfd2 Drivers/STM32L0xx_HAL_Driver/Src/stm32l0xx_hal_cortex.o
 .debug_info    0x000000000000366a      0xf38 Drivers/STM32L0xx_HAL_Driver/Src/stm32l0xx_hal_dma.o
 .debug_info    0x00000000000045a2      0xee2 Drivers/STM32L0xx_HAL_Driver/Src/stm32l0xx_hal_gpio.o
 .debug_info    0x0000000000005484      0xac8 Drivers/STM32L0xx_HAL_Driver/Src/stm32l0xx_hal_iwdg.o
 .debug_info    0x0000000000005f4c     0x148a Drivers/STM32L0xx_HAL_Driver/Src/stm32l0xx_hal_lptim.o
 .debug_info    0x00000000000073d6      0xe6d Drivers/STM32L0xx_HAL_Driver/Src/stm32l0xx_hal_pwr.o
 .debug_info    0x0000000000008243     0x130d Drivers/STM32L0xx_HAL_Driver/Src/stm32l0xx_hal_rcc.o
 .debug_info    0x0000000000009550      0xd84 Drivers/STM32L0xx_HAL_Driver/Src/stm32l0xx_hal_rcc_ex.o
 .debug_info    0x000000000000a2d4     0x158a Drivers/STM32L0xx_HAL_Driver/Src/stm32l0xx_hal_rtc.o
 .debug_info    0x000000000000b85e     0x1823 Drivers/STM32L0xx_HAL_Driver/Src/stm32l0xx_hal_rtc_ex.o
 .debug_info    0x000000000000d081     0x34cb Drivers/STM32L0xx_HAL_Driver/Src/stm32l0xx_hal_tim.o
 .debug_info    0x000000000001054c      0xe40 Drivers/STM32L0xx_HAL_Driver/Src/stm32l0xx_hal_tim_ex.o
 .debug_info    0x000000000001138c     0x2218 Drivers/STM32L0xx_HAL_Driver/Src/stm32l0xx_hal_uart.o
 .debug_info    0x00000000000135a4     0x29c6 Src/Fsm.o
 .debug_info    0x0000000000015f6a      0xb4e Src/fsm_timer.o
 .debug_info    0x0000000000016ab8     0x3e48 Src/main.o
 .debug_info    0x000000000001a900     0x1e81 Src/stm32l0xx_hal_msp.o
 .debug_info    0x000000000001c781     0x11a3 Src/stm32l0xx_it.o
 .debug_info    0x000000000001d924      0xbab Src/system_stm32l0xx.o
 .debug_info    0x000000000001e4cf       0x22 startup/startup_stm32l031xx.o

.debug_abbrev   0x0000000000000000     0x3944
 .debug_abbrev  0x0000000000000000      0x2e5 Drivers/STM32L0xx_HAL_Driver/Src/stm32l0xx_hal.o
 .debug_abbrev  0x00000000000002e5      0x2c3 Drivers/STM32L0xx_HAL_Driver/Src/stm32l0xx_hal_adc.o
 .debug_abbrev  0x00000000000005a8      0x328 Drivers/STM32L0xx_HAL_Driver/Src/stm32l0xx_hal_cortex.o
 .debug_abbrev  0x00000000000008d0      0x2b8 Drivers/STM32L0xx_HAL_Driver/Src/stm32l0xx_hal_dma.o
 .debug_abbrev  0x0000000000000b88      0x28f Drivers/STM32L0xx_HAL_Driver/Src/stm32l0xx_hal_gpio.o
 .debug_abbrev  0x0000000000000e17      0x221 Drivers/STM32L0xx_HAL_Driver/Src/stm32l0xx_hal_iwdg.o
 .debug_abbrev  0x0000000000001038      0x2a8 Drivers/STM32L0xx_HAL_Driver/Src/stm32l0xx_hal_lptim.o
 .debug_abbrev  0x00000000000012e0      0x26b Drivers/STM32L0xx_HAL_Driver/Src/stm32l0xx_hal_pwr.o
 .debug_abbrev  0x000000000000154b      0x31b Drivers/STM32L0xx_HAL_Driver/Src/stm32l0xx_hal_rcc.o
 .debug_abbrev  0x0000000000001866      0x2a3 Drivers/STM32L0xx_HAL_Driver/Src/stm32l0xx_hal_rcc_ex.o
 .debug_abbrev  0x0000000000001b09      0x2b7 Drivers/STM32L0xx_HAL_Driver/Src/stm32l0xx_hal_rtc.o
 .debug_abbrev  0x0000000000001dc0      0x2b7 Drivers/STM32L0xx_HAL_Driver/Src/stm32l0xx_hal_rtc_ex.o
 .debug_abbrev  0x0000000000002077      0x2e0 Drivers/STM32L0xx_HAL_Driver/Src/stm32l0xx_hal_tim.o
 .debug_abbrev  0x0000000000002357      0x238 Drivers/STM32L0xx_HAL_Driver/Src/stm32l0xx_hal_tim_ex.o
 .debug_abbrev  0x000000000000258f      0x321 Drivers/STM32L0xx_HAL_Driver/Src/stm32l0xx_hal_uart.o
 .debug_abbrev  0x00000000000028b0      0x33a Src/Fsm.o
 .debug_abbrev  0x0000000000002bea      0x203 Src/fsm_timer.o
 .debug_abbrev  0x0000000000002ded      0x44d Src/main.o
 .debug_abbrev  0x000000000000323a      0x2bf Src/stm32l0xx_hal_msp.o
 .debug_abbrev  0x00000000000034f9      0x234 Src/stm32l0xx_it.o
 .debug_abbrev  0x000000000000372d      0x205 Src/system_stm32l0xx.o
 .debug_abbrev  0x0000000000003932       0x12 startup/startup_stm32l031xx.o

.debug_loc      0x0000000000000000     0xb89c
 .debug_loc     0x0000000000000000       0xac Drivers/STM32L0xx_HAL_Driver/Src/stm32l0xx_hal.o
 .debug_loc     0x00000000000000ac      0xb90 Drivers/STM32L0xx_HAL_Driver/Src/stm32l0xx_hal_adc.o
 .debug_loc     0x0000000000000c3c      0x393 Drivers/STM32L0xx_HAL_Driver/Src/stm32l0xx_hal_cortex.o
 .debug_loc     0x0000000000000fcf      0x5ae Drivers/STM32L0xx_HAL_Driver/Src/stm32l0xx_hal_dma.o
 .debug_loc     0x000000000000157d      0x2d1 Drivers/STM32L0xx_HAL_Driver/Src/stm32l0xx_hal_gpio.o
 .debug_loc     0x000000000000184e       0x76 Drivers/STM32L0xx_HAL_Driver/Src/stm32l0xx_hal_iwdg.o
 .debug_loc     0x00000000000018c4      0x828 Drivers/STM32L0xx_HAL_Driver/Src/stm32l0xx_hal_lptim.o
 .debug_loc     0x00000000000020ec      0x101 Drivers/STM32L0xx_HAL_Driver/Src/stm32l0xx_hal_pwr.o
 .debug_loc     0x00000000000021ed      0x5b7 Drivers/STM32L0xx_HAL_Driver/Src/stm32l0xx_hal_rcc.o
 .debug_loc     0x00000000000027a4      0x5e4 Drivers/STM32L0xx_HAL_Driver/Src/stm32l0xx_hal_rcc_ex.o
 .debug_loc     0x0000000000002d88      0xbc7 Drivers/STM32L0xx_HAL_Driver/Src/stm32l0xx_hal_rtc.o
 .debug_loc     0x000000000000394f      0xee8 Drivers/STM32L0xx_HAL_Driver/Src/stm32l0xx_hal_rtc_ex.o
 .debug_loc     0x0000000000004837     0x34e9 Drivers/STM32L0xx_HAL_Driver/Src/stm32l0xx_hal_tim.o
 .debug_loc     0x0000000000007d20       0xa0 Drivers/STM32L0xx_HAL_Driver/Src/stm32l0xx_hal_tim_ex.o
 .debug_loc     0x0000000000007dc0     0x19ae Drivers/STM32L0xx_HAL_Driver/Src/stm32l0xx_hal_uart.o
 .debug_loc     0x000000000000976e     0x1517 Src/Fsm.o
 .debug_loc     0x000000000000ac85      0x1cc Src/fsm_timer.o
 .debug_loc     0x000000000000ae51      0x653 Src/main.o
 .debug_loc     0x000000000000b4a4      0x21a Src/stm32l0xx_hal_msp.o
 .debug_loc     0x000000000000b6be      0x1de Src/system_stm32l0xx.o

.debug_aranges  0x0000000000000000     0x1390
 .debug_aranges
                0x0000000000000000       0xe0 Drivers/STM32L0xx_HAL_Driver/Src/stm32l0xx_hal.o
 .debug_aranges
                0x00000000000000e0      0x100 Drivers/STM32L0xx_HAL_Driver/Src/stm32l0xx_hal_adc.o
 .debug_aranges
                0x00000000000001e0       0x78 Drivers/STM32L0xx_HAL_Driver/Src/stm32l0xx_hal_cortex.o
 .debug_aranges
                0x0000000000000258       0x70 Drivers/STM32L0xx_HAL_Driver/Src/stm32l0xx_hal_dma.o
 .debug_aranges
                0x00000000000002c8       0x58 Drivers/STM32L0xx_HAL_Driver/Src/stm32l0xx_hal_gpio.o
 .debug_aranges
                0x0000000000000320       0x28 Drivers/STM32L0xx_HAL_Driver/Src/stm32l0xx_hal_iwdg.o
 .debug_aranges
                0x0000000000000348      0x158 Drivers/STM32L0xx_HAL_Driver/Src/stm32l0xx_hal_lptim.o
 .debug_aranges
                0x00000000000004a0       0xa0 Drivers/STM32L0xx_HAL_Driver/Src/stm32l0xx_hal_pwr.o
 .debug_aranges
                0x0000000000000540       0x88 Drivers/STM32L0xx_HAL_Driver/Src/stm32l0xx_hal_rcc.o
 .debug_aranges
                0x00000000000005c8       0x58 Drivers/STM32L0xx_HAL_Driver/Src/stm32l0xx_hal_rcc_ex.o
 .debug_aranges
                0x0000000000000620       0xb8 Drivers/STM32L0xx_HAL_Driver/Src/stm32l0xx_hal_rtc.o
 .debug_aranges
                0x00000000000006d8      0x130 Drivers/STM32L0xx_HAL_Driver/Src/stm32l0xx_hal_rtc_ex.o
 .debug_aranges
                0x0000000000000808      0x368 Drivers/STM32L0xx_HAL_Driver/Src/stm32l0xx_hal_tim.o
 .debug_aranges
                0x0000000000000b70       0x28 Drivers/STM32L0xx_HAL_Driver/Src/stm32l0xx_hal_tim_ex.o
 .debug_aranges
                0x0000000000000b98      0x1e8 Drivers/STM32L0xx_HAL_Driver/Src/stm32l0xx_hal_uart.o
 .debug_aranges
                0x0000000000000d80      0x368 Src/Fsm.o
 .debug_aranges
                0x00000000000010e8       0x40 Src/fsm_timer.o
 .debug_aranges
                0x0000000000001128      0x168 Src/main.o
 .debug_aranges
                0x0000000000001290       0x78 Src/stm32l0xx_hal_msp.o
 .debug_aranges
                0x0000000000001308       0x38 Src/stm32l0xx_it.o
 .debug_aranges
                0x0000000000001340       0x28 Src/system_stm32l0xx.o
 .debug_aranges
                0x0000000000001368       0x28 startup/startup_stm32l031xx.o

.debug_ranges   0x0000000000000000     0x12f8
 .debug_ranges  0x0000000000000000       0xd0 Drivers/STM32L0xx_HAL_Driver/Src/stm32l0xx_hal.o
 .debug_ranges  0x00000000000000d0       0xf0 Drivers/STM32L0xx_HAL_Driver/Src/stm32l0xx_hal_adc.o
 .debug_ranges  0x00000000000001c0       0xb0 Drivers/STM32L0xx_HAL_Driver/Src/stm32l0xx_hal_cortex.o
 .debug_ranges  0x0000000000000270       0x60 Drivers/STM32L0xx_HAL_Driver/Src/stm32l0xx_hal_dma.o
 .debug_ranges  0x00000000000002d0       0x48 Drivers/STM32L0xx_HAL_Driver/Src/stm32l0xx_hal_gpio.o
 .debug_ranges  0x0000000000000318       0x18 Drivers/STM32L0xx_HAL_Driver/Src/stm32l0xx_hal_iwdg.o
 .debug_ranges  0x0000000000000330      0x148 Drivers/STM32L0xx_HAL_Driver/Src/stm32l0xx_hal_lptim.o
 .debug_ranges  0x0000000000000478       0x90 Drivers/STM32L0xx_HAL_Driver/Src/stm32l0xx_hal_pwr.o
 .debug_ranges  0x0000000000000508       0xa8 Drivers/STM32L0xx_HAL_Driver/Src/stm32l0xx_hal_rcc.o
 .debug_ranges  0x00000000000005b0       0x60 Drivers/STM32L0xx_HAL_Driver/Src/stm32l0xx_hal_rcc_ex.o
 .debug_ranges  0x0000000000000610       0xa8 Drivers/STM32L0xx_HAL_Driver/Src/stm32l0xx_hal_rtc.o
 .debug_ranges  0x00000000000006b8      0x120 Drivers/STM32L0xx_HAL_Driver/Src/stm32l0xx_hal_rtc_ex.o
 .debug_ranges  0x00000000000007d8      0x358 Drivers/STM32L0xx_HAL_Driver/Src/stm32l0xx_hal_tim.o
 .debug_ranges  0x0000000000000b30       0x18 Drivers/STM32L0xx_HAL_Driver/Src/stm32l0xx_hal_tim_ex.o
 .debug_ranges  0x0000000000000b48      0x1d8 Drivers/STM32L0xx_HAL_Driver/Src/stm32l0xx_hal_uart.o
 .debug_ranges  0x0000000000000d20      0x358 Src/Fsm.o
 .debug_ranges  0x0000000000001078       0x30 Src/fsm_timer.o
 .debug_ranges  0x00000000000010a8      0x188 Src/main.o
 .debug_ranges  0x0000000000001230       0x68 Src/stm32l0xx_hal_msp.o
 .debug_ranges  0x0000000000001298       0x28 Src/stm32l0xx_it.o
 .debug_ranges  0x00000000000012c0       0x18 Src/system_stm32l0xx.o
 .debug_ranges  0x00000000000012d8       0x20 startup/startup_stm32l031xx.o

.debug_macro    0x0000000000000000    0x155b9
 .debug_macro   0x0000000000000000      0x388 Drivers/STM32L0xx_HAL_Driver/Src/stm32l0xx_hal.o
 .debug_macro   0x0000000000000388      0xa4e Drivers/STM32L0xx_HAL_Driver/Src/stm32l0xx_hal.o
 .debug_macro   0x0000000000000dd6       0xac Drivers/STM32L0xx_HAL_Driver/Src/stm32l0xx_hal.o
 .debug_macro   0x0000000000000e82       0xb5 Drivers/STM32L0xx_HAL_Driver/Src/stm32l0xx_hal.o
 .debug_macro   0x0000000000000f37       0x2e Drivers/STM32L0xx_HAL_Driver/Src/stm32l0xx_hal.o
 .debug_macro   0x0000000000000f65       0x28 Drivers/STM32L0xx_HAL_Driver/Src/stm32l0xx_hal.o
 .debug_macro   0x0000000000000f8d       0x22 Drivers/STM32L0xx_HAL_Driver/Src/stm32l0xx_hal.o
 .debug_macro   0x0000000000000faf       0x8e Drivers/STM32L0xx_HAL_Driver/Src/stm32l0xx_hal.o
 .debug_macro   0x000000000000103d       0x51 Drivers/STM32L0xx_HAL_Driver/Src/stm32l0xx_hal.o
 .debug_macro   0x000000000000108e       0xef Drivers/STM32L0xx_HAL_Driver/Src/stm32l0xx_hal.o
 .debug_macro   0x000000000000117d       0x6a Drivers/STM32L0xx_HAL_Driver/Src/stm32l0xx_hal.o
 .debug_macro   0x00000000000011e7      0x1df Drivers/STM32L0xx_HAL_Driver/Src/stm32l0xx_hal.o
 .debug_macro   0x00000000000013c6       0x34 Drivers/STM32L0xx_HAL_Driver/Src/stm32l0xx_hal.o
 .debug_macro   0x00000000000013fa       0x26 Drivers/STM32L0xx_HAL_Driver/Src/stm32l0xx_hal.o
 .debug_macro   0x0000000000001420      0x329 Drivers/STM32L0xx_HAL_Driver/Src/stm32l0xx_hal.o
 .debug_macro   0x0000000000001749     0x7ec1 Drivers/STM32L0xx_HAL_Driver/Src/stm32l0xx_hal.o
 .debug_macro   0x000000000000960a       0x3c Drivers/STM32L0xx_HAL_Driver/Src/stm32l0xx_hal.o
 .debug_macro   0x0000000000009646     0x3455 Drivers/STM32L0xx_HAL_Driver/Src/stm32l0xx_hal.o
 .debug_macro   0x000000000000ca9b       0x5e Drivers/STM32L0xx_HAL_Driver/Src/stm32l0xx_hal.o
 .debug_macro   0x000000000000caf9       0x18 Drivers/STM32L0xx_HAL_Driver/Src/stm32l0xx_hal.o
 .debug_macro   0x000000000000cb11       0x35 Drivers/STM32L0xx_HAL_Driver/Src/stm32l0xx_hal.o
 .debug_macro   0x000000000000cb46       0x34 Drivers/STM32L0xx_HAL_Driver/Src/stm32l0xx_hal.o
 .debug_macro   0x000000000000cb7a       0x16 Drivers/STM32L0xx_HAL_Driver/Src/stm32l0xx_hal.o
 .debug_macro   0x000000000000cb90       0x97 Drivers/STM32L0xx_HAL_Driver/Src/stm32l0xx_hal.o
 .debug_macro   0x000000000000cc27      0x330 Drivers/STM32L0xx_HAL_Driver/Src/stm32l0xx_hal.o
 .debug_macro   0x000000000000cf57       0xfd Drivers/STM32L0xx_HAL_Driver/Src/stm32l0xx_hal.o
 .debug_macro   0x000000000000d054       0x10 Drivers/STM32L0xx_HAL_Driver/Src/stm32l0xx_hal.o
 .debug_macro   0x000000000000d064       0x58 Drivers/STM32L0xx_HAL_Driver/Src/stm32l0xx_hal.o
 .debug_macro   0x000000000000d0bc       0x1f Drivers/STM32L0xx_HAL_Driver/Src/stm32l0xx_hal.o
 .debug_macro   0x000000000000d0db       0x43 Drivers/STM32L0xx_HAL_Driver/Src/stm32l0xx_hal.o
 .debug_macro   0x000000000000d11e       0x20 Drivers/STM32L0xx_HAL_Driver/Src/stm32l0xx_hal.o
 .debug_macro   0x000000000000d13e      0x18e Drivers/STM32L0xx_HAL_Driver/Src/stm32l0xx_hal.o
 .debug_macro   0x000000000000d2cc       0x10 Drivers/STM32L0xx_HAL_Driver/Src/stm32l0xx_hal.o
 .debug_macro   0x000000000000d2dc       0x1c Drivers/STM32L0xx_HAL_Driver/Src/stm32l0xx_hal.o
 .debug_macro   0x000000000000d2f8       0x52 Drivers/STM32L0xx_HAL_Driver/Src/stm32l0xx_hal.o
 .debug_macro   0x000000000000d34a       0x40 Drivers/STM32L0xx_HAL_Driver/Src/stm32l0xx_hal.o
 .debug_macro   0x000000000000d38a       0x10 Drivers/STM32L0xx_HAL_Driver/Src/stm32l0xx_hal.o
 .debug_macro   0x000000000000d39a       0x40 Drivers/STM32L0xx_HAL_Driver/Src/stm32l0xx_hal.o
 .debug_macro   0x000000000000d3da       0xd7 Drivers/STM32L0xx_HAL_Driver/Src/stm32l0xx_hal.o
 .debug_macro   0x000000000000d4b1       0x1c Drivers/STM32L0xx_HAL_Driver/Src/stm32l0xx_hal.o
 .debug_macro   0x000000000000d4cd       0x3d Drivers/STM32L0xx_HAL_Driver/Src/stm32l0xx_hal.o
 .debug_macro   0x000000000000d50a       0x16 Drivers/STM32L0xx_HAL_Driver/Src/stm32l0xx_hal.o
 .debug_macro   0x000000000000d520      0x16f Drivers/STM32L0xx_HAL_Driver/Src/stm32l0xx_hal.o
 .debug_macro   0x000000000000d68f       0x50 Drivers/STM32L0xx_HAL_Driver/Src/stm32l0xx_hal.o
 .debug_macro   0x000000000000d6df      0x8b8 Drivers/STM32L0xx_HAL_Driver/Src/stm32l0xx_hal.o
 .debug_macro   0x000000000000df97      0x474 Drivers/STM32L0xx_HAL_Driver/Src/stm32l0xx_hal.o
 .debug_macro   0x000000000000e40b      0x14b Drivers/STM32L0xx_HAL_Driver/Src/stm32l0xx_hal.o
 .debug_macro   0x000000000000e556      0x114 Drivers/STM32L0xx_HAL_Driver/Src/stm32l0xx_hal.o
 .debug_macro   0x000000000000e66a      0x279 Drivers/STM32L0xx_HAL_Driver/Src/stm32l0xx_hal.o
 .debug_macro   0x000000000000e8e3       0x28 Drivers/STM32L0xx_HAL_Driver/Src/stm32l0xx_hal.o
 .debug_macro   0x000000000000e90b      0x4e8 Drivers/STM32L0xx_HAL_Driver/Src/stm32l0xx_hal.o
 .debug_macro   0x000000000000edf3       0x6c Drivers/STM32L0xx_HAL_Driver/Src/stm32l0xx_hal.o
 .debug_macro   0x000000000000ee5f      0x128 Drivers/STM32L0xx_HAL_Driver/Src/stm32l0xx_hal.o
 .debug_macro   0x000000000000ef87      0x246 Drivers/STM32L0xx_HAL_Driver/Src/stm32l0xx_hal.o
 .debug_macro   0x000000000000f1cd      0x202 Drivers/STM32L0xx_HAL_Driver/Src/stm32l0xx_hal.o
 .debug_macro   0x000000000000f3cf       0x5b Drivers/STM32L0xx_HAL_Driver/Src/stm32l0xx_hal.o
 .debug_macro   0x000000000000f42a       0x90 Drivers/STM32L0xx_HAL_Driver/Src/stm32l0xx_hal.o
 .debug_macro   0x000000000000f4ba       0x87 Drivers/STM32L0xx_HAL_Driver/Src/stm32l0xx_hal.o
 .debug_macro   0x000000000000f541      0x255 Drivers/STM32L0xx_HAL_Driver/Src/stm32l0xx_hal.o
 .debug_macro   0x000000000000f796       0x46 Drivers/STM32L0xx_HAL_Driver/Src/stm32l0xx_hal.o
 .debug_macro   0x000000000000f7dc      0x18d Drivers/STM32L0xx_HAL_Driver/Src/stm32l0xx_hal.o
 .debug_macro   0x000000000000f969       0x16 Drivers/STM32L0xx_HAL_Driver/Src/stm32l0xx_hal.o
 .debug_macro   0x000000000000f97f      0x30c Drivers/STM32L0xx_HAL_Driver/Src/stm32l0xx_hal.o
 .debug_macro   0x000000000000fc8b      0x41b Drivers/STM32L0xx_HAL_Driver/Src/stm32l0xx_hal.o
 .debug_macro   0x00000000000100a6       0xdd Drivers/STM32L0xx_HAL_Driver/Src/stm32l0xx_hal.o
 .debug_macro   0x0000000000010183      0x703 Drivers/STM32L0xx_HAL_Driver/Src/stm32l0xx_hal.o
 .debug_macro   0x0000000000010886      0x11b Drivers/STM32L0xx_HAL_Driver/Src/stm32l0xx_hal.o
 .debug_macro   0x00000000000109a1      0x54a Drivers/STM32L0xx_HAL_Driver/Src/stm32l0xx_hal.o
 .debug_macro   0x0000000000010eeb       0x44 Drivers/STM32L0xx_HAL_Driver/Src/stm32l0xx_hal.o
 .debug_macro   0x0000000000010f2f      0x123 Drivers/STM32L0xx_HAL_Driver/Src/stm32l0xx_hal.o
 .debug_macro   0x0000000000011052      0x373 Drivers/STM32L0xx_HAL_Driver/Src/stm32l0xx_hal_adc.o
 .debug_macro   0x00000000000113c5      0x364 Drivers/STM32L0xx_HAL_Driver/Src/stm32l0xx_hal_cortex.o
 .debug_macro   0x0000000000011729      0x36a Drivers/STM32L0xx_HAL_Driver/Src/stm32l0xx_hal_dma.o
 .debug_macro   0x0000000000011a93      0x39c Drivers/STM32L0xx_HAL_Driver/Src/stm32l0xx_hal_gpio.o
 .debug_macro   0x0000000000011e2f      0x36b Drivers/STM32L0xx_HAL_Driver/Src/stm32l0xx_hal_iwdg.o
 .debug_macro   0x000000000001219a      0x364 Drivers/STM32L0xx_HAL_Driver/Src/stm32l0xx_hal_lptim.o
 .debug_macro   0x00000000000124fe      0x37c Drivers/STM32L0xx_HAL_Driver/Src/stm32l0xx_hal_pwr.o
 .debug_macro   0x000000000001287a      0x3c4 Drivers/STM32L0xx_HAL_Driver/Src/stm32l0xx_hal_rcc.o
 .debug_macro   0x0000000000012c3e      0x364 Drivers/STM32L0xx_HAL_Driver/Src/stm32l0xx_hal_rcc_ex.o
 .debug_macro   0x0000000000012fa2      0x364 Drivers/STM32L0xx_HAL_Driver/Src/stm32l0xx_hal_rtc.o
 .debug_macro   0x0000000000013306      0x364 Drivers/STM32L0xx_HAL_Driver/Src/stm32l0xx_hal_rtc_ex.o
 .debug_macro   0x000000000001366a      0x365 Drivers/STM32L0xx_HAL_Driver/Src/stm32l0xx_hal_tim.o
 .debug_macro   0x00000000000139cf      0x364 Drivers/STM32L0xx_HAL_Driver/Src/stm32l0xx_hal_tim_ex.o
 .debug_macro   0x0000000000013d33      0x376 Drivers/STM32L0xx_HAL_Driver/Src/stm32l0xx_hal_uart.o
 .debug_macro   0x00000000000140a9      0x18b Src/Fsm.o
 .debug_macro   0x0000000000014234       0x22 Src/Fsm.o
 .debug_macro   0x0000000000014256       0x1c Src/Fsm.o
 .debug_macro   0x0000000000014272       0x70 Src/Fsm.o
 .debug_macro   0x00000000000142e2       0x16 Src/Fsm.o
 .debug_macro   0x00000000000142f8      0x10e Src/Fsm.o
 .debug_macro   0x0000000000014406       0x8d Src/Fsm.o
 .debug_macro   0x0000000000014493       0x16 Src/Fsm.o
 .debug_macro   0x00000000000144a9       0x29 Src/Fsm.o
 .debug_macro   0x00000000000144d2       0x16 Src/Fsm.o
 .debug_macro   0x00000000000144e8       0x35 Src/Fsm.o
 .debug_macro   0x000000000001451d      0x212 Src/fsm_timer.o
 .debug_macro   0x000000000001472f       0x1c Src/fsm_timer.o
 .debug_macro   0x000000000001474b      0x410 Src/main.o
 .debug_macro   0x0000000000014b5b       0x22 Src/main.o
 .debug_macro   0x0000000000014b7d      0x364 Src/stm32l0xx_hal_msp.o
 .debug_macro   0x0000000000014ee1      0x36e Src/stm32l0xx_it.o
 .debug_macro   0x000000000001524f      0x36a Src/system_stm32l0xx.o

.debug_line     0x0000000000000000    0x10abc
 .debug_line    0x0000000000000000      0xb36 Drivers/STM32L0xx_HAL_Driver/Src/stm32l0xx_hal.o
 .debug_line    0x0000000000000b36      0xe5b Drivers/STM32L0xx_HAL_Driver/Src/stm32l0xx_hal_adc.o
 .debug_line    0x0000000000001991      0xad3 Drivers/STM32L0xx_HAL_Driver/Src/stm32l0xx_hal_cortex.o
 .debug_line    0x0000000000002464      0xe05 Drivers/STM32L0xx_HAL_Driver/Src/stm32l0xx_hal_dma.o
 .debug_line    0x0000000000003269      0xab6 Drivers/STM32L0xx_HAL_Driver/Src/stm32l0xx_hal_gpio.o
 .debug_line    0x0000000000003d1f      0x9a3 Drivers/STM32L0xx_HAL_Driver/Src/stm32l0xx_hal_iwdg.o
 .debug_line    0x00000000000046c2      0xd52 Drivers/STM32L0xx_HAL_Driver/Src/stm32l0xx_hal_lptim.o
 .debug_line    0x0000000000005414      0xae8 Drivers/STM32L0xx_HAL_Driver/Src/stm32l0xx_hal_pwr.o
 .debug_line    0x0000000000005efc      0xc63 Drivers/STM32L0xx_HAL_Driver/Src/stm32l0xx_hal_rcc.o
 .debug_line    0x0000000000006b5f      0xaef Drivers/STM32L0xx_HAL_Driver/Src/stm32l0xx_hal_rcc_ex.o
 .debug_line    0x000000000000764e      0xd12 Drivers/STM32L0xx_HAL_Driver/Src/stm32l0xx_hal_rtc.o
 .debug_line    0x0000000000008360      0xfda Drivers/STM32L0xx_HAL_Driver/Src/stm32l0xx_hal_rtc_ex.o
 .debug_line    0x000000000000933a     0x17ec Drivers/STM32L0xx_HAL_Driver/Src/stm32l0xx_hal_tim.o
 .debug_line    0x000000000000ab26      0x9d8 Drivers/STM32L0xx_HAL_Driver/Src/stm32l0xx_hal_tim_ex.o
 .debug_line    0x000000000000b4fe     0x1445 Drivers/STM32L0xx_HAL_Driver/Src/stm32l0xx_hal_uart.o
 .debug_line    0x000000000000c943      0xdce Src/Fsm.o
 .debug_line    0x000000000000d711      0x549 Src/fsm_timer.o
 .debug_line    0x000000000000dc5a      0xfe3 Src/main.o
 .debug_line    0x000000000000ec3d      0xaaa Src/stm32l0xx_hal_msp.o
 .debug_line    0x000000000000f6e7      0x9be Src/stm32l0xx_it.o
 .debug_line    0x00000000000100a5      0x994 Src/system_stm32l0xx.o
 .debug_line    0x0000000000010a39       0x83 startup/startup_stm32l031xx.o

.debug_str      0x0000000000000000    0x7a40d
 .debug_str     0x0000000000000000    0x74751 Drivers/STM32L0xx_HAL_Driver/Src/stm32l0xx_hal.o
                                      0x74ba1 (size before relaxing)
 .debug_str     0x0000000000074751      0x72e Drivers/STM32L0xx_HAL_Driver/Src/stm32l0xx_hal_adc.o
                                      0x74cba (size before relaxing)
 .debug_str     0x0000000000074e7f      0x1b9 Drivers/STM32L0xx_HAL_Driver/Src/stm32l0xx_hal_cortex.o
                                      0x748e5 (size before relaxing)
 .debug_str     0x0000000000075038      0x17c Drivers/STM32L0xx_HAL_Driver/Src/stm32l0xx_hal_dma.o
                                      0x748a0 (size before relaxing)
 .debug_str     0x00000000000751b4      0x2c1 Drivers/STM32L0xx_HAL_Driver/Src/stm32l0xx_hal_gpio.o
                                      0x748a7 (size before relaxing)
 .debug_str     0x0000000000075475       0xb8 Drivers/STM32L0xx_HAL_Driver/Src/stm32l0xx_hal_iwdg.o
                                      0x745e4 (size before relaxing)
 .debug_str     0x000000000007552d      0x585 Drivers/STM32L0xx_HAL_Driver/Src/stm32l0xx_hal_lptim.o
                                      0x74b34 (size before relaxing)
 .debug_str     0x0000000000075ab2      0x2ac Drivers/STM32L0xx_HAL_Driver/Src/stm32l0xx_hal_pwr.o
                                      0x7486d (size before relaxing)
 .debug_str     0x0000000000075d5e      0x560 Drivers/STM32L0xx_HAL_Driver/Src/stm32l0xx_hal_rcc.o
                                      0x74c03 (size before relaxing)
 .debug_str     0x00000000000762be      0x1da Drivers/STM32L0xx_HAL_Driver/Src/stm32l0xx_hal_rcc_ex.o
                                      0x747ee (size before relaxing)
 .debug_str     0x0000000000076498      0x439 Drivers/STM32L0xx_HAL_Driver/Src/stm32l0xx_hal_rtc.o
                                      0x749eb (size before relaxing)
 .debug_str     0x00000000000768d1      0x559 Drivers/STM32L0xx_HAL_Driver/Src/stm32l0xx_hal_rtc_ex.o
                                      0x74d4d (size before relaxing)
 .debug_str     0x0000000000076e2a      0xddc Drivers/STM32L0xx_HAL_Driver/Src/stm32l0xx_hal_tim.o
                                      0x75609 (size before relaxing)
 .debug_str     0x0000000000077c06       0xc1 Drivers/STM32L0xx_HAL_Driver/Src/stm32l0xx_hal_tim_ex.o
                                      0x74964 (size before relaxing)
 .debug_str     0x0000000000077cc7      0xa0e Drivers/STM32L0xx_HAL_Driver/Src/stm32l0xx_hal_uart.o
                                      0x752ca (size before relaxing)
 .debug_str     0x00000000000786d5     0x1586 Src/Fsm.o
                                       0x8046 (size before relaxing)
 .debug_str     0x0000000000079c5b      0x118 Src/fsm_timer.o
                                       0x7f6d (size before relaxing)
 .debug_str     0x0000000000079d73      0x560 Src/main.o
                                      0x76806 (size before relaxing)
 .debug_str     0x000000000007a2d3       0x25 Src/stm32l0xx_hal_msp.o
                                      0x75429 (size before relaxing)
 .debug_str     0x000000000007a2f8       0x74 Src/stm32l0xx_it.o
                                      0x74b9f (size before relaxing)
 .debug_str     0x000000000007a36c       0x72 Src/system_stm32l0xx.o
                                      0x745f2 (size before relaxing)
 .debug_str     0x000000000007a3de       0x2f startup/startup_stm32l031xx.o
                                         0x7f (size before relaxing)

.comment        0x0000000000000000       0x7f
 .comment       0x0000000000000000       0x7f Drivers/STM32L0xx_HAL_Driver/Src/stm32l0xx_hal.o
                                         0x80 (size before relaxing)
 .comment       0x000000000000007f       0x80 Drivers/STM32L0xx_HAL_Driver/Src/stm32l0xx_hal_adc.o
 .comment       0x000000000000007f       0x80 Drivers/STM32L0xx_HAL_Driver/Src/stm32l0xx_hal_cortex.o
 .comment       0x000000000000007f       0x80 Drivers/STM32L0xx_HAL_Driver/Src/stm32l0xx_hal_dma.o
 .comment       0x000000000000007f       0x80 Drivers/STM32L0xx_HAL_Driver/Src/stm32l0xx_hal_gpio.o
 .comment       0x000000000000007f       0x80 Drivers/STM32L0xx_HAL_Driver/Src/stm32l0xx_hal_iwdg.o
 .comment       0x000000000000007f       0x80 Drivers/STM32L0xx_HAL_Driver/Src/stm32l0xx_hal_lptim.o
 .comment       0x000000000000007f       0x80 Drivers/STM32L0xx_HAL_Driver/Src/stm32l0xx_hal_pwr.o
 .comment       0x000000000000007f       0x80 Drivers/STM32L0xx_HAL_Driver/Src/stm32l0xx_hal_rcc.o
 .comment       0x000000000000007f       0x80 Drivers/STM32L0xx_HAL_Driver/Src/stm32l0xx_hal_rcc_ex.o
 .comment       0x000000000000007f       0x80 Drivers/STM32L0xx_HAL_Driver/Src/stm32l0xx_hal_rtc.o
 .comment       0x000000000000007f       0x80 Drivers/STM32L0xx_HAL_Driver/Src/stm32l0xx_hal_rtc_ex.o
 .comment       0x000000000000007f       0x80 Drivers/STM32L0xx_HAL_Driver/Src/stm32l0xx_hal_tim.o
 .comment       0x000000000000007f       0x80 Drivers/STM32L0xx_HAL_Driver/Src/stm32l0xx_hal_tim_ex.o
 .comment       0x000000000000007f       0x80 Drivers/STM32L0xx_HAL_Driver/Src/stm32l0xx_hal_uart.o
 .comment       0x000000000000007f       0x80 Src/Fsm.o
 .comment       0x000000000000007f       0x80 Src/fsm_timer.o
 .comment       0x000000000000007f       0x80 Src/main.o
 .comment       0x000000000000007f       0x80 Src/stm32l0xx_hal_msp.o
 .comment       0x000000000000007f       0x80 Src/stm32l0xx_it.o
 .comment       0x000000000000007f       0x80 Src/system_stm32l0xx.o

.debug_frame    0x0000000000000000     0x33e8
 .debug_frame   0x0000000000000000      0x1c4 Drivers/STM32L0xx_HAL_Driver/Src/stm32l0xx_hal.o
 .debug_frame   0x00000000000001c4      0x2bc Drivers/STM32L0xx_HAL_Driver/Src/stm32l0xx_hal_adc.o
 .debug_frame   0x0000000000000480       0xe4 Drivers/STM32L0xx_HAL_Driver/Src/stm32l0xx_hal_cortex.o
 .debug_frame   0x0000000000000564      0x120 Drivers/STM32L0xx_HAL_Driver/Src/stm32l0xx_hal_dma.o
 .debug_frame   0x0000000000000684       0xc8 Drivers/STM32L0xx_HAL_Driver/Src/stm32l0xx_hal_gpio.o
 .debug_frame   0x000000000000074c       0x3c Drivers/STM32L0xx_HAL_Driver/Src/stm32l0xx_hal_iwdg.o
 .debug_frame   0x0000000000000788      0x3c0 Drivers/STM32L0xx_HAL_Driver/Src/stm32l0xx_hal_lptim.o
 .debug_frame   0x0000000000000b48      0x138 Drivers/STM32L0xx_HAL_Driver/Src/stm32l0xx_hal_pwr.o
 .debug_frame   0x0000000000000c80      0x158 Drivers/STM32L0xx_HAL_Driver/Src/stm32l0xx_hal_rcc.o
 .debug_frame   0x0000000000000dd8       0xac Drivers/STM32L0xx_HAL_Driver/Src/stm32l0xx_hal_rcc_ex.o
 .debug_frame   0x0000000000000e84      0x208 Drivers/STM32L0xx_HAL_Driver/Src/stm32l0xx_hal_rtc.o
 .debug_frame   0x000000000000108c      0x38c Drivers/STM32L0xx_HAL_Driver/Src/stm32l0xx_hal_rtc_ex.o
 .debug_frame   0x0000000000001418      0x994 Drivers/STM32L0xx_HAL_Driver/Src/stm32l0xx_hal_tim.o
 .debug_frame   0x0000000000001dac       0x40 Drivers/STM32L0xx_HAL_Driver/Src/stm32l0xx_hal_tim_ex.o
 .debug_frame   0x0000000000001dec      0x540 Drivers/STM32L0xx_HAL_Driver/Src/stm32l0xx_hal_uart.o
 .debug_frame   0x000000000000232c      0x8b4 Src/Fsm.o
 .debug_frame   0x0000000000002be0       0xa4 Src/fsm_timer.o
 .debug_frame   0x0000000000002c84      0x3d4 Src/main.o
 .debug_frame   0x0000000000003058      0x130 Src/stm32l0xx_hal_msp.o
 .debug_frame   0x0000000000003188       0x70 Src/stm32l0xx_it.o
 .debug_frame   0x00000000000031f8       0x38 Src/system_stm32l0xx.o
 .debug_frame   0x0000000000003230       0x20 /home/achim/Ac6/SystemWorkbench/plugins/fr.ac6.mcu.externaltools.arm-none.linux64_1.17.0.201812190825/tools/compiler/bin/../lib/gcc/arm-none-eabi/7.3.1/thumb/v6-m/libgcc.a(_udivsi3.o)
 .debug_frame   0x0000000000003250       0x28 /home/achim/Ac6/SystemWorkbench/plugins/fr.ac6.mcu.externaltools.arm-none.linux64_1.17.0.201812190825/tools/compiler/bin/../lib/gcc/arm-none-eabi/7.3.1/thumb/v6-m/libgcc.a(_fixunssfsi.o)
 .debug_frame   0x0000000000003278       0x3c /home/achim/Ac6/SystemWorkbench/plugins/fr.ac6.mcu.externaltools.arm-none.linux64_1.17.0.201812190825/tools/compiler/bin/../lib/gcc/arm-none-eabi/7.3.1/thumb/v6-m/libgcc.a(_udivmoddi4.o)
 .debug_frame   0x00000000000032b4       0x2c /home/achim/Ac6/SystemWorkbench/plugins/fr.ac6.mcu.externaltools.arm-none.linux64_1.17.0.201812190825/tools/compiler/bin/../lib/gcc/arm-none-eabi/7.3.1/thumb/v6-m/libgcc.a(eqsf2.o)
 .debug_frame   0x00000000000032e0       0x2c /home/achim/Ac6/SystemWorkbench/plugins/fr.ac6.mcu.externaltools.arm-none.linux64_1.17.0.201812190825/tools/compiler/bin/../lib/gcc/arm-none-eabi/7.3.1/thumb/v6-m/libgcc.a(gesf2.o)
 .debug_frame   0x000000000000330c       0x2c /home/achim/Ac6/SystemWorkbench/plugins/fr.ac6.mcu.externaltools.arm-none.linux64_1.17.0.201812190825/tools/compiler/bin/../lib/gcc/arm-none-eabi/7.3.1/thumb/v6-m/libgcc.a(lesf2.o)
 .debug_frame   0x0000000000003338       0x38 /home/achim/Ac6/SystemWorkbench/plugins/fr.ac6.mcu.externaltools.arm-none.linux64_1.17.0.201812190825/tools/compiler/bin/../lib/gcc/arm-none-eabi/7.3.1/thumb/v6-m/libgcc.a(subsf3.o)
 .debug_frame   0x0000000000003370       0x20 /home/achim/Ac6/SystemWorkbench/plugins/fr.ac6.mcu.externaltools.arm-none.linux64_1.17.0.201812190825/tools/compiler/bin/../lib/gcc/arm-none-eabi/7.3.1/thumb/v6-m/libgcc.a(fixsfsi.o)
 .debug_frame   0x0000000000003390       0x2c /home/achim/Ac6/SystemWorkbench/plugins/fr.ac6.mcu.externaltools.arm-none.linux64_1.17.0.201812190825/tools/compiler/bin/../lib/gcc/arm-none-eabi/7.3.1/thumb/v6-m/libgcc.a(floatunsisf.o)