Archive member included to satisfy reference by file (symbol)

/home/achim/Ac6/SystemWorkbench/plugins/fr.ac6.mcu.externaltools.arm-none.linux64_1.17.0.201812190825/tools/compiler/bin/../lib/gcc/arm-none-eabi/7.3.1/thumb/v6-m/libgcc.a(_udivsi3.o)
                              Drivers/STM32L0xx_HAL_Driver/Src/stm32l0xx_hal.o (__aeabi_uidiv)
/home/achim/Ac6/SystemWorkbench/plugins/fr.ac6.mcu.externaltools.arm-none.linux64_1.17.0.201812190825/tools/compiler/bin/../lib/gcc/arm-none-eabi/7.3.1/thumb/v6-m/libgcc.a(_divsi3.o)
                              Src/main.o (__aeabi_idiv)
/home/achim/Ac6/SystemWorkbench/plugins/fr.ac6.mcu.externaltools.arm-none.linux64_1.17.0.201812190825/tools/compiler/bin/../lib/gcc/arm-none-eabi/7.3.1/thumb/v6-m/libgcc.a(_dvmd_tls.o)
                              /home/achim/Ac6/SystemWorkbench/plugins/fr.ac6.mcu.externaltools.arm-none.linux64_1.17.0.201812190825/tools/compiler/bin/../lib/gcc/arm-none-eabi/7.3.1/thumb/v6-m/libgcc.a(_udivsi3.o) (__aeabi_idiv0)
/home/achim/Ac6/SystemWorkbench/plugins/fr.ac6.mcu.externaltools.arm-none.linux64_1.17.0.201812190825/tools/compiler/bin/../lib/gcc/arm-none-eabi/7.3.1/thumb/v6-m/libgcc.a(_arm_cmpsf2.o)
                              Src/main.o (__aeabi_fcmple)
/home/achim/Ac6/SystemWorkbench/plugins/fr.ac6.mcu.externaltools.arm-none.linux64_1.17.0.201812190825/tools/compiler/bin/../lib/gcc/arm-none-eabi/7.3.1/thumb/v6-m/libgcc.a(_aeabi_uldivmod.o)
                              Drivers/STM32L0xx_HAL_Driver/Src/stm32l0xx_hal_uart.o (__aeabi_uldivmod)
/home/achim/Ac6/SystemWorkbench/plugins/fr.ac6.mcu.externaltools.arm-none.linux64_1.17.0.201812190825/tools/compiler/bin/../lib/gcc/arm-none-eabi/7.3.1/thumb/v6-m/libgcc.a(_fixunssfsi.o)
                              Src/main.o (__aeabi_f2uiz)
/home/achim/Ac6/SystemWorkbench/plugins/fr.ac6.mcu.externaltools.arm-none.linux64_1.17.0.201812190825/tools/compiler/bin/../lib/gcc/arm-none-eabi/7.3.1/thumb/v6-m/libgcc.a(_udivmoddi4.o)
                              /home/achim/Ac6/SystemWorkbench/plugins/fr.ac6.mcu.externaltools.arm-none.linux64_1.17.0.201812190825/tools/compiler/bin/../lib/gcc/arm-none-eabi/7.3.1/thumb/v6-m/libgcc.a(_aeabi_uldivmod.o) (__udivmoddi4)
/home/achim/Ac6/SystemWorkbench/plugins/fr.ac6.mcu.externaltools.arm-none.linux64_1.17.0.201812190825/tools/compiler/bin/../lib/gcc/arm-none-eabi/7.3.1/thumb/v6-m/libgcc.a(eqsf2.o)
                              /home/achim/Ac6/SystemWorkbench/plugins/fr.ac6.mcu.externaltools.arm-none.linux64_1.17.0.201812190825/tools/compiler/bin/../lib/gcc/arm-none-eabi/7.3.1/thumb/v6-m/libgcc.a(_arm_cmpsf2.o) (__eqsf2)
/home/achim/Ac6/SystemWorkbench/plugins/fr.ac6.mcu.externaltools.arm-none.linux64_1.17.0.201812190825/tools/compiler/bin/../lib/gcc/arm-none-eabi/7.3.1/thumb/v6-m/libgcc.a(gesf2.o)
                              /home/achim/Ac6/SystemWorkbench/plugins/fr.ac6.mcu.externaltools.arm-none.linux64_1.17.0.201812190825/tools/compiler/bin/../lib/gcc/arm-none-eabi/7.3.1/thumb/v6-m/libgcc.a(_arm_cmpsf2.o) (__gesf2)
/home/achim/Ac6/SystemWorkbench/plugins/fr.ac6.mcu.externaltools.arm-none.linux64_1.17.0.201812190825/tools/compiler/bin/../lib/gcc/arm-none-eabi/7.3.1/thumb/v6-m/libgcc.a(lesf2.o)
                              /home/achim/Ac6/SystemWorkbench/plugins/fr.ac6.mcu.externaltools.arm-none.linux64_1.17.0.201812190825/tools/compiler/bin/../lib/gcc/arm-none-eabi/7.3.1/thumb/v6-m/libgcc.a(_arm_cmpsf2.o) (__lesf2)
/home/achim/Ac6/SystemWorkbench/plugins/fr.ac6.mcu.externaltools.arm-none.linux64_1.17.0.201812190825/tools/compiler/bin/../lib/gcc/arm-none-eabi/7.3.1/thumb/v6-m/libgcc.a(subsf3.o)
                              Src/main.o (__aeabi_fsub)
/home/achim/Ac6/SystemWorkbench/plugins/fr.ac6.mcu.externaltools.arm-none.linux64_1.17.0.201812190825/tools/compiler/bin/../lib/gcc/arm-none-eabi/7.3.1/thumb/v6-m/libgcc.a(fixsfsi.o)
                              /home/achim/Ac6/SystemWorkbench/plugins/fr.ac6.mcu.externaltools.arm-none.linux64_1.17.0.201812190825/tools/compiler/bin/../lib/gcc/arm-none-eabi/7.3.1/thumb/v6-m/libgcc.a(_fixunssfsi.o) (__aeabi_f2iz)
/home/achim/Ac6/SystemWorkbench/plugins/fr.ac6.mcu.externaltools.arm-none.linux64_1.17.0.201812190825/tools/compiler/bin/../lib/gcc/arm-none-eabi/7.3.1/thumb/v6-m/libgcc.a(floatunsisf.o)
                              Src/main.o (__aeabi_ui2f)
/home/achim/Ac6/SystemWorkbench/plugins/fr.ac6.mcu.externaltools.arm-none.linux64_1.17.0.201812190825/tools/compiler/bin/../lib/gcc/arm-none-eabi/7.3.1/thumb/v6-m/libgcc.a(_clzsi2.o)
                              /home/achim/Ac6/SystemWorkbench/plugins/fr.ac6.mcu.externaltools.arm-none.linux64_1.17.0.201812190825/tools/compiler/bin/../lib/gcc/arm-none-eabi/7.3.1/thumb/v6-m/libgcc.a(subsf3.o) (__clzsi2)
/home/achim/Ac6/SystemWorkbench/plugins/fr.ac6.mcu.externaltools.arm-none.linux64_1.17.0.201812190825/tools/compiler/bin/../lib/gcc/arm-none-eabi/7.3.1/thumb/v6-m/libgcc.a(_clzdi2.o)
[...]
Memory Configuration

Name             Origin             Length             Attributes
RAM              0x0000000020000000 0x0000000000002000 xrw
FLASH            0x0000000008000000 0x0000000000008000 xr
*default*        0x0000000000000000 0xffffffffffffffff

Linker script and memory map

LOAD /home/achim/Ac6/SystemWorkbench/plugins/fr.ac6.mcu.externaltools.arm-none.linux64_1.17.0.201812190825/tools/compiler/bin/../lib/gcc/arm-none-eabi/7.3.1/thumb/v6-m/crti.o
LOAD /home/achim/Ac6/SystemWorkbench/plugins/fr.ac6.mcu.externaltools.arm-none.linux64_1.17.0.201812190825/tools/compiler/bin/../lib/gcc/arm-none-eabi/7.3.1/thumb/v6-m/crtbegin.o
LOAD /home/achim/Ac6/SystemWorkbench/plugins/fr.ac6.mcu.externaltools.arm-none.linux64_1.17.0.201812190825/tools/compiler/bin/../lib/gcc/arm-none-eabi/7.3.1/../../../../arm-none-eabi/lib/thumb/v6-m/crt0.o
LOAD Drivers/STM32L0xx_HAL_Driver/Src/stm32l0xx_hal.o
LOAD Drivers/STM32L0xx_HAL_Driver/Src/stm32l0xx_hal_adc.o
LOAD Drivers/STM32L0xx_HAL_Driver/Src/stm32l0xx_hal_adc_ex.o
LOAD Drivers/STM32L0xx_HAL_Driver/Src/stm32l0xx_hal_cortex.o
LOAD Drivers/STM32L0xx_HAL_Driver/Src/stm32l0xx_hal_dma.o
LOAD Drivers/STM32L0xx_HAL_Driver/Src/stm32l0xx_hal_flash.o
LOAD Drivers/STM32L0xx_HAL_Driver/Src/stm32l0xx_hal_flash_ex.o
LOAD Drivers/STM32L0xx_HAL_Driver/Src/stm32l0xx_hal_flash_ramfunc.o
LOAD Drivers/STM32L0xx_HAL_Driver/Src/stm32l0xx_hal_gpio.o
LOAD Drivers/STM32L0xx_HAL_Driver/Src/stm32l0xx_hal_i2c.o
LOAD Drivers/STM32L0xx_HAL_Driver/Src/stm32l0xx_hal_i2c_ex.o
LOAD Drivers/STM32L0xx_HAL_Driver/Src/stm32l0xx_hal_iwdg.o
LOAD Drivers/STM32L0xx_HAL_Driver/Src/stm32l0xx_hal_lptim.o
LOAD Drivers/STM32L0xx_HAL_Driver/Src/stm32l0xx_hal_pwr.o
LOAD Drivers/STM32L0xx_HAL_Driver/Src/stm32l0xx_hal_pwr_ex.o
LOAD Drivers/STM32L0xx_HAL_Driver/Src/stm32l0xx_hal_rcc.o
LOAD Drivers/STM32L0xx_HAL_Driver/Src/stm32l0xx_hal_rcc_ex.o
LOAD Drivers/STM32L0xx_HAL_Driver/Src/stm32l0xx_hal_rtc.o
LOAD Drivers/STM32L0xx_HAL_Driver/Src/stm32l0xx_hal_rtc_ex.o
LOAD Drivers/STM32L0xx_HAL_Driver/Src/stm32l0xx_hal_tim.o
LOAD Drivers/STM32L0xx_HAL_Driver/Src/stm32l0xx_hal_tim_ex.o
LOAD Drivers/STM32L0xx_HAL_Driver/Src/stm32l0xx_hal_uart.o
LOAD Drivers/STM32L0xx_HAL_Driver/Src/stm32l0xx_hal_uart_ex.o
LOAD Src/FwPrConfig.o
LOAD Src/FwPrCore.o
LOAD Src/FwPrDCreate.o
LOAD Src/FwPrSCreate.o
LOAD Src/FwRtConfig.o
LOAD Src/FwRtCore.o
LOAD Src/FwSmAux.o
LOAD Src/FwSmConfig.o
LOAD Src/FwSmCore.o
LOAD Src/FwSmDCreate.o
LOAD Src/FwSmSCreate.o
LOAD Src/MainFsm.o
LOAD Src/main.o
LOAD Src/stm32l0xx_hal_msp.o
LOAD Src/stm32l0xx_it.o
LOAD Src/system_stm32l0xx.o
LOAD startup/startup_stm32l031xx.o
LOAD /home/achim/Ac6/SystemWorkbench/plugins/fr.ac6.mcu.externaltools.arm-none.linux64_1.17.0.201812190825/tools/compiler/bin/../lib/gcc/arm-none-eabi/7.3.1/../../../../arm-none-eabi/lib/thumb/v6-m/libm.a
START GROUP
LOAD /home/achim/Ac6/SystemWorkbench/plugins/fr.ac6.mcu.externaltools.arm-none.linux64_1.17.0.201812190825/tools/compiler/bin/../lib/gcc/arm-none-eabi/7.3.1/thumb/v6-m/libgcc.a
LOAD /home/achim/Ac6/SystemWorkbench/plugins/fr.ac6.mcu.externaltools.arm-none.linux64_1.17.0.201812190825/tools/compiler/bin/../lib/gcc/arm-none-eabi/7.3.1/../../../../arm-none-eabi/lib/thumb/v6-m/libc_nano.a
END GROUP
START GROUP
LOAD /home/achim/Ac6/SystemWorkbench/plugins/fr.ac6.mcu.externaltools.arm-none.linux64_1.17.0.201812190825/tools/compiler/bin/../lib/gcc/arm-none-eabi/7.3.1/thumb/v6-m/libgcc.a
LOAD /home/achim/Ac6/SystemWorkbench/plugins/fr.ac6.mcu.externaltools.arm-none.linux64_1.17.0.201812190825/tools/compiler/bin/../lib/gcc/arm-none-eabi/7.3.1/../../../../arm-none-eabi/lib/thumb/v6-m/libc_nano.a
LOAD /home/achim/Ac6/SystemWorkbench/plugins/fr.ac6.mcu.externaltools.arm-none.linux64_1.17.0.201812190825/tools/compiler/bin/../lib/gcc/arm-none-eabi/7.3.1/../../../../arm-none-eabi/lib/thumb/v6-m/libnosys.a
END GROUP
START GROUP
LOAD /home/achim/Ac6/SystemWorkbench/plugins/fr.ac6.mcu.externaltools.arm-none.linux64_1.17.0.201812190825/tools/compiler/bin/../lib/gcc/arm-none-eabi/7.3.1/thumb/v6-m/libgcc.a
LOAD /home/achim/Ac6/SystemWorkbench/plugins/fr.ac6.mcu.externaltools.arm-none.linux64_1.17.0.201812190825/tools/compiler/bin/../lib/gcc/arm-none-eabi/7.3.1/../../../../arm-none-eabi/lib/thumb/v6-m/libc_nano.a
LOAD /home/achim/Ac6/SystemWorkbench/plugins/fr.ac6.mcu.externaltools.arm-none.linux64_1.17.0.201812190825/tools/compiler/bin/../lib/gcc/arm-none-eabi/7.3.1/../../../../arm-none-eabi/lib/thumb/v6-m/libnosys.a
END GROUP
LOAD /home/achim/Ac6/SystemWorkbench/plugins/fr.ac6.mcu.externaltools.arm-none.linux64_1.17.0.201812190825/tools/compiler/bin/../lib/gcc/arm-none-eabi/7.3.1/thumb/v6-m/crtend.o
LOAD /home/achim/Ac6/SystemWorkbench/plugins/fr.ac6.mcu.externaltools.arm-none.linux64_1.17.0.201812190825/tools/compiler/bin/../lib/gcc/arm-none-eabi/7.3.1/thumb/v6-m/crtn.o
                0x0000000020002000                _estack = 0x20002000
                0x0000000000000200                _Min_Heap_Size = 0x200
                0x0000000000000400                _Min_Stack_Size = 0x400

.isr_vector     0x0000000008000000       0xc0
                0x0000000008000000                . = ALIGN (0x4)
 *(.isr_vector)
 .isr_vector    0x0000000008000000       0xc0 startup/startup_stm32l031xx.o
                0x0000000008000000                g_pfnVectors
                0x00000000080000c0                . = ALIGN (0x4)

.text           0x00000000080000c0     0x5e44
                0x00000000080000c0                . = ALIGN (0x4)
 *(.text)
 .text          0x00000000080000c0       0x48 /home/achim/Ac6/SystemWorkbench/plugins/fr.ac6.mcu.externaltools.arm-none.linux64_1.17.0.201812190825/tools/compiler/bin/../lib/gcc/arm-none-eabi/7.3.1/thumb/v6-m/crtbegin.o
 .text          0x0000000008000108      0x114 /home/achim/Ac6/SystemWorkbench/plugins/fr.ac6.mcu.externaltools.arm-none.linux64_1.17.0.201812190825/tools/compiler/bin/../lib/gcc/arm-none-eabi/7.3.1/thumb/v6-m/libgcc.a(_udivsi3.o)
                0x0000000008000108                __udivsi3
                0x0000000008000108                __aeabi_uidiv
                0x0000000008000214                __aeabi_uidivmod
 .text          0x000000000800021c        0x4 /home/achim/Ac6/SystemWorkbench/plugins/fr.ac6.mcu.externaltools.arm-none.linux64_1.17.0.201812190825/tools/compiler/bin/../lib/gcc/arm-none-eabi/7.3.1/thumb/v6-m/libgcc.a(_dvmd_tls.o)
                0x000000000800021c                __aeabi_ldiv0
                0x000000000800021c                __aeabi_idiv0
 .text          0x0000000008000220       0x74 /home/achim/Ac6/SystemWorkbench/plugins/fr.ac6.mcu.externaltools.arm-none.linux64_1.17.0.201812190825/tools/compiler/bin/../lib/gcc/arm-none-eabi/7.3.1/thumb/v6-m/libgcc.a(_arm_cmpsf2.o)
                0x0000000008000220                __aeabi_cfrcmple
                0x0000000008000228                __aeabi_cfcmple
                0x0000000008000228                __aeabi_cfcmpeq
                0x0000000008000238                __aeabi_fcmpeq
                0x0000000008000244                __aeabi_fcmplt
                0x0000000008000258                __aeabi_fcmple
                0x000000000800026c                __aeabi_fcmpgt
                0x0000000008000280                __aeabi_fcmpge
 .text          0x0000000008000294       0x40 /home/achim/Ac6/SystemWorkbench/plugins/fr.ac6.mcu.externaltools.arm-none.linux64_1.17.0.201812190825/tools/compiler/bin/../lib/gcc/arm-none-eabi/7.3.1/thumb/v6-m/libgcc.a(_aeabi_uldivmod.o)
                0x0000000008000294                __aeabi_uldivmod
 .text          0x00000000080002d4       0x30 /home/achim/Ac6/SystemWorkbench/plugins/fr.ac6.mcu.externaltools.arm-none.linux64_1.17.0.201812190825/tools/compiler/bin/../lib/gcc/arm-none-eabi/7.3.1/thumb/v6-m/libgcc.a(_fixunssfsi.o)
                0x00000000080002d4                __aeabi_f2uiz
                0x00000000080002d4                __fixunssfsi
 .text          0x0000000008000304      0x184 /home/achim/Ac6/SystemWorkbench/plugins/fr.ac6.mcu.externaltools.arm-none.linux64_1.17.0.201812190825/tools/compiler/bin/../lib/gcc/arm-none-eabi/7.3.1/thumb/v6-m/libgcc.a(_udivmoddi4.o)
                0x0000000008000304                __udivmoddi4
 .text          0x0000000008000488       0x50 /home/achim/Ac6/SystemWorkbench/plugins/fr.ac6.mcu.externaltools.arm-none.linux64_1.17.0.201812190825/tools/compiler/bin/../lib/gcc/arm-none-eabi/7.3.1/thumb/v6-m/libgcc.a(eqsf2.o)
                0x0000000008000488                __nesf2
                0x0000000008000488                __eqsf2
 .text          0x00000000080004d8       0x9c /home/achim/Ac6/SystemWorkbench/plugins/fr.ac6.mcu.externaltools.arm-none.linux64_1.17.0.201812190825/tools/compiler/bin/../lib/gcc/arm-none-eabi/7.3.1/thumb/v6-m/libgcc.a(gesf2.o)
                0x00000000080004d8                __gtsf2
                0x00000000080004d8                __gesf2
 .text          0x0000000008000574       0xa0 /home/achim/Ac6/SystemWorkbench/plugins/fr.ac6.mcu.externaltools.arm-none.linux64_1.17.0.201812190825/tools/compiler/bin/../lib/gcc/arm-none-eabi/7.3.1/thumb/v6-m/libgcc.a(lesf2.o)
                0x0000000008000574                __lesf2
                0x0000000008000574                __ltsf2
 .text          0x0000000008000614      0x388 /home/achim/Ac6/SystemWorkbench/plugins/fr.ac6.mcu.externaltools.arm-none.linux64_1.17.0.201812190825/tools/compiler/bin/../lib/gcc/arm-none-eabi/7.3.1/thumb/v6-m/libgcc.a(subsf3.o)
                0x0000000008000614                __aeabi_fsub
 .text          0x000000000800099c       0x40 /home/achim/Ac6/SystemWorkbench/plugins/fr.ac6.mcu.externaltools.arm-none.linux64_1.17.0.201812190825/tools/compiler/bin/../lib/gcc/arm-none-eabi/7.3.1/thumb/v6-m/libgcc.a(fixsfsi.o)
                0x000000000800099c                __aeabi_f2iz
 .text          0x00000000080009dc       0x80 /home/achim/Ac6/SystemWorkbench/plugins/fr.ac6.mcu.externaltools.arm-none.linux64_1.17.0.201812190825/tools/compiler/bin/../lib/gcc/arm-none-eabi/7.3.1/thumb/v6-m/libgcc.a(floatunsisf.o)
                0x00000000080009dc                __aeabi_ui2f
 .text          0x0000000008000a5c       0x3c /home/achim/Ac6/SystemWorkbench/plugins/fr.ac6.mcu.externaltools.arm-none.linux64_1.17.0.201812190825/tools/compiler/bin/../lib/gcc/arm-none-eabi/7.3.1/thumb/v6-m/libgcc.a(_clzsi2.o)
                0x0000000008000a5c                __clzsi2
 .text          0x0000000008000a98       0x18 /home/achim/Ac6/SystemWorkbench/plugins/fr.ac6.mcu.externaltools.arm-none.linux64_1.17.0.201812190825/tools/compiler/bin/../lib/gcc/arm-none-eabi/7.3.1/thumb/v6-m/libgcc.a(_clzdi2.o)
                0x0000000008000a98                __clzdi2
 *(.text*)
 .text.HAL_InitTick
                0x0000000008000ab0       0x30 Drivers/STM32L0xx_HAL_Driver/Src/stm32l0xx_hal.o
                0x0000000008000ab0                HAL_InitTick
 .text.HAL_Init
                0x0000000008000ae0       0x28 Drivers/STM32L0xx_HAL_Driver/Src/stm32l0xx_hal.o
                0x0000000008000ae0                HAL_Init
 .text.HAL_IncTick
                0x0000000008000b08       0x10 Drivers/STM32L0xx_HAL_Driver/Src/stm32l0xx_hal.o
                0x0000000008000b08                HAL_IncTick
 .text.HAL_GetTick
                0x0000000008000b18        0xc Drivers/STM32L0xx_HAL_Driver/Src/stm32l0xx_hal.o
                0x0000000008000b18                HAL_GetTick
 .text.HAL_Delay
                0x0000000008000b24       0x1c Drivers/STM32L0xx_HAL_Driver/Src/stm32l0xx_hal.o
                0x0000000008000b24                HAL_Delay
 .text.ADC_DelayMicroSecond
                0x0000000008000b40       0x30 Drivers/STM32L0xx_HAL_Driver/Src/stm32l0xx_hal_adc.o
 .text.ADC_ConversionStop
                0x0000000008000b70       0x54 Drivers/STM32L0xx_HAL_Driver/Src/stm32l0xx_hal_adc.o
 .text.ADC_Disable
                0x0000000008000bc4       0x7a Drivers/STM32L0xx_HAL_Driver/Src/stm32l0xx_hal_adc.o
 *fill*         0x0000000008000c3e        0x2 
 .text.ADC_Enable
                0x0000000008000c40       0x78 Drivers/STM32L0xx_HAL_Driver/Src/stm32l0xx_hal_adc.o
 .text.HAL_ADC_Init
                0x0000000008000cb8      0x1e8 Drivers/STM32L0xx_HAL_Driver/Src/stm32l0xx_hal_adc.o
                0x0000000008000cb8                HAL_ADC_Init
 .text.HAL_ADC_Start_DMA
                0x0000000008000ea0       0xa8 Drivers/STM32L0xx_HAL_Driver/Src/stm32l0xx_hal_adc.o
                0x0000000008000ea0                HAL_ADC_Start_DMA
 .text.HAL_ADC_Stop_DMA
                0x0000000008000f48       0x7c Drivers/STM32L0xx_HAL_Driver/Src/stm32l0xx_hal_adc.o
                0x0000000008000f48                HAL_ADC_Stop_DMA
 .text.HAL_ADC_ConvCpltCallback
                0x0000000008000fc4        0x2 Drivers/STM32L0xx_HAL_Driver/Src/stm32l0xx_hal_adc.o
                0x0000000008000fc4                HAL_ADC_ConvCpltCallback
 *fill*         0x0000000008000fc6        0x2 
 .text.ADC_DMAConvCplt
                0x0000000008000fc8       0x74 Drivers/STM32L0xx_HAL_Driver/Src/stm32l0xx_hal_adc.o
 .text.HAL_ADC_ConvHalfCpltCallback
                0x000000000800103c        0x2 Drivers/STM32L0xx_HAL_Driver/Src/stm32l0xx_hal_adc.o
                0x000000000800103c                HAL_ADC_ConvHalfCpltCallback
 .text.ADC_DMAHalfConvCplt
                0x000000000800103e        0xa Drivers/STM32L0xx_HAL_Driver/Src/stm32l0xx_hal_adc.o
 .text.HAL_ADC_ErrorCallback
                0x0000000008001048        0x2 Drivers/STM32L0xx_HAL_Driver/Src/stm32l0xx_hal_adc.o
                0x0000000008001048                HAL_ADC_ErrorCallback
 .text.ADC_DMAError
                0x000000000800104a       0x1a Drivers/STM32L0xx_HAL_Driver/Src/stm32l0xx_hal_adc.o
 .text.HAL_ADC_ConfigChannel
                0x0000000008001064       0xbc Drivers/STM32L0xx_HAL_Driver/Src/stm32l0xx_hal_adc.o
                0x0000000008001064                HAL_ADC_ConfigChannel
 .text.HAL_NVIC_SetPriority
                0x0000000008001120       0x60 Drivers/STM32L0xx_HAL_Driver/Src/stm32l0xx_hal_cortex.o
                0x0000000008001120                HAL_NVIC_SetPriority
 .text.HAL_NVIC_EnableIRQ
                0x0000000008001180       0x14 Drivers/STM32L0xx_HAL_Driver/Src/stm32l0xx_hal_cortex.o
                0x0000000008001180                HAL_NVIC_EnableIRQ
 .text.HAL_SYSTICK_Config
                0x0000000008001194       0x38 Drivers/STM32L0xx_HAL_Driver/Src/stm32l0xx_hal_cortex.o
                0x0000000008001194                HAL_SYSTICK_Config
 .text.DMA_SetConfig
                0x00000000080011cc       0x2e Drivers/STM32L0xx_HAL_Driver/Src/stm32l0xx_hal_dma.o
 *fill*         0x00000000080011fa        0x2 
 .text.HAL_DMA_Init
                0x00000000080011fc       0x98 Drivers/STM32L0xx_HAL_Driver/Src/stm32l0xx_hal_dma.o
                0x00000000080011fc                HAL_DMA_Init
 .text.HAL_DMA_Start_IT
                0x0000000008001294       0x76 Drivers/STM32L0xx_HAL_Driver/Src/stm32l0xx_hal_dma.o
                0x0000000008001294                HAL_DMA_Start_IT
 .text.HAL_DMA_Abort
                0x000000000800130a       0x48 Drivers/STM32L0xx_HAL_Driver/Src/stm32l0xx_hal_dma.o
                0x000000000800130a                HAL_DMA_Abort
 .text.HAL_DMA_IRQHandler
                0x0000000008001352       0xba Drivers/STM32L0xx_HAL_Driver/Src/stm32l0xx_hal_dma.o
                0x0000000008001352                HAL_DMA_IRQHandler
 .text.HAL_GPIO_Init
                0x000000000800140c      0x180 Drivers/STM32L0xx_HAL_Driver/Src/stm32l0xx_hal_gpio.o
                0x000000000800140c                HAL_GPIO_Init
 .text.HAL_GPIO_ReadPin
                0x000000000800158c        0xe Drivers/STM32L0xx_HAL_Driver/Src/stm32l0xx_hal_gpio.o
                0x000000000800158c                HAL_GPIO_ReadPin
 .text.HAL_GPIO_WritePin
                0x000000000800159a        0xc Drivers/STM32L0xx_HAL_Driver/Src/stm32l0xx_hal_gpio.o
                0x000000000800159a                HAL_GPIO_WritePin
 *fill*         0x00000000080015a6        0x2 
 .text.HAL_IWDG_Init
                0x00000000080015a8       0x60 Drivers/STM32L0xx_HAL_Driver/Src/stm32l0xx_hal_iwdg.o
                0x00000000080015a8                HAL_IWDG_Init
 .text.HAL_LPTIM_Init
                0x0000000008001608       0x9c Drivers/STM32L0xx_HAL_Driver/Src/stm32l0xx_hal_lptim.o
                0x0000000008001608                HAL_LPTIM_Init
 .text.HAL_LPTIM_CompareMatchCallback
                0x00000000080016a4        0x2 Drivers/STM32L0xx_HAL_Driver/Src/stm32l0xx_hal_lptim.o
                0x00000000080016a4                HAL_LPTIM_CompareMatchCallback
 .text.HAL_LPTIM_AutoReloadMatchCallback
                0x00000000080016a6        0x2 Drivers/STM32L0xx_HAL_Driver/Src/stm32l0xx_hal_lptim.o
                0x00000000080016a6                HAL_LPTIM_AutoReloadMatchCallback
 .text.HAL_LPTIM_TriggerCallback
                0x00000000080016a8        0x2 Drivers/STM32L0xx_HAL_Driver/Src/stm32l0xx_hal_lptim.o
                0x00000000080016a8                HAL_LPTIM_TriggerCallback
 .text.HAL_LPTIM_CompareWriteCallback
                0x00000000080016aa        0x2 Drivers/STM32L0xx_HAL_Driver/Src/stm32l0xx_hal_lptim.o
                0x00000000080016aa                HAL_LPTIM_CompareWriteCallback
 .text.HAL_LPTIM_AutoReloadWriteCallback
                0x00000000080016ac        0x2 Drivers/STM32L0xx_HAL_Driver/Src/stm32l0xx_hal_lptim.o
                0x00000000080016ac                HAL_LPTIM_AutoReloadWriteCallback
 .text.HAL_LPTIM_DirectionUpCallback
                0x00000000080016ae        0x2 Drivers/STM32L0xx_HAL_Driver/Src/stm32l0xx_hal_lptim.o
                0x00000000080016ae                HAL_LPTIM_DirectionUpCallback
 .text.HAL_LPTIM_DirectionDownCallback
                0x00000000080016b0        0x2 Drivers/STM32L0xx_HAL_Driver/Src/stm32l0xx_hal_lptim.o
                0x00000000080016b0                HAL_LPTIM_DirectionDownCallback
 .text.HAL_LPTIM_IRQHandler
                0x00000000080016b2       0xba Drivers/STM32L0xx_HAL_Driver/Src/stm32l0xx_hal_lptim.o
                0x00000000080016b2                HAL_LPTIM_IRQHandler
 .text.HAL_PWR_ConfigPVD
                0x000000000800176c       0x80 Drivers/STM32L0xx_HAL_Driver/Src/stm32l0xx_hal_pwr.o
                0x000000000800176c                HAL_PWR_ConfigPVD
 .text.HAL_PWR_EnablePVD
                0x00000000080017ec       0x10 Drivers/STM32L0xx_HAL_Driver/Src/stm32l0xx_hal_pwr.o
                0x00000000080017ec                HAL_PWR_EnablePVD
 .text.HAL_PWR_EnterSTANDBYMode
                0x00000000080017fc       0x20 Drivers/STM32L0xx_HAL_Driver/Src/stm32l0xx_hal_pwr.o
                0x00000000080017fc                HAL_PWR_EnterSTANDBYMode
 .text.HAL_RCC_GetSysClockFreq
                0x000000000800181c       0xb0 Drivers/STM32L0xx_HAL_Driver/Src/stm32l0xx_hal_rcc.o
                0x000000000800181c                HAL_RCC_GetSysClockFreq
 .text.HAL_RCC_OscConfig
                0x00000000080018cc      0x50c Drivers/STM32L0xx_HAL_Driver/Src/stm32l0xx_hal_rcc.o
                0x00000000080018cc                HAL_RCC_OscConfig
 .text.HAL_RCC_ClockConfig
                0x0000000008001dd8      0x1a8 Drivers/STM32L0xx_HAL_Driver/Src/stm32l0xx_hal_rcc.o
                0x0000000008001dd8                HAL_RCC_ClockConfig
 .text.HAL_RCC_GetHCLKFreq
                0x0000000008001f80        0xc Drivers/STM32L0xx_HAL_Driver/Src/stm32l0xx_hal_rcc.o
                0x0000000008001f80                HAL_RCC_GetHCLKFreq
 .text.HAL_RCC_GetPCLK1Freq
                0x0000000008001f8c       0x20 Drivers/STM32L0xx_HAL_Driver/Src/stm32l0xx_hal_rcc.o
                0x0000000008001f8c                HAL_RCC_GetPCLK1Freq
 .text.HAL_RCC_GetPCLK2Freq
                0x0000000008001fac       0x20 Drivers/STM32L0xx_HAL_Driver/Src/stm32l0xx_hal_rcc.o
                0x0000000008001fac                HAL_RCC_GetPCLK2Freq
 .text.HAL_RCCEx_PeriphCLKConfig
                0x0000000008001fcc      0x1a0 Drivers/STM32L0xx_HAL_Driver/Src/stm32l0xx_hal_rcc_ex.o
                0x0000000008001fcc                HAL_RCCEx_PeriphCLKConfig
 .text.HAL_RTC_WaitForSynchro
                0x000000000800216c       0x32 Drivers/STM32L0xx_HAL_Driver/Src/stm32l0xx_hal_rtc.o
                0x000000000800216c                HAL_RTC_WaitForSynchro
 .text.RTC_EnterInitMode
                0x000000000800219e       0x3a Drivers/STM32L0xx_HAL_Driver/Src/stm32l0xx_hal_rtc.o
                0x000000000800219e                RTC_EnterInitMode
 .text.HAL_RTC_Init
                0x00000000080021d8       0xd8 Drivers/STM32L0xx_HAL_Driver/Src/stm32l0xx_hal_rtc.o
                0x00000000080021d8                HAL_RTC_Init
 .text.RTC_ByteToBcd2
                0x00000000080022b0       0x16 Drivers/STM32L0xx_HAL_Driver/Src/stm32l0xx_hal_rtc.o
                0x00000000080022b0                RTC_ByteToBcd2
 *fill*         0x00000000080022c6        0x2 
 .text.HAL_RTC_SetTime
                0x00000000080022c8      0x110 Drivers/STM32L0xx_HAL_Driver/Src/stm32l0xx_hal_rtc.o
                0x00000000080022c8                HAL_RTC_SetTime
 .text.HAL_RTC_SetDate
                0x00000000080023d8       0xec Drivers/STM32L0xx_HAL_Driver/Src/stm32l0xx_hal_rtc.o
                0x00000000080023d8                HAL_RTC_SetDate
 .text.HAL_RTCEx_SetWakeUpTimer_IT
                0x00000000080024c4      0x114 Drivers/STM32L0xx_HAL_Driver/Src/stm32l0xx_hal_rtc_ex.o
                0x00000000080024c4                HAL_RTCEx_SetWakeUpTimer_IT
 .text.HAL_RTCEx_DeactivateWakeUpTimer
                0x00000000080025d8       0x8c Drivers/STM32L0xx_HAL_Driver/Src/stm32l0xx_hal_rtc_ex.o
                0x00000000080025d8                HAL_RTCEx_DeactivateWakeUpTimer
 .text.TIM_Base_SetConfig
                0x0000000008002664       0x60 Drivers/STM32L0xx_HAL_Driver/Src/stm32l0xx_hal_tim.o
 .text.TIM_OC1_SetConfig
                0x00000000080026c4       0x2c Drivers/STM32L0xx_HAL_Driver/Src/stm32l0xx_hal_tim.o
 .text.TIM_OC2_SetConfig
                0x00000000080026f0       0x38 Drivers/STM32L0xx_HAL_Driver/Src/stm32l0xx_hal_tim.o
 .text.TIM_OC3_SetConfig
                0x0000000008002728       0x38 Drivers/STM32L0xx_HAL_Driver/Src/stm32l0xx_hal_tim.o
 .text.TIM_OC4_SetConfig
                0x0000000008002760       0x3c Drivers/STM32L0xx_HAL_Driver/Src/stm32l0xx_hal_tim.o
 .text.TIM_TI1_ConfigInputStage
                0x000000000800279c       0x22 Drivers/STM32L0xx_HAL_Driver/Src/stm32l0xx_hal_tim.o
 *fill*         0x00000000080027be        0x2 
 .text.TIM_TI2_ConfigInputStage
                0x00000000080027c0       0x28 Drivers/STM32L0xx_HAL_Driver/Src/stm32l0xx_hal_tim.o
 .text.TIM_ITRx_SetConfig
                0x00000000080027e8       0x12 Drivers/STM32L0xx_HAL_Driver/Src/stm32l0xx_hal_tim.o
 *fill*         0x00000000080027fa        0x2 
 .text.TIM_ETR_SetConfig
                0x00000000080027fc       0x18 Drivers/STM32L0xx_HAL_Driver/Src/stm32l0xx_hal_tim.o
 .text.TIM_CCxChannelCmd
                0x0000000008002814       0x1a Drivers/STM32L0xx_HAL_Driver/Src/stm32l0xx_hal_tim.o
 .text.HAL_TIM_Base_Init
                0x000000000800282e       0x34 Drivers/STM32L0xx_HAL_Driver/Src/stm32l0xx_hal_tim.o
                0x000000000800282e                HAL_TIM_Base_Init
 .text.HAL_TIM_Base_Start
                0x0000000008002862       0x24 Drivers/STM32L0xx_HAL_Driver/Src/stm32l0xx_hal_tim.o
                0x0000000008002862                HAL_TIM_Base_Start
 .text.HAL_TIM_Base_Start_IT
                0x0000000008002886       0x22 Drivers/STM32L0xx_HAL_Driver/Src/stm32l0xx_hal_tim.o
                0x0000000008002886                HAL_TIM_Base_Start_IT
 .text.HAL_TIM_Base_Stop_IT
                0x00000000080028a8       0x24 Drivers/STM32L0xx_HAL_Driver/Src/stm32l0xx_hal_tim.o
                0x00000000080028a8                HAL_TIM_Base_Stop_IT
 .text.HAL_TIM_PWM_MspInit
                0x00000000080028cc        0x2 Drivers/STM32L0xx_HAL_Driver/Src/stm32l0xx_hal_tim.o
                0x00000000080028cc                HAL_TIM_PWM_MspInit
 .text.HAL_TIM_PWM_Init
                0x00000000080028ce       0x34 Drivers/STM32L0xx_HAL_Driver/Src/stm32l0xx_hal_tim.o
                0x00000000080028ce                HAL_TIM_PWM_Init
 .text.HAL_TIM_PWM_Start
                0x0000000008002902       0x24 Drivers/STM32L0xx_HAL_Driver/Src/stm32l0xx_hal_tim.o
                0x0000000008002902                HAL_TIM_PWM_Start
 *fill*         0x0000000008002926        0x2 
 .text.HAL_TIM_PWM_ConfigChannel
                0x0000000008002928       0xec Drivers/STM32L0xx_HAL_Driver/Src/stm32l0xx_hal_tim.o
                0x0000000008002928                HAL_TIM_PWM_ConfigChannel
 .text.HAL_TIM_ConfigClockSource
                0x0000000008002a14       0xe4 Drivers/STM32L0xx_HAL_Driver/Src/stm32l0xx_hal_tim.o
                0x0000000008002a14                HAL_TIM_ConfigClockSource
 .text.HAL_TIM_PeriodElapsedCallback
                0x0000000008002af8        0x2 Drivers/STM32L0xx_HAL_Driver/Src/stm32l0xx_hal_tim.o
                0x0000000008002af8                HAL_TIM_PeriodElapsedCallback
 .text.HAL_TIM_OC_DelayElapsedCallback
                0x0000000008002afa        0x2 Drivers/STM32L0xx_HAL_Driver/Src/stm32l0xx_hal_tim.o
                0x0000000008002afa                HAL_TIM_OC_DelayElapsedCallback
 .text.HAL_TIM_IC_CaptureCallback
                0x0000000008002afc        0x2 Drivers/STM32L0xx_HAL_Driver/Src/stm32l0xx_hal_tim.o
                0x0000000008002afc                HAL_TIM_IC_CaptureCallback
 .text.HAL_TIM_PWM_PulseFinishedCallback
                0x0000000008002afe        0x2 Drivers/STM32L0xx_HAL_Driver/Src/stm32l0xx_hal_tim.o
                0x0000000008002afe                HAL_TIM_PWM_PulseFinishedCallback
 .text.HAL_TIM_TriggerCallback
                0x0000000008002b00        0x2 Drivers/STM32L0xx_HAL_Driver/Src/stm32l0xx_hal_tim.o
                0x0000000008002b00                HAL_TIM_TriggerCallback
 .text.HAL_TIM_IRQHandler
                0x0000000008002b02      0x122 Drivers/STM32L0xx_HAL_Driver/Src/stm32l0xx_hal_tim.o
                0x0000000008002b02                HAL_TIM_IRQHandler
 .text.HAL_TIMEx_MasterConfigSynchronization
                0x0000000008002c24       0x46 Drivers/STM32L0xx_HAL_Driver/Src/stm32l0xx_hal_tim_ex.o
                0x0000000008002c24                HAL_TIMEx_MasterConfigSynchronization
 *fill*         0x0000000008002c6a        0x2 
 .text.UART_SetConfig
                0x0000000008002c6c      0x330 Drivers/STM32L0xx_HAL_Driver/Src/stm32l0xx_hal_uart.o
                0x0000000008002c6c                UART_SetConfig
 .text.UART_AdvFeatureConfig
                0x0000000008002f9c       0xe0 Drivers/STM32L0xx_HAL_Driver/Src/stm32l0xx_hal_uart.o
                0x0000000008002f9c                UART_AdvFeatureConfig
 .text.UART_WaitOnFlagUntilTimeout
                0x000000000800307c       0x68 Drivers/STM32L0xx_HAL_Driver/Src/stm32l0xx_hal_uart.o
                0x000000000800307c                UART_WaitOnFlagUntilTimeout
 .text.UART_CheckIdleState
                0x00000000080030e4       0x6c Drivers/STM32L0xx_HAL_Driver/Src/stm32l0xx_hal_uart.o
                0x00000000080030e4                UART_CheckIdleState
 .text.HAL_UART_Init
                0x0000000008003150       0x6c Drivers/STM32L0xx_HAL_Driver/Src/stm32l0xx_hal_uart.o
                0x0000000008003150                HAL_UART_Init
 .text.AddAction
                0x00000000080031bc       0x3e Src/FwSmConfig.o
 .text.AddGuard
                0x00000000080031fa       0x3e Src/FwSmConfig.o
 .text.AddTrans
                0x0000000008003238      0x104 Src/FwSmConfig.o
 .text.FwSmSetData
                0x000000000800333c        0x4 Src/FwSmConfig.o
                0x000000000800333c                FwSmSetData
 .text.FwSmAddState
                0x0000000008003340       0x98 Src/FwSmConfig.o
                0x0000000008003340                FwSmAddState
 .text.FwSmAddChoicePseudoState
                0x00000000080033d8       0x68 Src/FwSmConfig.o
                0x00000000080033d8                FwSmAddChoicePseudoState
 .text.FwSmAddTransIpsToSta
                0x0000000008003440       0x1a Src/FwSmConfig.o
                0x0000000008003440                FwSmAddTransIpsToSta
 .text.FwSmAddTransIpsToCps
                0x000000000800345a       0x1e Src/FwSmConfig.o
                0x000000000800345a                FwSmAddTransIpsToCps
 .text.FwSmAddTransStaToSta
                0x0000000008003478       0x18 Src/FwSmConfig.o
                0x0000000008003478                FwSmAddTransStaToSta
 .text.FwSmAddTransStaToCps
                0x0000000008003490       0x1c Src/FwSmConfig.o
                0x0000000008003490                FwSmAddTransStaToCps
 .text.FwSmAddTransCpsToSta
                0x00000000080034ac       0x1a Src/FwSmConfig.o
                0x00000000080034ac                FwSmAddTransCpsToSta
 .text.FwSmAddTransStaToFps
                0x00000000080034c6       0x18 Src/FwSmConfig.o
                0x00000000080034c6                FwSmAddTransStaToFps
 .text.FwSmCheck
                0x00000000080034de      0x176 Src/FwSmConfig.o
                0x00000000080034de                FwSmCheck
 .text.FwSmCheckRec
                0x0000000008003654       0x32 Src/FwSmConfig.o
                0x0000000008003654                FwSmCheckRec
 .text.SmDummyAction
                0x0000000008003686        0x2 Src/FwSmCore.o
                0x0000000008003686                SmDummyAction
 .text.SmDummyGuard
                0x0000000008003688        0x4 Src/FwSmCore.o
                0x0000000008003688                SmDummyGuard
 .text.FwSmStart
                0x000000000800368c       0x1a Src/FwSmCore.o
                0x000000000800368c                FwSmStart
 *fill*         0x00000000080036a6        0x2 
 .text.ExecTrans
                0x00000000080036a8      0x11c Src/FwSmCore.o
 .text.FwSmStop
                0x00000000080037c4       0x48 Src/FwSmCore.o
                0x00000000080037c4                FwSmStop
 .text.FwSmMakeTrans
                0x000000000800380c       0xd0 Src/FwSmCore.o
                0x000000000800380c                FwSmMakeTrans
 .text.FwSmInit
                0x00000000080038dc       0xb4 Src/FwSmSCreate.o
                0x00000000080038dc                FwSmInit
 .text.G_mwKleinerMin
                0x0000000008003990       0x24 Src/MainFsm.o
                0x0000000008003990                G_mwKleinerMin
 .text.G_mwKlMaxUpumpOn
                0x00000000080039b4       0x24 Src/MainFsm.o
                0x00000000080039b4                G_mwKlMaxUpumpOn
 .text.G_switch_on
                0x00000000080039d8       0x18 Src/MainFsm.o
                0x00000000080039d8                G_switch_on
 .text.G_pumpTimGrTmax
                0x00000000080039f0       0x1c Src/MainFsm.o
                0x00000000080039f0                G_pumpTimGrTmax
 .text.G_mwGrMax
                0x0000000008003a0c       0x24 Src/MainFsm.o
                0x0000000008003a0c                G_mwGrMax
 .text.f_waterProg_exit
                0x0000000008003a30       0x10 Src/MainFsm.o
                0x0000000008003a30                f_waterProg_exit
 .text.f_waterProg_preenter
                0x0000000008003a40       0x10 Src/MainFsm.o
                0x0000000008003a40                f_waterProg_preenter
 .text.G_waterProg_run
                0x0000000008003a50       0x18 Src/MainFsm.o
                0x0000000008003a50                G_waterProg_run
 .text.G_waterProg_exit
                0x0000000008003a68       0x18 Src/MainFsm.o
                0x0000000008003a68                G_waterProg_exit
 .text.G_switchOff
                0x0000000008003a80       0x18 Src/MainFsm.o
                0x0000000008003a80                G_switchOff
 .text.A_INIT   0x0000000008003a98       0x10 Src/MainFsm.o
                0x0000000008003a98                A_INIT
 .text.G_progHX712Mode
                0x0000000008003aa8       0x18 Src/MainFsm.o
                0x0000000008003aa8                G_progHX712Mode
 .text.G_run_ldr_switch_value_update
                0x0000000008003ac0       0x18 Src/MainFsm.o
                0x0000000008003ac0                G_run_ldr_switch_value_update
 .text.G_enter_all
                0x0000000008003ad8       0x18 Src/MainFsm.o
                0x0000000008003ad8                G_enter_all
 .text.G_sleepMode
                0x0000000008003af0       0x18 Src/MainFsm.o
                0x0000000008003af0                G_sleepMode
 .text.f_setRGB
                0x0000000008003b08       0x18 Src/MainFsm.o
                0x0000000008003b08                f_setRGB
 .text.f_pump_off
                0x0000000008003b20       0x18 Src/MainFsm.o
                0x0000000008003b20                f_pump_off
 .text.G_runHX712_atTime
                0x0000000008003b38       0x28 Src/MainFsm.o
                0x0000000008003b38                G_runHX712_atTime
 .text.G_runLDR_atTime
                0x0000000008003b60       0x24 Src/MainFsm.o
                0x0000000008003b60                G_runLDR_atTime
 .text.f_pumpOn
                0x0000000008003b84       0x1c Src/MainFsm.o
                0x0000000008003b84                f_pumpOn
 .text.f_readHX712
                0x0000000008003ba0       0x24 Src/MainFsm.o
                0x0000000008003ba0                f_readHX712
 .text.A_readHX712
                0x0000000008003bc4        0x8 Src/MainFsm.o
                0x0000000008003bc4                A_readHX712
 .text.f_es_menuFsm_waterProg_enter
                0x0000000008003bcc       0x14 Src/MainFsm.o
                0x0000000008003bcc                f_es_menuFsm_waterProg_enter
 .text.f_waterProg_run
                0x0000000008003be0       0x20 Src/MainFsm.o
                0x0000000008003be0                f_waterProg_run
 .text.f_water_low
                0x0000000008003c00        0xc Src/MainFsm.o
                0x0000000008003c00                f_water_low
 .text.f_waterProg_stop
                0x0000000008003c0c       0x40 Src/MainFsm.o
                0x0000000008003c0c                f_waterProg_stop
 .text.f_getSwitch
                0x0000000008003c4c       0x14 Src/MainFsm.o
                0x0000000008003c4c                f_getSwitch
 .text.f_getTime
                0x0000000008003c60       0x20 Src/MainFsm.o
                0x0000000008003c60                f_getTime
 .text.f_setNewLdrSwitchValue
                0x0000000008003c80        0x8 Src/MainFsm.o
                0x0000000008003c80                f_setNewLdrSwitchValue
 .text.f_getLdrValue
                0x0000000008003c88       0x24 Src/MainFsm.o
                0x0000000008003c88                f_getLdrValue
 .text.f_sleepMode
                0x0000000008003cac        0x8 Src/MainFsm.o
                0x0000000008003cac                f_sleepMode
 .text.MainFsmCreate
                0x0000000008003cb4      0x454 Src/MainFsm.o
                0x0000000008003cb4                MainFsmCreate
 .text.MX_GPIO_Init
                0x0000000008004108       0x90 Src/main.o
 .text.MX_DMA_Init
                0x0000000008004198       0x30 Src/main.o
 .text.fsm_init
                0x00000000080041c8       0x74 Src/main.o
                0x00000000080041c8                fsm_init
 .text.shift_test_switch_is_ON
                0x000000000800423c       0x7e Src/main.o
                0x000000000800423c                shift_test_switch_is_ON
 *fill*         0x00000000080042ba        0x2 
 .text.test_if_switch_is_on
                0x00000000080042bc       0x9c Src/main.o
                0x00000000080042bc                test_if_switch_is_on
 .text.HX712_start
                0x0000000008004358       0x2e Src/main.o
                0x0000000008004358                HX712_start
 .text.HX712_stop
                0x0000000008004386       0x12 Src/main.o
                0x0000000008004386                HX712_stop
 .text.HX712_run
                0x0000000008004398      0x1a0 Src/main.o
                0x0000000008004398                HX712_run
 .text.pumpOFF  0x0000000008004538       0x24 Src/main.o
                0x0000000008004538                pumpOFF
 .text.pumpON   0x000000000800455c       0x10 Src/main.o
                0x000000000800455c                pumpON
 .text.sleepMode
                0x000000000800456c       0x48 Src/main.o
                0x000000000800456c                sleepMode
 .text.RUN_prog_ldr
                0x00000000080045b4       0xcc Src/main.o
                0x00000000080045b4                RUN_prog_ldr
 .text.Save_2_Eeprom
                0x0000000008004680       0xcc Src/main.o
                0x0000000008004680                Save_2_Eeprom
 .text.TEST_if_first_start_then_eeprom_set_values
                0x000000000800474c       0x40 Src/main.o
                0x000000000800474c                TEST_if_first_start_then_eeprom_set_values
 .text.Read_from_Eeprom
                0x000000000800478c       0x48 Src/main.o
                0x000000000800478c                Read_from_Eeprom
 .text.map2     0x00000000080047d4       0x16 Src/main.o
                0x00000000080047d4                map2
 *fill*         0x00000000080047ea        0x2 
 .text.LED_RGB_Set
                0x00000000080047ec      0x12c Src/main.o
                0x00000000080047ec                LED_RGB_Set
 .text.LDR_Value
                0x0000000008004918      0x104 Src/main.o
                0x0000000008004918                LDR_Value
 .text.progLdrSwitchValue
                0x0000000008004a1c       0xd0 Src/main.o
                0x0000000008004a1c                progLdrSwitchValue
 .text.FLASH_IRQHandler
                0x0000000008004aec       0xf0 Src/main.o
                0x0000000008004aec                FLASH_IRQHandler
 .text.Error_Handler
                0x0000000008004bdc       0x60 Src/main.o
                0x0000000008004bdc                Error_Handler
 .text.MX_ADC_Init
                0x0000000008004c3c       0x80 Src/main.o
 .text.MX_IWDG_Init
                0x0000000008004cbc       0x2c Src/main.o
 .text.MX_TIM2_Init
                0x0000000008004ce8       0xe0 Src/main.o
 .text.MX_RTC_Init
                0x0000000008004dc8       0x80 Src/main.o
 .text.MX_USART2_UART_Init
                0x0000000008004e48       0x38 Src/main.o
 .text.MX_TIM21_Init
                0x0000000008004e80       0x74 Src/main.o
 .text.MX_LPTIM1_Init
                0x0000000008004ef4       0x38 Src/main.o
 .text.SystemClock_Config
                0x0000000008004f2c       0xb0 Src/main.o
                0x0000000008004f2c                SystemClock_Config
 .text.main     0x0000000008004fdc      0x118 Src/main.o
                0x0000000008004fdc                main
 .text.HAL_MspInit
                0x00000000080050f4       0x34 Src/stm32l0xx_hal_msp.o
                0x00000000080050f4                HAL_MspInit
 .text.HAL_ADC_MspInit
                0x0000000008005128       0x90 Src/stm32l0xx_hal_msp.o
                0x0000000008005128                HAL_ADC_MspInit
 .text.HAL_LPTIM_MspInit
                0x00000000080051b8       0x34 Src/stm32l0xx_hal_msp.o
                0x00000000080051b8                HAL_LPTIM_MspInit
 .text.HAL_RTC_MspInit
                0x00000000080051ec       0x20 Src/stm32l0xx_hal_msp.o
                0x00000000080051ec                HAL_RTC_MspInit
 .text.HAL_TIM_Base_MspInit
                0x000000000800520c       0x44 Src/stm32l0xx_hal_msp.o
                0x000000000800520c                HAL_TIM_Base_MspInit
 .text.HAL_TIM_MspPostInit
                0x0000000008005250       0x88 Src/stm32l0xx_hal_msp.o
                0x0000000008005250                HAL_TIM_MspPostInit
 .text.HAL_UART_MspInit
                0x00000000080052d8       0x60 Src/stm32l0xx_hal_msp.o
                0x00000000080052d8                HAL_UART_MspInit
 .text.SysTick_Handler
                0x0000000008005338       0x14 Src/stm32l0xx_it.o
                0x0000000008005338                SysTick_Handler
 .text.DMA1_Channel1_IRQHandler
                0x000000000800534c       0x10 Src/stm32l0xx_it.o
                0x000000000800534c                DMA1_Channel1_IRQHandler
 .text.LPTIM1_IRQHandler
                0x000000000800535c       0x10 Src/stm32l0xx_it.o
                0x000000000800535c                LPTIM1_IRQHandler
 .text.TIM21_IRQHandler
                0x000000000800536c       0xac Src/stm32l0xx_it.o
                0x000000000800536c                TIM21_IRQHandler
 .text.SystemInit
                0x0000000008005418       0x5c Src/system_stm32l0xx.o
                0x0000000008005418                SystemInit
 .text.Reset_Handler
                0x0000000008005474       0x50 startup/startup_stm32l031xx.o
                0x0000000008005474                Reset_Handler
 .text.Default_Handler
                0x00000000080054c4        0x2 startup/startup_stm32l031xx.o
                0x00000000080054c4                HardFault_Handler
                0x00000000080054c4                ADC1_COMP_IRQHandler
                0x00000000080054c4                PVD_IRQHandler
                0x00000000080054c4                PendSV_Handler
                0x00000000080054c4                NMI_Handler
                0x00000000080054c4                I2C1_IRQHandler
                0x00000000080054c4                SPI1_IRQHandler
                0x00000000080054c4                EXTI2_3_IRQHandler
                0x00000000080054c4                RTC_IRQHandler
                0x00000000080054c4                DMA1_Channel4_5_6_7_IRQHandler
                0x00000000080054c4                EXTI4_15_IRQHandler
                0x00000000080054c4                RCC_IRQHandler
                0x00000000080054c4                Default_Handler
                0x00000000080054c4                TIM22_IRQHandler
                0x00000000080054c4                EXTI0_1_IRQHandler
                0x00000000080054c4                SVC_Handler
                0x00000000080054c4                WWDG_IRQHandler
                0x00000000080054c4                LPUART1_IRQHandler
                0x00000000080054c4                TIM2_IRQHandler
                0x00000000080054c4                DMA1_Channel2_3_IRQHandler
                0x00000000080054c4                USART2_IRQHandler
 *fill*         0x00000000080054c6        0x2 
 .text.__libc_init_array
                0x00000000080054c8       0x48 /home/achim/Ac6/SystemWorkbench/plugins/fr.ac6.mcu.externaltools.arm-none.linux64_1.17.0.201812190825/tools/compiler/bin/../lib/gcc/arm-none-eabi/7.3.1/../../../../arm-none-eabi/lib/thumb/v6-m/libc_nano.a(lib_a-init.o)
                0x00000000080054c8                __libc_init_array
 .text.memset   0x0000000008005510       0x10 /home/achim/Ac6/SystemWorkbench/plugins/fr.ac6.mcu.externaltools.arm-none.linux64_1.17.0.201812190825/tools/compiler/bin/../lib/gcc/arm-none-eabi/7.3.1/../../../../arm-none-eabi/lib/thumb/v6-m/libc_nano.a(lib_a-memset.o)
                0x0000000008005510                memset
 .text._free_r  0x0000000008005520       0x94 /home/achim/Ac6/SystemWorkbench/plugins/fr.ac6.mcu.externaltools.arm-none.linux64_1.17.0.201812190825/tools/compiler/bin/../lib/gcc/arm-none-eabi/7.3.1/../../../../arm-none-eabi/lib/thumb/v6-m/libc_nano.a(lib_a-nano-freer.o)
                0x0000000008005520                _free_r
 .text._malloc_r
                0x00000000080055b4       0xbc /home/achim/Ac6/SystemWorkbench/plugins/fr.ac6.mcu.externaltools.arm-none.linux64_1.17.0.201812190825/tools/compiler/bin/../lib/gcc/arm-none-eabi/7.3.1/../../../../arm-none-eabi/lib/thumb/v6-m/libc_nano.a(lib_a-nano-mallocr.o)
                0x00000000080055b4                _malloc_r
 .text._puts_r  0x0000000008005670       0xc0 /home/achim/Ac6/SystemWorkbench/plugins/fr.ac6.mcu.externaltools.arm-none.linux64_1.17.0.201812190825/tools/compiler/bin/../lib/gcc/arm-none-eabi/7.3.1/../../../../arm-none-eabi/lib/thumb/v6-m/libc_nano.a(lib_a-puts.o)
                0x0000000008005670                _puts_r
 .text.puts     0x0000000008005730       0x14 /home/achim/Ac6/SystemWorkbench/plugins/fr.ac6.mcu.externaltools.arm-none.linux64_1.17.0.201812190825/tools/compiler/bin/../lib/gcc/arm-none-eabi/7.3.1/../../../../arm-none-eabi/lib/thumb/v6-m/libc_nano.a(lib_a-puts.o)
                0x0000000008005730                puts
 .text._sbrk_r  0x0000000008005744       0x24 /home/achim/Ac6/SystemWorkbench/plugins/fr.ac6.mcu.externaltools.arm-none.linux64_1.17.0.201812190825/tools/compiler/bin/../lib/gcc/arm-none-eabi/7.3.1/../../../../arm-none-eabi/lib/thumb/v6-m/libc_nano.a(lib_a-sbrkr.o)
                0x0000000008005744                _sbrk_r
 .text.__swbuf_r
                0x0000000008005768       0xac /home/achim/Ac6/SystemWorkbench/plugins/fr.ac6.mcu.externaltools.arm-none.linux64_1.17.0.201812190825/tools/compiler/bin/../lib/gcc/arm-none-eabi/7.3.1/../../../../arm-none-eabi/lib/thumb/v6-m/libc_nano.a(lib_a-wbuf.o)
                0x0000000008005768                __swbuf_r
 .text.__swsetup_r
                0x0000000008005814       0xec /home/achim/Ac6/SystemWorkbench/plugins/fr.ac6.mcu.externaltools.arm-none.linux64_1.17.0.201812190825/tools/compiler/bin/../lib/gcc/arm-none-eabi/7.3.1/../../../../arm-none-eabi/lib/thumb/v6-m/libc_nano.a(lib_a-wsetup.o)
                0x0000000008005814                __swsetup_r
 .text.__sflush_r
                0x0000000008005900      0x114 /home/achim/Ac6/SystemWorkbench/plugins/fr.ac6.mcu.externaltools.arm-none.linux64_1.17.0.201812190825/tools/compiler/bin/../lib/gcc/arm-none-eabi/7.3.1/../../../../arm-none-eabi/lib/thumb/v6-m/libc_nano.a(lib_a-fflush.o)
                0x0000000008005900                __sflush_r
 .text._fflush_r
                0x0000000008005a14       0x58 /home/achim/Ac6/SystemWorkbench/plugins/fr.ac6.mcu.externaltools.arm-none.linux64_1.17.0.201812190825/tools/compiler/bin/../lib/gcc/arm-none-eabi/7.3.1/../../../../arm-none-eabi/lib/thumb/v6-m/libc_nano.a(lib_a-fflush.o)
                0x0000000008005a14                _fflush_r
 .text.std      0x0000000008005a6c       0x48 /home/achim/Ac6/SystemWorkbench/plugins/fr.ac6.mcu.externaltools.arm-none.linux64_1.17.0.201812190825/tools/compiler/bin/../lib/gcc/arm-none-eabi/7.3.1/../../../../arm-none-eabi/lib/thumb/v6-m/libc_nano.a(lib_a-findfp.o)
 .text._cleanup_r
                0x0000000008005ab4       0x10 /home/achim/Ac6/SystemWorkbench/plugins/fr.ac6.mcu.externaltools.arm-none.linux64_1.17.0.201812190825/tools/compiler/bin/../lib/gcc/arm-none-eabi/7.3.1/../../../../arm-none-eabi/lib/thumb/v6-m/libc_nano.a(lib_a-findfp.o)
                0x0000000008005ab4                _cleanup_r
 .text.__sfmoreglue
                0x0000000008005ac4       0x2c /home/achim/Ac6/SystemWorkbench/plugins/fr.ac6.mcu.externaltools.arm-none.linux64_1.17.0.201812190825/tools/compiler/bin/../lib/gcc/arm-none-eabi/7.3.1/../../../../arm-none-eabi/lib/thumb/v6-m/libc_nano.a(lib_a-findfp.o)
                0x0000000008005ac4                __sfmoreglue
 .text.__sinit  0x0000000008005af0       0x68 /home/achim/Ac6/SystemWorkbench/plugins/fr.ac6.mcu.externaltools.arm-none.linux64_1.17.0.201812190825/tools/compiler/bin/../lib/gcc/arm-none-eabi/7.3.1/../../../../arm-none-eabi/lib/thumb/v6-m/libc_nano.a(lib_a-findfp.o)
                0x0000000008005af0                __sinit
 .text.__sfp    0x0000000008005b58       0x7c /home/achim/Ac6/SystemWorkbench/plugins/fr.ac6.mcu.externaltools.arm-none.linux64_1.17.0.201812190825/tools/compiler/bin/../lib/gcc/arm-none-eabi/7.3.1/../../../../arm-none-eabi/lib/thumb/v6-m/libc_nano.a(lib_a-findfp.o)
                0x0000000008005b58                __sfp
 .text._fwalk_reent
                0x0000000008005bd4       0x42 /home/achim/Ac6/SystemWorkbench/plugins/fr.ac6.mcu.externaltools.arm-none.linux64_1.17.0.201812190825/tools/compiler/bin/../lib/gcc/arm-none-eabi/7.3.1/../../../../arm-none-eabi/lib/thumb/v6-m/libc_nano.a(lib_a-fwalk.o)
                0x0000000008005bd4                _fwalk_reent
 *fill*         0x0000000008005c16        0x2 
 .text.__swhatbuf_r
                0x0000000008005c18       0x50 /home/achim/Ac6/SystemWorkbench/plugins/fr.ac6.mcu.externaltools.arm-none.linux64_1.17.0.201812190825/tools/compiler/bin/../lib/gcc/arm-none-eabi/7.3.1/../../../../arm-none-eabi/lib/thumb/v6-m/libc_nano.a(lib_a-makebuf.o)
                0x0000000008005c18                __swhatbuf_r
 .text.__smakebuf_r
                0x0000000008005c68       0x88 /home/achim/Ac6/SystemWorkbench/plugins/fr.ac6.mcu.externaltools.arm-none.linux64_1.17.0.201812190825/tools/compiler/bin/../lib/gcc/arm-none-eabi/7.3.1/../../../../arm-none-eabi/lib/thumb/v6-m/libc_nano.a(lib_a-makebuf.o)
                0x0000000008005c68                __smakebuf_r
 .text.__malloc_lock
                0x0000000008005cf0        0x2 /home/achim/Ac6/SystemWorkbench/plugins/fr.ac6.mcu.externaltools.arm-none.linux64_1.17.0.201812190825/tools/compiler/bin/../lib/gcc/arm-none-eabi/7.3.1/../../../../arm-none-eabi/lib/thumb/v6-m/libc_nano.a(lib_a-mlock.o)
                0x0000000008005cf0                __malloc_lock
 .text.__malloc_unlock
                0x0000000008005cf2        0x2 /home/achim/Ac6/SystemWorkbench/plugins/fr.ac6.mcu.externaltools.arm-none.linux64_1.17.0.201812190825/tools/compiler/bin/../lib/gcc/arm-none-eabi/7.3.1/../../../../arm-none-eabi/lib/thumb/v6-m/libc_nano.a(lib_a-mlock.o)
                0x0000000008005cf2                __malloc_unlock
 .text.__sread  0x0000000008005cf4       0x28 /home/achim/Ac6/SystemWorkbench/plugins/fr.ac6.mcu.externaltools.arm-none.linux64_1.17.0.201812190825/tools/compiler/bin/../lib/gcc/arm-none-eabi/7.3.1/../../../../arm-none-eabi/lib/thumb/v6-m/libc_nano.a(lib_a-stdio.o)
                0x0000000008005cf4                __sread
 .text.__swrite
                0x0000000008005d1c       0x38 /home/achim/Ac6/SystemWorkbench/plugins/fr.ac6.mcu.externaltools.arm-none.linux64_1.17.0.201812190825/tools/compiler/bin/../lib/gcc/arm-none-eabi/7.3.1/../../../../arm-none-eabi/lib/thumb/v6-m/libc_nano.a(lib_a-stdio.o)
                0x0000000008005d1c                __swrite
 .text.__sseek  0x0000000008005d54       0x2c /home/achim/Ac6/SystemWorkbench/plugins/fr.ac6.mcu.externaltools.arm-none.linux64_1.17.0.201812190825/tools/compiler/bin/../lib/gcc/arm-none-eabi/7.3.1/../../../../arm-none-eabi/lib/thumb/v6-m/libc_nano.a(lib_a-stdio.o)
                0x0000000008005d54                __sseek
 .text.__sclose
                0x0000000008005d80        0xc /home/achim/Ac6/SystemWorkbench/plugins/fr.ac6.mcu.externaltools.arm-none.linux64_1.17.0.201812190825/tools/compiler/bin/../lib/gcc/arm-none-eabi/7.3.1/../../../../arm-none-eabi/lib/thumb/v6-m/libc_nano.a(lib_a-stdio.o)
                0x0000000008005d80                __sclose
 .text._write_r
                0x0000000008005d8c       0x28 /home/achim/Ac6/SystemWorkbench/plugins/fr.ac6.mcu.externaltools.arm-none.linux64_1.17.0.201812190825/tools/compiler/bin/../lib/gcc/arm-none-eabi/7.3.1/../../../../arm-none-eabi/lib/thumb/v6-m/libc_nano.a(lib_a-writer.o)
                0x0000000008005d8c                _write_r
 .text._close_r
                0x0000000008005db4       0x24 /home/achim/Ac6/SystemWorkbench/plugins/fr.ac6.mcu.externaltools.arm-none.linux64_1.17.0.201812190825/tools/compiler/bin/../lib/gcc/arm-none-eabi/7.3.1/../../../../arm-none-eabi/lib/thumb/v6-m/libc_nano.a(lib_a-closer.o)
                0x0000000008005db4                _close_r
 .text._fstat_r
                0x0000000008005dd8       0x24 /home/achim/Ac6/SystemWorkbench/plugins/fr.ac6.mcu.externaltools.arm-none.linux64_1.17.0.201812190825/tools/compiler/bin/../lib/gcc/arm-none-eabi/7.3.1/../../../../arm-none-eabi/lib/thumb/v6-m/libc_nano.a(lib_a-fstatr.o)
                0x0000000008005dd8                _fstat_r
 .text._isatty_r
                0x0000000008005dfc       0x24 /home/achim/Ac6/SystemWorkbench/plugins/fr.ac6.mcu.externaltools.arm-none.linux64_1.17.0.201812190825/tools/compiler/bin/../lib/gcc/arm-none-eabi/7.3.1/../../../../arm-none-eabi/lib/thumb/v6-m/libc_nano.a(lib_a-isattyr.o)
                0x0000000008005dfc                _isatty_r
 .text._lseek_r
                0x0000000008005e20       0x28 /home/achim/Ac6/SystemWorkbench/plugins/fr.ac6.mcu.externaltools.arm-none.linux64_1.17.0.201812190825/tools/compiler/bin/../lib/gcc/arm-none-eabi/7.3.1/../../../../arm-none-eabi/lib/thumb/v6-m/libc_nano.a(lib_a-lseekr.o)
                0x0000000008005e20                _lseek_r
 .text._read_r  0x0000000008005e48       0x28 /home/achim/Ac6/SystemWorkbench/plugins/fr.ac6.mcu.externaltools.arm-none.linux64_1.17.0.201812190825/tools/compiler/bin/../lib/gcc/arm-none-eabi/7.3.1/../../../../arm-none-eabi/lib/thumb/v6-m/libc_nano.a(lib_a-readr.o)
                0x0000000008005e48                _read_r
 .text._close   0x0000000008005e70       0x10 /home/achim/Ac6/SystemWorkbench/plugins/fr.ac6.mcu.externaltools.arm-none.linux64_1.17.0.201812190825/tools/compiler/bin/../lib/gcc/arm-none-eabi/7.3.1/../../../../arm-none-eabi/lib/thumb/v6-m/libnosys.a(close.o)
                0x0000000008005e70                _close
 .text._fstat   0x0000000008005e80       0x10 /home/achim/Ac6/SystemWorkbench/plugins/fr.ac6.mcu.externaltools.arm-none.linux64_1.17.0.201812190825/tools/compiler/bin/../lib/gcc/arm-none-eabi/7.3.1/../../../../arm-none-eabi/lib/thumb/v6-m/libnosys.a(fstat.o)
                0x0000000008005e80                _fstat
 .text._isatty  0x0000000008005e90       0x10 /home/achim/Ac6/SystemWorkbench/plugins/fr.ac6.mcu.externaltools.arm-none.linux64_1.17.0.201812190825/tools/compiler/bin/../lib/gcc/arm-none-eabi/7.3.1/../../../../arm-none-eabi/lib/thumb/v6-m/libnosys.a(isatty.o)
                0x0000000008005e90                _isatty
 .text._lseek   0x0000000008005ea0       0x10 /home/achim/Ac6/SystemWorkbench/plugins/fr.ac6.mcu.externaltools.arm-none.linux64_1.17.0.201812190825/tools/compiler/bin/../lib/gcc/arm-none-eabi/7.3.1/../../../../arm-none-eabi/lib/thumb/v6-m/libnosys.a(lseek.o)
                0x0000000008005ea0                _lseek
 .text._read    0x0000000008005eb0       0x10 /home/achim/Ac6/SystemWorkbench/plugins/fr.ac6.mcu.externaltools.arm-none.linux64_1.17.0.201812190825/tools/compiler/bin/../lib/gcc/arm-none-eabi/7.3.1/../../../../arm-none-eabi/lib/thumb/v6-m/libnosys.a(read.o)
                0x0000000008005eb0                _read
 .text._sbrk    0x0000000008005ec0       0x1c /home/achim/Ac6/SystemWorkbench/plugins/fr.ac6.mcu.externaltools.arm-none.linux64_1.17.0.201812190825/tools/compiler/bin/../lib/gcc/arm-none-eabi/7.3.1/../../../../arm-none-eabi/lib/thumb/v6-m/libnosys.a(sbrk.o)
                0x0000000008005ec0                _sbrk
 .text._write   0x0000000008005edc       0x10 /home/achim/Ac6/SystemWorkbench/plugins/fr.ac6.mcu.externaltools.arm-none.linux64_1.17.0.201812190825/tools/compiler/bin/../lib/gcc/arm-none-eabi/7.3.1/../../../../arm-none-eabi/lib/thumb/v6-m/libnosys.a(write.o)
                0x0000000008005edc                _write
 *(.glue_7)
 .glue_7        0x0000000008005eec        0x0 linker stubs
 *(.glue_7t)
 .glue_7t       0x0000000008005eec        0x0 linker stubs
 *(.eh_frame)
 .eh_frame      0x0000000008005eec        0x0 /home/achim/Ac6/SystemWorkbench/plugins/fr.ac6.mcu.externaltools.arm-none.linux64_1.17.0.201812190825/tools/compiler/bin/../lib/gcc/arm-none-eabi/7.3.1/thumb/v6-m/crtbegin.o
 *(.init)
 .init          0x0000000008005eec        0x4 /home/achim/Ac6/SystemWorkbench/plugins/fr.ac6.mcu.externaltools.arm-none.linux64_1.17.0.201812190825/tools/compiler/bin/../lib/gcc/arm-none-eabi/7.3.1/thumb/v6-m/crti.o
                0x0000000008005eec                _init
 .init          0x0000000008005ef0        0x8 /home/achim/Ac6/SystemWorkbench/plugins/fr.ac6.mcu.externaltools.arm-none.linux64_1.17.0.201812190825/tools/compiler/bin/../lib/gcc/arm-none-eabi/7.3.1/thumb/v6-m/crtn.o
 *(.fini)
 .fini          0x0000000008005ef8        0x4 /home/achim/Ac6/SystemWorkbench/plugins/fr.ac6.mcu.externaltools.arm-none.linux64_1.17.0.201812190825/tools/compiler/bin/../lib/gcc/arm-none-eabi/7.3.1/thumb/v6-m/crti.o
                0x0000000008005ef8                _fini
 .fini          0x0000000008005efc        0x8 /home/achim/Ac6/SystemWorkbench/plugins/fr.ac6.mcu.externaltools.arm-none.linux64_1.17.0.201812190825/tools/compiler/bin/../lib/gcc/arm-none-eabi/7.3.1/thumb/v6-m/crtn.o
                0x0000000008005f04                . = ALIGN (0x4)
                0x0000000008005f04                _etext = .

.vfp11_veneer   0x0000000008005f04        0x0
 .vfp11_veneer  0x0000000008005f04        0x0 linker stubs

.v4_bx          0x0000000008005f04        0x0
 .v4_bx         0x0000000008005f04        0x0 linker stubs

.iplt           0x0000000008005f04        0x0
 .iplt          0x0000000008005f04        0x0 /home/achim/Ac6/SystemWorkbench/plugins/fr.ac6.mcu.externaltools.arm-none.linux64_1.17.0.201812190825/tools/compiler/bin/../lib/gcc/arm-none-eabi/7.3.1/thumb/v6-m/crtbegin.o

.rodata         0x0000000008005f04      0x154
                0x0000000008005f04                . = ALIGN (0x4)
 *(.rodata)
 .rodata        0x0000000008005f04       0x48 Drivers/STM32L0xx_HAL_Driver/Src/stm32l0xx_hal_uart.o
 .rodata        0x0000000008005f4c       0x24 Src/system_stm32l0xx.o
                0x0000000008005f4c                PLLMulTable
                0x0000000008005f58                AHBPrescTable
                0x0000000008005f68                APBPrescTable
 *(.rodata*)
 .rodata.str1.4
                0x0000000008005f70       0x84 Src/main.o
                                         0x81 (size before relaxing)
 .rodata._global_impure_ptr
                0x0000000008005ff4        0x4 /home/achim/Ac6/SystemWorkbench/plugins/fr.ac6.mcu.externaltools.arm-none.linux64_1.17.0.201812190825/tools/compiler/bin/../lib/gcc/arm-none-eabi/7.3.1/../../../../arm-none-eabi/lib/thumb/v6-m/libc_nano.a(lib_a-impure.o)
                0x0000000008005ff4                _global_impure_ptr
 .rodata.__sf_fake_stderr
                0x0000000008005ff8       0x20 /home/achim/Ac6/SystemWorkbench/plugins/fr.ac6.mcu.externaltools.arm-none.linux64_1.17.0.201812190825/tools/compiler/bin/../lib/gcc/arm-none-eabi/7.3.1/../../../../arm-none-eabi/lib/thumb/v6-m/libc_nano.a(lib_a-findfp.o)
                0x0000000008005ff8                __sf_fake_stderr
 .rodata.__sf_fake_stdin
                0x0000000008006018       0x20 /home/achim/Ac6/SystemWorkbench/plugins/fr.ac6.mcu.externaltools.arm-none.linux64_1.17.0.201812190825/tools/compiler/bin/../lib/gcc/arm-none-eabi/7.3.1/../../../../arm-none-eabi/lib/thumb/v6-m/libc_nano.a(lib_a-findfp.o)
                0x0000000008006018                __sf_fake_stdin
 .rodata.__sf_fake_stdout
                0x0000000008006038       0x20 /home/achim/Ac6/SystemWorkbench/plugins/fr.ac6.mcu.externaltools.arm-none.linux64_1.17.0.201812190825/tools/compiler/bin/../lib/gcc/arm-none-eabi/7.3.1/../../../../arm-none-eabi/lib/thumb/v6-m/libc_nano.a(lib_a-findfp.o)
                0x0000000008006038                __sf_fake_stdout
                0x0000000008006058                . = ALIGN (0x4)

.ARM.extab
 *(.ARM.extab* .gnu.linkonce.armextab.*)

.ARM            0x0000000008006058        0x8
                0x0000000008006058                __exidx_start = .
 *(.ARM.exidx*)
 .ARM.exidx     0x0000000008006058        0x8 /home/achim/Ac6/SystemWorkbench/plugins/fr.ac6.mcu.externaltools.arm-none.linux64_1.17.0.201812190825/tools/compiler/bin/../lib/gcc/arm-none-eabi/7.3.1/thumb/v6-m/libgcc.a(_udivmoddi4.o)
                0x0000000008006060                __exidx_end = .

.rel.dyn        0x0000000008006060        0x0
 .rel.iplt      0x0000000008006060        0x0 /home/achim/Ac6/SystemWorkbench/plugins/fr.ac6.mcu.externaltools.arm-none.linux64_1.17.0.201812190825/tools/compiler/bin/../lib/gcc/arm-none-eabi/7.3.1/thumb/v6-m/crtbegin.o

.preinit_array  0x0000000008006060        0x0
                0x0000000008006060                PROVIDE (__preinit_array_start = .)
 *(.preinit_array*)
                0x0000000008006060                PROVIDE (__preinit_array_end = .)

.init_array     0x0000000008006060        0x4
                0x0000000008006060                PROVIDE (__init_array_start = .)
 *(SORT_BY_NAME(.init_array.*))
 *(.init_array*)
 .init_array    0x0000000008006060        0x4 /home/achim/Ac6/SystemWorkbench/plugins/fr.ac6.mcu.externaltools.arm-none.linux64_1.17.0.201812190825/tools/compiler/bin/../lib/gcc/arm-none-eabi/7.3.1/thumb/v6-m/crtbegin.o
                0x0000000008006064                PROVIDE (__init_array_end = .)

.fini_array     0x0000000008006064        0x4
                [!provide]                        PROVIDE (__fini_array_start = .)
 *(SORT_BY_NAME(.fini_array.*))
 *(.fini_array*)
 .fini_array    0x0000000008006064        0x4 /home/achim/Ac6/SystemWorkbench/plugins/fr.ac6.mcu.externaltools.arm-none.linux64_1.17.0.201812190825/tools/compiler/bin/../lib/gcc/arm-none-eabi/7.3.1/thumb/v6-m/crtbegin.o
                [!provide]                        PROVIDE (__fini_array_end = .)
                0x0000000008006068                _sidata = LOADADDR (.data)

.data           0x0000000020000000      0x160 load address 0x0000000008006068
                0x0000000020000000                . = ALIGN (0x4)
                0x0000000020000000                _sdata = .
 *(.data)
 .data          0x0000000020000000       0x9c Src/MainFsm.o
 .data          0x000000002000009c       0x5c Src/main.o
                0x000000002000009c                pprogMode
                0x00000000200000a0                pHX_cnt
                0x00000000200000a4                phx1
                0x00000000200000a8                phx2
                0x00000000200000ac                phx3
                0x00000000200000b0                phx4
                0x00000000200000b4                pHXSCK_state
                0x00000000200000b8                hxmax
                0x00000000200000bc                phx
                0x00000000200000c0                pMesswert_long_time_average
                0x00000000200000c4                piface
                0x00000000200000c8                hxmin
                0x00000000200000cc                ldrmin
                0x00000000200000d0                ldrmax
                0x00000000200000d4                ldrsw
                0x00000000200000d8                hue_angel
                0x00000000200000dc                bright_ad
                0x00000000200000e8                bright
                0x00000000200000f4                HXSCK_state
 .data          0x00000000200000f8        0x4 Src/system_stm32l0xx.o
                0x00000000200000f8                SystemCoreClock
 *(.data*)
 .data._impure_ptr
                0x00000000200000fc        0x4 /home/achim/Ac6/SystemWorkbench/plugins/fr.ac6.mcu.externaltools.arm-none.linux64_1.17.0.201812190825/tools/compiler/bin/../lib/gcc/arm-none-eabi/7.3.1/../../../../arm-none-eabi/lib/thumb/v6-m/libc_nano.a(lib_a-impure.o)
                0x00000000200000fc                _impure_ptr
 .data.impure_data
                0x0000000020000100       0x60 /home/achim/Ac6/SystemWorkbench/plugins/fr.ac6.mcu.externaltools.arm-none.linux64_1.17.0.201812190825/tools/compiler/bin/../lib/gcc/arm-none-eabi/7.3.1/../../../../arm-none-eabi/lib/thumb/v6-m/libc_nano.a(lib_a-impure.o)
                0x0000000020000160                . = ALIGN (0x4)
                0x0000000020000160                _edata = .

.igot.plt       0x0000000020000160        0x0 load address 0x00000000080061c8
 .igot.plt      0x0000000020000160        0x0 /home/achim/Ac6/SystemWorkbench/plugins/fr.ac6.mcu.externaltools.arm-none.linux64_1.17.0.201812190825/tools/compiler/bin/../lib/gcc/arm-none-eabi/7.3.1/thumb/v6-m/crtbegin.o
                0x0000000020000160                . = ALIGN (0x4)

.bss            0x0000000020000160      0x590 load address 0x00000000080061c8
                0x0000000020000160                _sbss = .
                0x0000000020000160                __bss_start__ = _sbss
 *(.bss)
 .bss           0x0000000020000160       0x1c /home/achim/Ac6/SystemWorkbench/plugins/fr.ac6.mcu.externaltools.arm-none.linux64_1.17.0.201812190825/tools/compiler/bin/../lib/gcc/arm-none-eabi/7.3.1/thumb/v6-m/crtbegin.o
 .bss           0x000000002000017c      0x21c Src/MainFsm.o
 .bss           0x0000000020000398       0x30 Src/main.o
                0x0000000020000398                hxerrors
                0x00000000200003a8                error
                0x00000000200003ac                ar
                0x00000000200003b0                ag
                0x00000000200003b4                ab
                0x00000000200003b8                g_ADCValue
                0x00000000200003bc                Messwert_long_time_average
                0x00000000200003c0                HX_cnt
                0x00000000200003c4                progMode
 *(.bss*)
 .bss.__malloc_free_list
                0x00000000200003c8        0x4 /home/achim/Ac6/SystemWorkbench/plugins/fr.ac6.mcu.externaltools.arm-none.linux64_1.17.0.201812190825/tools/compiler/bin/../lib/gcc/arm-none-eabi/7.3.1/../../../../arm-none-eabi/lib/thumb/v6-m/libc_nano.a(lib_a-nano-mallocr.o)
                0x00000000200003c8                __malloc_free_list
 .bss.__malloc_sbrk_start
                0x00000000200003cc        0x4 /home/achim/Ac6/SystemWorkbench/plugins/fr.ac6.mcu.externaltools.arm-none.linux64_1.17.0.201812190825/tools/compiler/bin/../lib/gcc/arm-none-eabi/7.3.1/../../../../arm-none-eabi/lib/thumb/v6-m/libc_nano.a(lib_a-nano-mallocr.o)
                0x00000000200003cc                __malloc_sbrk_start
 .bss.heap_end.4102
                0x00000000200003d0        0x4 /home/achim/Ac6/SystemWorkbench/plugins/fr.ac6.mcu.externaltools.arm-none.linux64_1.17.0.201812190825/tools/compiler/bin/../lib/gcc/arm-none-eabi/7.3.1/../../../../arm-none-eabi/lib/thumb/v6-m/libnosys.a(sbrk.o)
 *(COMMON)
 COMMON         0x00000000200003d4        0x4 Drivers/STM32L0xx_HAL_Driver/Src/stm32l0xx_hal.o
                0x00000000200003d4                uwTick
 COMMON         0x00000000200003d8       0x74 Src/MainFsm.o
                0x00000000200003d8                iface
 COMMON         0x000000002000044c      0x2a0 Src/main.o
                0x000000002000044c                vrefint
                0x0000000020000450                hiwdg
                0x0000000020000460                temperature
                0x0000000020000464                hx2
                0x0000000020000468                buffer_hx
                0x00000000200004cc                hx4
                0x00000000200004d0                hlptim1
                0x0000000020000500                adc
                0x0000000020000510                hrtc
                0x0000000020000534                hx3
                0x0000000020000538                blink_millis
                0x000000002000053c                adc_buf
                0x0000000020000544                htim2
                0x0000000020000580                huart2
                0x0000000020000600                hx1
                0x0000000020000604                hx
                0x0000000020000608                hdma_adc
                0x0000000020000650                hadc
                0x00000000200006ac                millis
                0x00000000200006b0                htim21
 COMMON         0x00000000200006ec        0x4 /home/achim/Ac6/SystemWorkbench/plugins/fr.ac6.mcu.externaltools.arm-none.linux64_1.17.0.201812190825/tools/compiler/bin/../lib/gcc/arm-none-eabi/7.3.1/../../../../arm-none-eabi/lib/thumb/v6-m/libc_nano.a(lib_a-reent.o)
                0x00000000200006ec                errno
                0x00000000200006f0                . = ALIGN (0x4)
                0x00000000200006f0                _ebss = .
                0x00000000200006f0                __bss_end__ = _ebss

._user_heap_stack
                0x00000000200006f0      0x600 load address 0x00000000080061c8
                0x00000000200006f0                . = ALIGN (0x8)
                0x00000000200006f0                PROVIDE (end = .)
                [!provide]                        PROVIDE (_end = .)
                0x00000000200008f0                . = (. + _Min_Heap_Size)
 *fill*         0x00000000200006f0      0x200 
                0x0000000020000cf0                . = (. + _Min_Stack_Size)
 *fill*         0x00000000200008f0      0x400 
                0x0000000020000cf0                . = ALIGN (0x8)

/DISCARD/
 libc.a(*)
 libm.a(*)
 libgcc.a(*)

.ARM.attributes
                0x0000000000000000       0x28
 *(.ARM.attributes)
 .ARM.attributes
                0x0000000000000000       0x1e /home/achim/Ac6/SystemWorkbench/plugins/fr.ac6.mcu.externaltools.arm-none.linux64_1.17.0.201812190825/tools/compiler/bin/../lib/gcc/arm-none-eabi/7.3.1/thumb/v6-m/crti.o
 .ARM.attributes
                0x000000000000001e       0x2c /home/achim/Ac6/SystemWorkbench/plugins/fr.ac6.mcu.externaltools.arm-none.linux64_1.17.0.201812190825/tools/compiler/bin/../lib/gcc/arm-none-eabi/7.3.1/thumb/v6-m/crtbegin.o
 .ARM.attributes
                0x000000000000004a       0x32 Drivers/STM32L0xx_HAL_Driver/Src/stm32l0xx_hal.o
 .ARM.attributes
                0x000000000000007c       0x32 Drivers/STM32L0xx_HAL_Driver/Src/stm32l0xx_hal_adc.o
 .ARM.attributes
                0x00000000000000ae       0x32 Drivers/STM32L0xx_HAL_Driver/Src/stm32l0xx_hal_cortex.o
 .ARM.attributes
                0x00000000000000e0       0x32 Drivers/STM32L0xx_HAL_Driver/Src/stm32l0xx_hal_dma.o
 .ARM.attributes
                0x0000000000000112       0x32 Drivers/STM32L0xx_HAL_Driver/Src/stm32l0xx_hal_gpio.o
 .ARM.attributes
                0x0000000000000144       0x32 Drivers/STM32L0xx_HAL_Driver/Src/stm32l0xx_hal_iwdg.o
 .ARM.attributes
                0x0000000000000176       0x32 Drivers/STM32L0xx_HAL_Driver/Src/stm32l0xx_hal_lptim.o
 .ARM.attributes
                0x00000000000001a8       0x32 Drivers/STM32L0xx_HAL_Driver/Src/stm32l0xx_hal_pwr.o
 .ARM.attributes
                0x00000000000001da       0x32 Drivers/STM32L0xx_HAL_Driver/Src/stm32l0xx_hal_rcc.o
 .ARM.attributes
                0x000000000000020c       0x32 Drivers/STM32L0xx_HAL_Driver/Src/stm32l0xx_hal_rcc_ex.o
 .ARM.attributes
                0x000000000000023e       0x32 Drivers/STM32L0xx_HAL_Driver/Src/stm32l0xx_hal_rtc.o
 .ARM.attributes
                0x0000000000000270       0x32 Drivers/STM32L0xx_HAL_Driver/Src/stm32l0xx_hal_rtc_ex.o
 .ARM.attributes
                0x00000000000002a2       0x32 Drivers/STM32L0xx_HAL_Driver/Src/stm32l0xx_hal_tim.o
 .ARM.attributes
                0x00000000000002d4       0x32 Drivers/STM32L0xx_HAL_Driver/Src/stm32l0xx_hal_tim_ex.o
 .ARM.attributes
                0x0000000000000306       0x32 Drivers/STM32L0xx_HAL_Driver/Src/stm32l0xx_hal_uart.o
 .ARM.attributes
                0x0000000000000338       0x32 Src/FwSmConfig.o
 .ARM.attributes
                0x000000000000036a       0x32 Src/FwSmCore.o
 .ARM.attributes
                0x000000000000039c       0x32 Src/FwSmSCreate.o
 .ARM.attributes
                0x00000000000003ce       0x32 Src/MainFsm.o
 .ARM.attributes
                0x0000000000000400       0x32 Src/main.o
 .ARM.attributes
                0x0000000000000432       0x32 Src/stm32l0xx_hal_msp.o
 .ARM.attributes
                0x0000000000000464       0x32 Src/stm32l0xx_it.o
 .ARM.attributes
                0x0000000000000496       0x32 Src/system_stm32l0xx.o
 .ARM.attributes
                0x00000000000004c8       0x22 startup/startup_stm32l031xx.o
 .ARM.attributes
                0x00000000000004ea       0x1e /home/achim/Ac6/SystemWorkbench/plugins/fr.ac6.mcu.externaltools.arm-none.linux64_1.17.0.201812190825/tools/compiler/bin/../lib/gcc/arm-none-eabi/7.3.1/thumb/v6-m/libgcc.a(_udivsi3.o)
 .ARM.attributes
                0x0000000000000508       0x1e /home/achim/Ac6/SystemWorkbench/plugins/fr.ac6.mcu.externaltools.arm-none.linux64_1.17.0.201812190825/tools/compiler/bin/../lib/gcc/arm-none-eabi/7.3.1/thumb/v6-m/libgcc.a(_dvmd_tls.o)
 .ARM.attributes
                0x0000000000000526       0x1e /home/achim/Ac6/SystemWorkbench/plugins/fr.ac6.mcu.externaltools.arm-none.linux64_1.17.0.201812190825/tools/compiler/bin/../lib/gcc/arm-none-eabi/7.3.1/thumb/v6-m/libgcc.a(_arm_cmpsf2.o)
 .ARM.attributes
                0x0000000000000544       0x1e /home/achim/Ac6/SystemWorkbench/plugins/fr.ac6.mcu.externaltools.arm-none.linux64_1.17.0.201812190825/tools/compiler/bin/../lib/gcc/arm-none-eabi/7.3.1/thumb/v6-m/libgcc.a(_aeabi_uldivmod.o)
 .ARM.attributes
                0x0000000000000562       0x2c /home/achim/Ac6/SystemWorkbench/plugins/fr.ac6.mcu.externaltools.arm-none.linux64_1.17.0.201812190825/tools/compiler/bin/../lib/gcc/arm-none-eabi/7.3.1/thumb/v6-m/libgcc.a(_fixunssfsi.o)
 .ARM.attributes
                0x000000000000058e       0x2c /home/achim/Ac6/SystemWorkbench/plugins/fr.ac6.mcu.externaltools.arm-none.linux64_1.17.0.201812190825/tools/compiler/bin/../lib/gcc/arm-none-eabi/7.3.1/thumb/v6-m/libgcc.a(_udivmoddi4.o)
 .ARM.attributes
                0x00000000000005ba       0x2c /home/achim/Ac6/SystemWorkbench/plugins/fr.ac6.mcu.externaltools.arm-none.linux64_1.17.0.201812190825/tools/compiler/bin/../lib/gcc/arm-none-eabi/7.3.1/thumb/v6-m/libgcc.a(eqsf2.o)
 .ARM.attributes
                0x00000000000005e6       0x2c /home/achim/Ac6/SystemWorkbench/plugins/fr.ac6.mcu.externaltools.arm-none.linux64_1.17.0.201812190825/tools/compiler/bin/../lib/gcc/arm-none-eabi/7.3.1/thumb/v6-m/libgcc.a(gesf2.o)
 .ARM.attributes
                0x0000000000000612       0x2c /home/achim/Ac6/SystemWorkbench/plugins/fr.ac6.mcu.externaltools.arm-none.linux64_1.17.0.201812190825/tools/compiler/bin/../lib/gcc/arm-none-eabi/7.3.1/thumb/v6-m/libgcc.a(lesf2.o)
 .ARM.attributes
                0x000000000000063e       0x2c /home/achim/Ac6/SystemWorkbench/plugins/fr.ac6.mcu.externaltools.arm-none.linux64_1.17.0.201812190825/tools/compiler/bin/../lib/gcc/arm-none-eabi/7.3.1/thumb/v6-m/libgcc.a(subsf3.o)
 .ARM.attributes
                0x000000000000066a       0x2c /home/achim/Ac6/SystemWorkbench/plugins/fr.ac6.mcu.externaltools.arm-none.linux64_1.17.0.201812190825/tools/compiler/bin/../lib/gcc/arm-none-eabi/7.3.1/thumb/v6-m/libgcc.a(fixsfsi.o)
 .ARM.attributes
                0x0000000000000696       0x2c /home/achim/Ac6/SystemWorkbench/plugins/fr.ac6.mcu.externaltools.arm-none.linux64_1.17.0.201812190825/tools/compiler/bin/../lib/gcc/arm-none-eabi/7.3.1/thumb/v6-m/libgcc.a(floatunsisf.o)
 .ARM.attributes
                0x00000000000006c2       0x1e /home/achim/Ac6/SystemWorkbench/plugins/fr.ac6.mcu.externaltools.arm-none.linux64_1.17.0.201812190825/tools/compiler/bin/../lib/gcc/arm-none-eabi/7.3.1/thumb/v6-m/libgcc.a(_clzsi2.o)
 .ARM.attributes
                0x00000000000006e0       0x1e /home/achim/Ac6/SystemWorkbench/plugins/fr.ac6.mcu.externaltools.arm-none.linux64_1.17.0.201812190825/tools/compiler/bin/../lib/gcc/arm-none-eabi/7.3.1/thumb/v6-m/libgcc.a(_clzdi2.o)
 .ARM.attributes
                0x00000000000006fe       0x2c /home/achim/Ac6/SystemWorkbench/plugins/fr.ac6.mcu.externaltools.arm-none.linux64_1.17.0.201812190825/tools/compiler/bin/../lib/gcc/arm-none-eabi/7.3.1/../../../../arm-none-eabi/lib/thumb/v6-m/libc_nano.a(lib_a-impure.o)
 .ARM.attributes
                0x000000000000072a       0x2c /home/achim/Ac6/SystemWorkbench/plugins/fr.ac6.mcu.externaltools.arm-none.linux64_1.17.0.201812190825/tools/compiler/bin/../lib/gcc/arm-none-eabi/7.3.1/../../../../arm-none-eabi/lib/thumb/v6-m/libc_nano.a(lib_a-init.o)
 .ARM.attributes
                0x0000000000000756       0x2c /home/achim/Ac6/SystemWorkbench/plugins/fr.ac6.mcu.externaltools.arm-none.linux64_1.17.0.201812190825/tools/compiler/bin/../lib/gcc/arm-none-eabi/7.3.1/../../../../arm-none-eabi/lib/thumb/v6-m/libc_nano.a(lib_a-memset.o)
 .ARM.attributes
                0x0000000000000782       0x2c /home/achim/Ac6/SystemWorkbench/plugins/fr.ac6.mcu.externaltools.arm-none.linux64_1.17.0.201812190825/tools/compiler/bin/../lib/gcc/arm-none-eabi/7.3.1/../../../../arm-none-eabi/lib/thumb/v6-m/libc_nano.a(lib_a-nano-freer.o)
 .ARM.attributes
                0x00000000000007ae       0x2c /home/achim/Ac6/SystemWorkbench/plugins/fr.ac6.mcu.externaltools.arm-none.linux64_1.17.0.201812190825/tools/compiler/bin/../lib/gcc/arm-none-eabi/7.3.1/../../../../arm-none-eabi/lib/thumb/v6-m/libc_nano.a(lib_a-nano-mallocr.o)
 .ARM.attributes
                0x00000000000007da       0x2c /home/achim/Ac6/SystemWorkbench/plugins/fr.ac6.mcu.externaltools.arm-none.linux64_1.17.0.201812190825/tools/compiler/bin/../lib/gcc/arm-none-eabi/7.3.1/../../../../arm-none-eabi/lib/thumb/v6-m/libc_nano.a(lib_a-puts.o)
 .ARM.attributes
                0x0000000000000806       0x2c /home/achim/Ac6/SystemWorkbench/plugins/fr.ac6.mcu.externaltools.arm-none.linux64_1.17.0.201812190825/tools/compiler/bin/../lib/gcc/arm-none-eabi/7.3.1/../../../../arm-none-eabi/lib/thumb/v6-m/libc_nano.a(lib_a-sbrkr.o)
 .ARM.attributes
                0x0000000000000832       0x2c /home/achim/Ac6/SystemWorkbench/plugins/fr.ac6.mcu.externaltools.arm-none.linux64_1.17.0.201812190825/tools/compiler/bin/../lib/gcc/arm-none-eabi/7.3.1/../../../../arm-none-eabi/lib/thumb/v6-m/libc_nano.a(lib_a-wbuf.o)
 .ARM.attributes
                0x000000000000085e       0x2c /home/achim/Ac6/SystemWorkbench/plugins/fr.ac6.mcu.externaltools.arm-none.linux64_1.17.0.201812190825/tools/compiler/bin/../lib/gcc/arm-none-eabi/7.3.1/../../../../arm-none-eabi/lib/thumb/v6-m/libc_nano.a(lib_a-wsetup.o)
 .ARM.attributes
                0x000000000000088a       0x2c /home/achim/Ac6/SystemWorkbench/plugins/fr.ac6.mcu.externaltools.arm-none.linux64_1.17.0.201812190825/tools/compiler/bin/../lib/gcc/arm-none-eabi/7.3.1/../../../../arm-none-eabi/lib/thumb/v6-m/libc_nano.a(lib_a-fflush.o)
 .ARM.attributes
                0x00000000000008b6       0x2c /home/achim/Ac6/SystemWorkbench/plugins/fr.ac6.mcu.externaltools.arm-none.linux64_1.17.0.201812190825/tools/compiler/bin/../lib/gcc/arm-none-eabi/7.3.1/../../../../arm-none-eabi/lib/thumb/v6-m/libc_nano.a(lib_a-findfp.o)
 .ARM.attributes
                0x00000000000008e2       0x2c /home/achim/Ac6/SystemWorkbench/plugins/fr.ac6.mcu.externaltools.arm-none.linux64_1.17.0.201812190825/tools/compiler/bin/../lib/gcc/arm-none-eabi/7.3.1/../../../../arm-none-eabi/lib/thumb/v6-m/libc_nano.a(lib_a-fwalk.o)
 .ARM.attributes
                0x000000000000090e       0x2c /home/achim/Ac6/SystemWorkbench/plugins/fr.ac6.mcu.externaltools.arm-none.linux64_1.17.0.201812190825/tools/compiler/bin/../lib/gcc/arm-none-eabi/7.3.1/../../../../arm-none-eabi/lib/thumb/v6-m/libc_nano.a(lib_a-makebuf.o)
 .ARM.attributes
                0x000000000000093a       0x2c /home/achim/Ac6/SystemWorkbench/plugins/fr.ac6.mcu.externaltools.arm-none.linux64_1.17.0.201812190825/tools/compiler/bin/../lib/gcc/arm-none-eabi/7.3.1/../../../../arm-none-eabi/lib/thumb/v6-m/libc_nano.a(lib_a-mlock.o)
 .ARM.attributes
                0x0000000000000966       0x2c /home/achim/Ac6/SystemWorkbench/plugins/fr.ac6.mcu.externaltools.arm-none.linux64_1.17.0.201812190825/tools/compiler/bin/../lib/gcc/arm-none-eabi/7.3.1/../../../../arm-none-eabi/lib/thumb/v6-m/libc_nano.a(lib_a-reent.o)
 .ARM.attributes
                0x0000000000000992       0x2c /home/achim/Ac6/SystemWorkbench/plugins/fr.ac6.mcu.externaltools.arm-none.linux64_1.17.0.201812190825/tools/compiler/bin/../lib/gcc/arm-none-eabi/7.3.1/../../../../arm-none-eabi/lib/thumb/v6-m/libc_nano.a(lib_a-stdio.o)
 .ARM.attributes
                0x00000000000009be       0x2c /home/achim/Ac6/SystemWorkbench/plugins/fr.ac6.mcu.externaltools.arm-none.linux64_1.17.0.201812190825/tools/compiler/bin/../lib/gcc/arm-none-eabi/7.3.1/../../../../arm-none-eabi/lib/thumb/v6-m/libc_nano.a(lib_a-writer.o)
 .ARM.attributes
                0x00000000000009ea       0x2c /home/achim/Ac6/SystemWorkbench/plugins/fr.ac6.mcu.externaltools.arm-none.linux64_1.17.0.201812190825/tools/compiler/bin/../lib/gcc/arm-none-eabi/7.3.1/../../../../arm-none-eabi/lib/thumb/v6-m/libc_nano.a(lib_a-closer.o)
 .ARM.attributes
                0x0000000000000a16       0x2c /home/achim/Ac6/SystemWorkbench/plugins/fr.ac6.mcu.externaltools.arm-none.linux64_1.17.0.201812190825/tools/compiler/bin/../lib/gcc/arm-none-eabi/7.3.1/../../../../arm-none-eabi/lib/thumb/v6-m/libc_nano.a(lib_a-fstatr.o)
 .ARM.attributes
                0x0000000000000a42       0x2c /home/achim/Ac6/SystemWorkbench/plugins/fr.ac6.mcu.externaltools.arm-none.linux64_1.17.0.201812190825/tools/compiler/bin/../lib/gcc/arm-none-eabi/7.3.1/../../../../arm-none-eabi/lib/thumb/v6-m/libc_nano.a(lib_a-isattyr.o)
 .ARM.attributes
                0x0000000000000a6e       0x2c /home/achim/Ac6/SystemWorkbench/plugins/fr.ac6.mcu.externaltools.arm-none.linux64_1.17.0.201812190825/tools/compiler/bin/../lib/gcc/arm-none-eabi/7.3.1/../../../../arm-none-eabi/lib/thumb/v6-m/libc_nano.a(lib_a-lseekr.o)
 .ARM.attributes
                0x0000000000000a9a       0x2c /home/achim/Ac6/SystemWorkbench/plugins/fr.ac6.mcu.externaltools.arm-none.linux64_1.17.0.201812190825/tools/compiler/bin/../lib/gcc/arm-none-eabi/7.3.1/../../../../arm-none-eabi/lib/thumb/v6-m/libc_nano.a(lib_a-readr.o)
 .ARM.attributes
                0x0000000000000ac6       0x2c /home/achim/Ac6/SystemWorkbench/plugins/fr.ac6.mcu.externaltools.arm-none.linux64_1.17.0.201812190825/tools/compiler/bin/../lib/gcc/arm-none-eabi/7.3.1/../../../../arm-none-eabi/lib/thumb/v6-m/libnosys.a(close.o)
 .ARM.attributes
                0x0000000000000af2       0x2c /home/achim/Ac6/SystemWorkbench/plugins/fr.ac6.mcu.externaltools.arm-none.linux64_1.17.0.201812190825/tools/compiler/bin/../lib/gcc/arm-none-eabi/7.3.1/../../../../arm-none-eabi/lib/thumb/v6-m/libnosys.a(fstat.o)
 .ARM.attributes
                0x0000000000000b1e       0x2c /home/achim/Ac6/SystemWorkbench/plugins/fr.ac6.mcu.externaltools.arm-none.linux64_1.17.0.201812190825/tools/compiler/bin/../lib/gcc/arm-none-eabi/7.3.1/../../../../arm-none-eabi/lib/thumb/v6-m/libnosys.a(isatty.o)
 .ARM.attributes
                0x0000000000000b4a       0x2c /home/achim/Ac6/SystemWorkbench/plugins/fr.ac6.mcu.externaltools.arm-none.linux64_1.17.0.201812190825/tools/compiler/bin/../lib/gcc/arm-none-eabi/7.3.1/../../../../arm-none-eabi/lib/thumb/v6-m/libnosys.a(lseek.o)
 .ARM.attributes
                0x0000000000000b76       0x2c /home/achim/Ac6/SystemWorkbench/plugins/fr.ac6.mcu.externaltools.arm-none.linux64_1.17.0.201812190825/tools/compiler/bin/../lib/gcc/arm-none-eabi/7.3.1/../../../../arm-none-eabi/lib/thumb/v6-m/libnosys.a(read.o)
 .ARM.attributes
                0x0000000000000ba2       0x2c /home/achim/Ac6/SystemWorkbench/plugins/fr.ac6.mcu.externaltools.arm-none.linux64_1.17.0.201812190825/tools/compiler/bin/../lib/gcc/arm-none-eabi/7.3.1/../../../../arm-none-eabi/lib/thumb/v6-m/libnosys.a(sbrk.o)
 .ARM.attributes
                0x0000000000000bce       0x2c /home/achim/Ac6/SystemWorkbench/plugins/fr.ac6.mcu.externaltools.arm-none.linux64_1.17.0.201812190825/tools/compiler/bin/../lib/gcc/arm-none-eabi/7.3.1/../../../../arm-none-eabi/lib/thumb/v6-m/libnosys.a(write.o)
 .ARM.attributes
                0x0000000000000bfa       0x1e /home/achim/Ac6/SystemWorkbench/plugins/fr.ac6.mcu.externaltools.arm-none.linux64_1.17.0.201812190825/tools/compiler/bin/../lib/gcc/arm-none-eabi/7.3.1/thumb/v6-m/crtn.o
OUTPUT(2019-01-10-pflamiku_3er_fwfsm.elf elf32-littlearm)

.debug_info     0x0000000000000000    0x17c09
 .debug_info    0x0000000000000000      0x7f1 Drivers/STM32L0xx_HAL_Driver/Src/stm32l0xx_hal.o
 .debug_info    0x00000000000007f1      0xf2c Drivers/STM32L0xx_HAL_Driver/Src/stm32l0xx_hal_adc.o
 .debug_info    0x000000000000171d      0x7b9 Drivers/STM32L0xx_HAL_Driver/Src/stm32l0xx_hal_cortex.o
 .debug_info    0x0000000000001ed6      0x817 Drivers/STM32L0xx_HAL_Driver/Src/stm32l0xx_hal_dma.o
 .debug_info    0x00000000000026ed      0x6cb Drivers/STM32L0xx_HAL_Driver/Src/stm32l0xx_hal_gpio.o
 .debug_info    0x0000000000002db8      0x2b2 Drivers/STM32L0xx_HAL_Driver/Src/stm32l0xx_hal_iwdg.o
 .debug_info    0x000000000000306a      0xf65 Drivers/STM32L0xx_HAL_Driver/Src/stm32l0xx_hal_lptim.o
 .debug_info    0x0000000000003fcf      0x670 Drivers/STM32L0xx_HAL_Driver/Src/stm32l0xx_hal_pwr.o
 .debug_info    0x000000000000463f      0xb6c Drivers/STM32L0xx_HAL_Driver/Src/stm32l0xx_hal_rcc.o
 .debug_info    0x00000000000051ab      0x56e Drivers/STM32L0xx_HAL_Driver/Src/stm32l0xx_hal_rcc_ex.o
 .debug_info    0x0000000000005719      0xd7b Drivers/STM32L0xx_HAL_Driver/Src/stm32l0xx_hal_rtc.o
 .debug_info    0x0000000000006494      0xff3 Drivers/STM32L0xx_HAL_Driver/Src/stm32l0xx_hal_rtc_ex.o
 .debug_info    0x0000000000007487     0x3009 Drivers/STM32L0xx_HAL_Driver/Src/stm32l0xx_hal_tim.o
 .debug_info    0x000000000000a490      0x68b Drivers/STM32L0xx_HAL_Driver/Src/stm32l0xx_hal_tim_ex.o
 .debug_info    0x000000000000ab1b     0x1b21 Drivers/STM32L0xx_HAL_Driver/Src/stm32l0xx_hal_uart.o
 .debug_info    0x000000000000c63c     0x1480 Src/FwSmConfig.o
 .debug_info    0x000000000000dabc     0x1046 Src/FwSmCore.o
 .debug_info    0x000000000000eb02      0xc66 Src/FwSmSCreate.o
 .debug_info    0x000000000000f768     0x2469 Src/MainFsm.o
 .debug_info    0x0000000000011bd1     0x3b71 Src/main.o
 .debug_info    0x0000000000015742     0x1758 Src/stm32l0xx_hal_msp.o
 .debug_info    0x0000000000016e9a      0x9b8 Src/stm32l0xx_it.o
 .debug_info    0x0000000000017852      0x395 Src/system_stm32l0xx.o
 .debug_info    0x0000000000017be7       0x22 startup/startup_stm32l031xx.o

.debug_abbrev   0x0000000000000000     0x3145
 .debug_abbrev  0x0000000000000000      0x236 Drivers/STM32L0xx_HAL_Driver/Src/stm32l0xx_hal.o
 .debug_abbrev  0x0000000000000236      0x22b Drivers/STM32L0xx_HAL_Driver/Src/stm32l0xx_hal_adc.o
 .debug_abbrev  0x0000000000000461      0x227 Drivers/STM32L0xx_HAL_Driver/Src/stm32l0xx_hal_cortex.o
 .debug_abbrev  0x0000000000000688      0x1fb Drivers/STM32L0xx_HAL_Driver/Src/stm32l0xx_hal_dma.o
 .debug_abbrev  0x0000000000000883      0x1cf Drivers/STM32L0xx_HAL_Driver/Src/stm32l0xx_hal_gpio.o
 .debug_abbrev  0x0000000000000a52      0x152 Drivers/STM32L0xx_HAL_Driver/Src/stm32l0xx_hal_iwdg.o
 .debug_abbrev  0x0000000000000ba4      0x206 Drivers/STM32L0xx_HAL_Driver/Src/stm32l0xx_hal_lptim.o
 .debug_abbrev  0x0000000000000daa      0x1ab Drivers/STM32L0xx_HAL_Driver/Src/stm32l0xx_hal_pwr.o
 .debug_abbrev  0x0000000000000f55      0x27b Drivers/STM32L0xx_HAL_Driver/Src/stm32l0xx_hal_rcc.o
 .debug_abbrev  0x00000000000011d0      0x1e3 Drivers/STM32L0xx_HAL_Driver/Src/stm32l0xx_hal_rcc_ex.o
 .debug_abbrev  0x00000000000013b3      0x1ee Drivers/STM32L0xx_HAL_Driver/Src/stm32l0xx_hal_rtc.o
 .debug_abbrev  0x00000000000015a1      0x1ee Drivers/STM32L0xx_HAL_Driver/Src/stm32l0xx_hal_rtc_ex.o
 .debug_abbrev  0x000000000000178f      0x224 Drivers/STM32L0xx_HAL_Driver/Src/stm32l0xx_hal_tim.o
 .debug_abbrev  0x00000000000019b3      0x1ab Drivers/STM32L0xx_HAL_Driver/Src/stm32l0xx_hal_tim_ex.o
 .debug_abbrev  0x0000000000001b5e      0x25c Drivers/STM32L0xx_HAL_Driver/Src/stm32l0xx_hal_uart.o
 .debug_abbrev  0x0000000000001dba      0x327 Src/FwSmConfig.o
 .debug_abbrev  0x00000000000020e1      0x2d1 Src/FwSmCore.o
 .debug_abbrev  0x00000000000023b2      0x20b Src/FwSmSCreate.o
 .debug_abbrev  0x00000000000025bd      0x2b2 Src/MainFsm.o
 .debug_abbrev  0x000000000000286f      0x40f Src/main.o
 .debug_abbrev  0x0000000000002c7e      0x22e Src/stm32l0xx_hal_msp.o
 .debug_abbrev  0x0000000000002eac      0x176 Src/stm32l0xx_it.o
 .debug_abbrev  0x0000000000003022      0x111 Src/system_stm32l0xx.o
 .debug_abbrev  0x0000000000003133       0x12 startup/startup_stm32l031xx.o

.debug_loc      0x0000000000000000     0xbd2b
 .debug_loc     0x0000000000000000      0x12c Drivers/STM32L0xx_HAL_Driver/Src/stm32l0xx_hal.o
 .debug_loc     0x000000000000012c      0xbbe Drivers/STM32L0xx_HAL_Driver/Src/stm32l0xx_hal_adc.o
 .debug_loc     0x0000000000000cea      0x393 Drivers/STM32L0xx_HAL_Driver/Src/stm32l0xx_hal_cortex.o
 .debug_loc     0x000000000000107d      0x7a6 Drivers/STM32L0xx_HAL_Driver/Src/stm32l0xx_hal_dma.o
 .debug_loc     0x0000000000001823      0x2d1 Drivers/STM32L0xx_HAL_Driver/Src/stm32l0xx_hal_gpio.o
 .debug_loc     0x0000000000001af4       0x76 Drivers/STM32L0xx_HAL_Driver/Src/stm32l0xx_hal_iwdg.o
 .debug_loc     0x0000000000001b6a      0x99d Drivers/STM32L0xx_HAL_Driver/Src/stm32l0xx_hal_lptim.o
 .debug_loc     0x0000000000002507      0x101 Drivers/STM32L0xx_HAL_Driver/Src/stm32l0xx_hal_pwr.o
 .debug_loc     0x0000000000002608      0x576 Drivers/STM32L0xx_HAL_Driver/Src/stm32l0xx_hal_rcc.o
 .debug_loc     0x0000000000002b7e      0x614 Drivers/STM32L0xx_HAL_Driver/Src/stm32l0xx_hal_rcc_ex.o
 .debug_loc     0x0000000000003192      0x9db Drivers/STM32L0xx_HAL_Driver/Src/stm32l0xx_hal_rtc.o
 .debug_loc     0x0000000000003b6d      0xdbc Drivers/STM32L0xx_HAL_Driver/Src/stm32l0xx_hal_rtc_ex.o
 .debug_loc     0x0000000000004929     0x3939 Drivers/STM32L0xx_HAL_Driver/Src/stm32l0xx_hal_tim.o
 .debug_loc     0x0000000000008262       0xc7 Drivers/STM32L0xx_HAL_Driver/Src/stm32l0xx_hal_tim_ex.o
 .debug_loc     0x0000000000008329     0x1ae0 Drivers/STM32L0xx_HAL_Driver/Src/stm32l0xx_hal_uart.o
 .debug_loc     0x0000000000009e09      0xc2f Src/FwSmConfig.o
 .debug_loc     0x000000000000aa38      0x565 Src/FwSmCore.o
 .debug_loc     0x000000000000af9d      0x121 Src/FwSmSCreate.o
 .debug_loc     0x000000000000b0be      0x56f Src/MainFsm.o
 .debug_loc     0x000000000000b62d      0x309 Src/main.o
 .debug_loc     0x000000000000b936      0x217 Src/stm32l0xx_hal_msp.o
 .debug_loc     0x000000000000bb4d      0x1de Src/system_stm32l0xx.o

.debug_aranges  0x0000000000000000     0x12a0
 .debug_aranges
                0x0000000000000000       0xf8 Drivers/STM32L0xx_HAL_Driver/Src/stm32l0xx_hal.o
 .debug_aranges
                0x00000000000000f8      0x100 Drivers/STM32L0xx_HAL_Driver/Src/stm32l0xx_hal_adc.o
 .debug_aranges
                0x00000000000001f8       0x78 Drivers/STM32L0xx_HAL_Driver/Src/stm32l0xx_hal_cortex.o
 .debug_aranges
                0x0000000000000270       0x80 Drivers/STM32L0xx_HAL_Driver/Src/stm32l0xx_hal_dma.o
 .debug_aranges
                0x00000000000002f0       0x58 Drivers/STM32L0xx_HAL_Driver/Src/stm32l0xx_hal_gpio.o
 .debug_aranges
                0x0000000000000348       0x28 Drivers/STM32L0xx_HAL_Driver/Src/stm32l0xx_hal_iwdg.o
 .debug_aranges
                0x0000000000000370      0x160 Drivers/STM32L0xx_HAL_Driver/Src/stm32l0xx_hal_lptim.o
 .debug_aranges
                0x00000000000004d0       0xa0 Drivers/STM32L0xx_HAL_Driver/Src/stm32l0xx_hal_pwr.o
 .debug_aranges
                0x0000000000000570       0x80 Drivers/STM32L0xx_HAL_Driver/Src/stm32l0xx_hal_rcc.o
 .debug_aranges
                0x00000000000005f0       0x58 Drivers/STM32L0xx_HAL_Driver/Src/stm32l0xx_hal_rcc_ex.o
 .debug_aranges
                0x0000000000000648       0xb8 Drivers/STM32L0xx_HAL_Driver/Src/stm32l0xx_hal_rtc.o
 .debug_aranges
                0x0000000000000700      0x130 Drivers/STM32L0xx_HAL_Driver/Src/stm32l0xx_hal_rtc_ex.o
 .debug_aranges
                0x0000000000000830      0x3a8 Drivers/STM32L0xx_HAL_Driver/Src/stm32l0xx_hal_tim.o
 .debug_aranges
                0x0000000000000bd8       0x28 Drivers/STM32L0xx_HAL_Driver/Src/stm32l0xx_hal_tim_ex.o
 .debug_aranges
                0x0000000000000c00      0x1f8 Drivers/STM32L0xx_HAL_Driver/Src/stm32l0xx_hal_uart.o
 .debug_aranges
                0x0000000000000df8       0xb0 Src/FwSmConfig.o
 .debug_aranges
                0x0000000000000ea8       0x90 Src/FwSmCore.o
 .debug_aranges
                0x0000000000000f38       0x28 Src/FwSmSCreate.o
 .debug_aranges
                0x0000000000000f60      0x118 Src/MainFsm.o
 .debug_aranges
                0x0000000000001078      0x128 Src/main.o
 .debug_aranges
                0x00000000000011a0       0x78 Src/stm32l0xx_hal_msp.o
 .debug_aranges
                0x0000000000001218       0x38 Src/stm32l0xx_it.o
 .debug_aranges
                0x0000000000001250       0x28 Src/system_stm32l0xx.o
 .debug_aranges
                0x0000000000001278       0x28 startup/startup_stm32l031xx.o

.debug_ranges   0x0000000000000000     0x11e8
 .debug_ranges  0x0000000000000000       0xe8 Drivers/STM32L0xx_HAL_Driver/Src/stm32l0xx_hal.o
 .debug_ranges  0x00000000000000e8       0xf0 Drivers/STM32L0xx_HAL_Driver/Src/stm32l0xx_hal_adc.o
 .debug_ranges  0x00000000000001d8       0xb0 Drivers/STM32L0xx_HAL_Driver/Src/stm32l0xx_hal_cortex.o
 .debug_ranges  0x0000000000000288       0x70 Drivers/STM32L0xx_HAL_Driver/Src/stm32l0xx_hal_dma.o
 .debug_ranges  0x00000000000002f8       0x48 Drivers/STM32L0xx_HAL_Driver/Src/stm32l0xx_hal_gpio.o
 .debug_ranges  0x0000000000000340       0x18 Drivers/STM32L0xx_HAL_Driver/Src/stm32l0xx_hal_iwdg.o
 .debug_ranges  0x0000000000000358      0x150 Drivers/STM32L0xx_HAL_Driver/Src/stm32l0xx_hal_lptim.o
 .debug_ranges  0x00000000000004a8       0x90 Drivers/STM32L0xx_HAL_Driver/Src/stm32l0xx_hal_pwr.o
 .debug_ranges  0x0000000000000538       0xa0 Drivers/STM32L0xx_HAL_Driver/Src/stm32l0xx_hal_rcc.o
 .debug_ranges  0x00000000000005d8       0x60 Drivers/STM32L0xx_HAL_Driver/Src/stm32l0xx_hal_rcc_ex.o
 .debug_ranges  0x0000000000000638       0xa8 Drivers/STM32L0xx_HAL_Driver/Src/stm32l0xx_hal_rtc.o
 .debug_ranges  0x00000000000006e0      0x120 Drivers/STM32L0xx_HAL_Driver/Src/stm32l0xx_hal_rtc_ex.o
 .debug_ranges  0x0000000000000800      0x398 Drivers/STM32L0xx_HAL_Driver/Src/stm32l0xx_hal_tim.o
 .debug_ranges  0x0000000000000b98       0x18 Drivers/STM32L0xx_HAL_Driver/Src/stm32l0xx_hal_tim_ex.o
 .debug_ranges  0x0000000000000bb0      0x1e8 Drivers/STM32L0xx_HAL_Driver/Src/stm32l0xx_hal_uart.o
 .debug_ranges  0x0000000000000d98       0xa0 Src/FwSmConfig.o
 .debug_ranges  0x0000000000000e38       0x80 Src/FwSmCore.o
 .debug_ranges  0x0000000000000eb8       0x18 Src/FwSmSCreate.o
 .debug_ranges  0x0000000000000ed0      0x108 Src/MainFsm.o
 .debug_ranges  0x0000000000000fd8      0x148 Src/main.o
 .debug_ranges  0x0000000000001120       0x68 Src/stm32l0xx_hal_msp.o
 .debug_ranges  0x0000000000001188       0x28 Src/stm32l0xx_it.o
 .debug_ranges  0x00000000000011b0       0x18 Src/system_stm32l0xx.o
 .debug_ranges  0x00000000000011c8       0x20 startup/startup_stm32l031xx.o

.debug_macro    0x0000000000000000    0x133f6
 .debug_macro   0x0000000000000000      0x21d Drivers/STM32L0xx_HAL_Driver/Src/stm32l0xx_hal.o
 .debug_macro   0x000000000000021d      0xa4e Drivers/STM32L0xx_HAL_Driver/Src/stm32l0xx_hal.o
 .debug_macro   0x0000000000000c6b       0xbb Drivers/STM32L0xx_HAL_Driver/Src/stm32l0xx_hal.o